Archive member included to satisfy reference by file (symbol)

C:\Users\albytest\STM32Cube\Repository\STM32Cube_FW_H7_V1.7.0\Drivers\CMSIS/Lib/GCC\libarm_cortexM7lfsp_math.a(arm_const_structs.o)
                              Core/Src/SDR_func.o (arm_cfft_sR_f32_len1024)
C:\Users\albytest\STM32Cube\Repository\STM32Cube_FW_H7_V1.7.0\Drivers\CMSIS/Lib/GCC\libarm_cortexM7lfsp_math.a(arm_common_tables.o)
                              C:\Users\albytest\STM32Cube\Repository\STM32Cube_FW_H7_V1.7.0\Drivers\CMSIS/Lib/GCC\libarm_cortexM7lfsp_math.a(arm_const_structs.o) (twiddleCoef_rfft_4096)
C:\Users\albytest\STM32Cube\Repository\STM32Cube_FW_H7_V1.7.0\Drivers\CMSIS/Lib/GCC\libarm_cortexM7lfsp_math.a(arm_cfft_f32.o)
                              Core/Src/SDR_func.o (arm_cfft_f32)
C:\Users\albytest\STM32Cube\Repository\STM32Cube_FW_H7_V1.7.0\Drivers\CMSIS/Lib/GCC\libarm_cortexM7lfsp_math.a(arm_rfft_init_q31.o)
                              C:\Users\albytest\STM32Cube\Repository\STM32Cube_FW_H7_V1.7.0\Drivers\CMSIS/Lib/GCC\libarm_cortexM7lfsp_math.a(arm_const_structs.o) (realCoefBQ31)
C:\Users\albytest\STM32Cube\Repository\STM32Cube_FW_H7_V1.7.0\Drivers\CMSIS/Lib/GCC\libarm_cortexM7lfsp_math.a(arm_rfft_init_q15.o)
                              C:\Users\albytest\STM32Cube\Repository\STM32Cube_FW_H7_V1.7.0\Drivers\CMSIS/Lib/GCC\libarm_cortexM7lfsp_math.a(arm_const_structs.o) (realCoefBQ15)
C:\Users\albytest\STM32Cube\Repository\STM32Cube_FW_H7_V1.7.0\Drivers\CMSIS/Lib/GCC\libarm_cortexM7lfsp_math.a(arm_fir_decimate_init_f32.o)
                              Core/Src/main.o (arm_fir_decimate_init_f32)
C:\Users\albytest\STM32Cube\Repository\STM32Cube_FW_H7_V1.7.0\Drivers\CMSIS/Lib/GCC\libarm_cortexM7lfsp_math.a(arm_fir_decimate_f32.o)
                              Core/Src/SDR_func.o (arm_fir_decimate_f32)
C:\Users\albytest\STM32Cube\Repository\STM32Cube_FW_H7_V1.7.0\Drivers\CMSIS/Lib/GCC\libarm_cortexM7lfsp_math.a(arm_cmplx_mult_cmplx_f32.o)
                              Core/Src/SDR_func.o (arm_cmplx_mult_cmplx_f32)
C:\Users\albytest\STM32Cube\Repository\STM32Cube_FW_H7_V1.7.0\Drivers\CMSIS/Lib/GCC\libarm_cortexM7lfsp_math.a(arm_bitreversal2.o)
                              C:\Users\albytest\STM32Cube\Repository\STM32Cube_FW_H7_V1.7.0\Drivers\CMSIS/Lib/GCC\libarm_cortexM7lfsp_math.a(arm_cfft_f32.o) (arm_bitreversal_32)
C:\Users\albytest\STM32Cube\Repository\STM32Cube_FW_H7_V1.7.0\Drivers\CMSIS/Lib/GCC\libarm_cortexM7lfsp_math.a(arm_cfft_radix8_f32.o)
                              C:\Users\albytest\STM32Cube\Repository\STM32Cube_FW_H7_V1.7.0\Drivers\CMSIS/Lib/GCC\libarm_cortexM7lfsp_math.a(arm_cfft_f32.o) (arm_radix8_butterfly_f32)
c:/st/stm32cubeide_1.3.0/stm32cubeide/plugins/com.st.stm32cube.ide.mcu.externaltools.gnu-tools-for-stm32.7-2018-q2-update.win32_1.0.0.201904181610/tools/bin/../lib/gcc/arm-none-eabi/7.3.1/../../../../arm-none-eabi/lib/thumb/v7e-m/fpv5/hard\libc_nano.a(lib_a-errno.o)
                              Core/Src/syscalls.o (__errno)
c:/st/stm32cubeide_1.3.0/stm32cubeide/plugins/com.st.stm32cube.ide.mcu.externaltools.gnu-tools-for-stm32.7-2018-q2-update.win32_1.0.0.201904181610/tools/bin/../lib/gcc/arm-none-eabi/7.3.1/../../../../arm-none-eabi/lib/thumb/v7e-m/fpv5/hard\libc_nano.a(lib_a-exit.o)
                              c:/st/stm32cubeide_1.3.0/stm32cubeide/plugins/com.st.stm32cube.ide.mcu.externaltools.gnu-tools-for-stm32.7-2018-q2-update.win32_1.0.0.201904181610/tools/bin/../lib/gcc/arm-none-eabi/7.3.1/../../../../arm-none-eabi/lib/thumb/v7e-m/fpv5/hard/crt0.o (exit)
c:/st/stm32cubeide_1.3.0/stm32cubeide/plugins/com.st.stm32cube.ide.mcu.externaltools.gnu-tools-for-stm32.7-2018-q2-update.win32_1.0.0.201904181610/tools/bin/../lib/gcc/arm-none-eabi/7.3.1/../../../../arm-none-eabi/lib/thumb/v7e-m/fpv5/hard\libc_nano.a(lib_a-impure.o)
                              c:/st/stm32cubeide_1.3.0/stm32cubeide/plugins/com.st.stm32cube.ide.mcu.externaltools.gnu-tools-for-stm32.7-2018-q2-update.win32_1.0.0.201904181610/tools/bin/../lib/gcc/arm-none-eabi/7.3.1/../../../../arm-none-eabi/lib/thumb/v7e-m/fpv5/hard\libc_nano.a(lib_a-exit.o) (_global_impure_ptr)
c:/st/stm32cubeide_1.3.0/stm32cubeide/plugins/com.st.stm32cube.ide.mcu.externaltools.gnu-tools-for-stm32.7-2018-q2-update.win32_1.0.0.201904181610/tools/bin/../lib/gcc/arm-none-eabi/7.3.1/../../../../arm-none-eabi/lib/thumb/v7e-m/fpv5/hard\libc_nano.a(lib_a-init.o)
                              c:/st/stm32cubeide_1.3.0/stm32cubeide/plugins/com.st.stm32cube.ide.mcu.externaltools.gnu-tools-for-stm32.7-2018-q2-update.win32_1.0.0.201904181610/tools/bin/../lib/gcc/arm-none-eabi/7.3.1/../../../../arm-none-eabi/lib/thumb/v7e-m/fpv5/hard/crt0.o (__libc_init_array)
c:/st/stm32cubeide_1.3.0/stm32cubeide/plugins/com.st.stm32cube.ide.mcu.externaltools.gnu-tools-for-stm32.7-2018-q2-update.win32_1.0.0.201904181610/tools/bin/../lib/gcc/arm-none-eabi/7.3.1/../../../../arm-none-eabi/lib/thumb/v7e-m/fpv5/hard\libc_nano.a(lib_a-memset.o)
[...]
Memory Configuration

Name             Origin             Length             Attributes
DTCMRAM          0x0000000020000000 0x0000000000020000 xrw
ITCMRAM          0x0000000000000000 0x0000000000010000 xrw
RAM_D1           0x0000000024000000 0x0000000000080000 xrw
RAM_D2           0x0000000030000000 0x0000000000048000 xrw
RAM_D3           0x0000000038000000 0x0000000000010000 xrw
FLASH            0x0000000008000000 0x0000000000200000 xr
*default*        0x0000000000000000 0xffffffffffffffff

Linker script and memory map

LOAD c:/st/stm32cubeide_1.3.0/stm32cubeide/plugins/com.st.stm32cube.ide.mcu.externaltools.gnu-tools-for-stm32.7-2018-q2-update.win32_1.0.0.201904181610/tools/bin/../lib/gcc/arm-none-eabi/7.3.1/thumb/v7e-m/fpv5/hard/crti.o
LOAD c:/st/stm32cubeide_1.3.0/stm32cubeide/plugins/com.st.stm32cube.ide.mcu.externaltools.gnu-tools-for-stm32.7-2018-q2-update.win32_1.0.0.201904181610/tools/bin/../lib/gcc/arm-none-eabi/7.3.1/thumb/v7e-m/fpv5/hard/crtbegin.o
LOAD c:/st/stm32cubeide_1.3.0/stm32cubeide/plugins/com.st.stm32cube.ide.mcu.externaltools.gnu-tools-for-stm32.7-2018-q2-update.win32_1.0.0.201904181610/tools/bin/../lib/gcc/arm-none-eabi/7.3.1/../../../../arm-none-eabi/lib/thumb/v7e-m/fpv5/hard/crt0.o
LOAD Core/Src/SDR_func.o
LOAD Core/Src/SDR_math.o
LOAD Core/Src/main.o
LOAD Core/Src/stm32h7xx_hal_msp.o
LOAD Core/Src/stm32h7xx_it.o
LOAD Core/Src/syscalls.o
LOAD Core/Src/sysmem.o
LOAD Core/Src/system_stm32h7xx.o
LOAD Core/Startup/startup_stm32h743zitx.o
LOAD Drivers/STM32H7xx_HAL_Driver/Src/stm32h7xx_hal.o
LOAD Drivers/STM32H7xx_HAL_Driver/Src/stm32h7xx_hal_adc.o
LOAD Drivers/STM32H7xx_HAL_Driver/Src/stm32h7xx_hal_adc_ex.o
LOAD Drivers/STM32H7xx_HAL_Driver/Src/stm32h7xx_hal_cortex.o
LOAD Drivers/STM32H7xx_HAL_Driver/Src/stm32h7xx_hal_dac.o
LOAD Drivers/STM32H7xx_HAL_Driver/Src/stm32h7xx_hal_dac_ex.o
LOAD Drivers/STM32H7xx_HAL_Driver/Src/stm32h7xx_hal_dma.o
LOAD Drivers/STM32H7xx_HAL_Driver/Src/stm32h7xx_hal_dma_ex.o
LOAD Drivers/STM32H7xx_HAL_Driver/Src/stm32h7xx_hal_exti.o
LOAD Drivers/STM32H7xx_HAL_Driver/Src/stm32h7xx_hal_flash.o
LOAD Drivers/STM32H7xx_HAL_Driver/Src/stm32h7xx_hal_flash_ex.o
LOAD Drivers/STM32H7xx_HAL_Driver/Src/stm32h7xx_hal_gpio.o
LOAD Drivers/STM32H7xx_HAL_Driver/Src/stm32h7xx_hal_hsem.o
LOAD Drivers/STM32H7xx_HAL_Driver/Src/stm32h7xx_hal_i2c.o
LOAD Drivers/STM32H7xx_HAL_Driver/Src/stm32h7xx_hal_i2c_ex.o
LOAD Drivers/STM32H7xx_HAL_Driver/Src/stm32h7xx_hal_mdma.o
LOAD Drivers/STM32H7xx_HAL_Driver/Src/stm32h7xx_hal_pwr.o
LOAD Drivers/STM32H7xx_HAL_Driver/Src/stm32h7xx_hal_pwr_ex.o
LOAD Drivers/STM32H7xx_HAL_Driver/Src/stm32h7xx_hal_rcc.o
LOAD Drivers/STM32H7xx_HAL_Driver/Src/stm32h7xx_hal_rcc_ex.o
LOAD Drivers/STM32H7xx_HAL_Driver/Src/stm32h7xx_hal_tim.o
LOAD Drivers/STM32H7xx_HAL_Driver/Src/stm32h7xx_hal_tim_ex.o
LOAD Drivers/STM32H7xx_HAL_Driver/Src/stm32h7xx_hal_uart.o
LOAD Drivers/STM32H7xx_HAL_Driver/Src/stm32h7xx_hal_uart_ex.o
LOAD C:\Users\albytest\STM32Cube\Repository\STM32Cube_FW_H7_V1.7.0\Drivers\CMSIS/Lib/GCC\libarm_cortexM7lfsp_math.a
START GROUP
LOAD c:/st/stm32cubeide_1.3.0/stm32cubeide/plugins/com.st.stm32cube.ide.mcu.externaltools.gnu-tools-for-stm32.7-2018-q2-update.win32_1.0.0.201904181610/tools/bin/../lib/gcc/arm-none-eabi/7.3.1/../../../../arm-none-eabi/lib/thumb/v7e-m/fpv5/hard\libc_nano.a
LOAD c:/st/stm32cubeide_1.3.0/stm32cubeide/plugins/com.st.stm32cube.ide.mcu.externaltools.gnu-tools-for-stm32.7-2018-q2-update.win32_1.0.0.201904181610/tools/bin/../lib/gcc/arm-none-eabi/7.3.1/../../../../arm-none-eabi/lib/thumb/v7e-m/fpv5/hard\libm.a
END GROUP
START GROUP
LOAD c:/st/stm32cubeide_1.3.0/stm32cubeide/plugins/com.st.stm32cube.ide.mcu.externaltools.gnu-tools-for-stm32.7-2018-q2-update.win32_1.0.0.201904181610/tools/bin/../lib/gcc/arm-none-eabi/7.3.1/thumb/v7e-m/fpv5/hard\libgcc.a
LOAD c:/st/stm32cubeide_1.3.0/stm32cubeide/plugins/com.st.stm32cube.ide.mcu.externaltools.gnu-tools-for-stm32.7-2018-q2-update.win32_1.0.0.201904181610/tools/bin/../lib/gcc/arm-none-eabi/7.3.1/../../../../arm-none-eabi/lib/thumb/v7e-m/fpv5/hard\libc_nano.a
END GROUP
START GROUP
LOAD c:/st/stm32cubeide_1.3.0/stm32cubeide/plugins/com.st.stm32cube.ide.mcu.externaltools.gnu-tools-for-stm32.7-2018-q2-update.win32_1.0.0.201904181610/tools/bin/../lib/gcc/arm-none-eabi/7.3.1/thumb/v7e-m/fpv5/hard\libgcc.a
LOAD c:/st/stm32cubeide_1.3.0/stm32cubeide/plugins/com.st.stm32cube.ide.mcu.externaltools.gnu-tools-for-stm32.7-2018-q2-update.win32_1.0.0.201904181610/tools/bin/../lib/gcc/arm-none-eabi/7.3.1/../../../../arm-none-eabi/lib/thumb/v7e-m/fpv5/hard\libc_nano.a
LOAD c:/st/stm32cubeide_1.3.0/stm32cubeide/plugins/com.st.stm32cube.ide.mcu.externaltools.gnu-tools-for-stm32.7-2018-q2-update.win32_1.0.0.201904181610/tools/bin/../lib/gcc/arm-none-eabi/7.3.1/../../../../arm-none-eabi/lib/thumb/v7e-m/fpv5/hard\libnosys.a
END GROUP
START GROUP
LOAD c:/st/stm32cubeide_1.3.0/stm32cubeide/plugins/com.st.stm32cube.ide.mcu.externaltools.gnu-tools-for-stm32.7-2018-q2-update.win32_1.0.0.201904181610/tools/bin/../lib/gcc/arm-none-eabi/7.3.1/thumb/v7e-m/fpv5/hard\libgcc.a
LOAD c:/st/stm32cubeide_1.3.0/stm32cubeide/plugins/com.st.stm32cube.ide.mcu.externaltools.gnu-tools-for-stm32.7-2018-q2-update.win32_1.0.0.201904181610/tools/bin/../lib/gcc/arm-none-eabi/7.3.1/../../../../arm-none-eabi/lib/thumb/v7e-m/fpv5/hard\libc_nano.a
LOAD c:/st/stm32cubeide_1.3.0/stm32cubeide/plugins/com.st.stm32cube.ide.mcu.externaltools.gnu-tools-for-stm32.7-2018-q2-update.win32_1.0.0.201904181610/tools/bin/../lib/gcc/arm-none-eabi/7.3.1/../../../../arm-none-eabi/lib/thumb/v7e-m/fpv5/hard\libnosys.a
END GROUP
LOAD c:/st/stm32cubeide_1.3.0/stm32cubeide/plugins/com.st.stm32cube.ide.mcu.externaltools.gnu-tools-for-stm32.7-2018-q2-update.win32_1.0.0.201904181610/tools/bin/../lib/gcc/arm-none-eabi/7.3.1/thumb/v7e-m/fpv5/hard/crtend.o
LOAD c:/st/stm32cubeide_1.3.0/stm32cubeide/plugins/com.st.stm32cube.ide.mcu.externaltools.gnu-tools-for-stm32.7-2018-q2-update.win32_1.0.0.201904181610/tools/bin/../lib/gcc/arm-none-eabi/7.3.1/thumb/v7e-m/fpv5/hard/crtn.o
                0x0000000024080000                _estack = (ORIGIN (RAM_D1) + LENGTH (RAM_D1))
                0x0000000000000200                _Min_Heap_Size = 0x200
                0x0000000000000400                _Min_Stack_Size = 0x400

.isr_vector     0x0000000008000000      0x298
                0x0000000008000000                . = ALIGN (0x4)
 *(.isr_vector)
 .isr_vector    0x0000000008000000      0x298 Core/Startup/startup_stm32h743zitx.o
                0x0000000008000000                g_pfnVectors
                0x0000000008000298                . = ALIGN (0x4)

.text           0x00000000080002a0     0xe8bc
                0x00000000080002a0                . = ALIGN (0x4)
 *(.text)
 .text          0x00000000080002a0       0x40 c:/st/stm32cubeide_1.3.0/stm32cubeide/plugins/com.st.stm32cube.ide.mcu.externaltools.gnu-tools-for-stm32.7-2018-q2-update.win32_1.0.0.201904181610/tools/bin/../lib/gcc/arm-none-eabi/7.3.1/thumb/v7e-m/fpv5/hard/crtbegin.o
 .text          0x00000000080002e0       0xc0 C:\Users\albytest\STM32Cube\Repository\STM32Cube_FW_H7_V1.7.0\Drivers\CMSIS/Lib/GCC\libarm_cortexM7lfsp_math.a(arm_bitreversal2.o)
                0x00000000080002e0                arm_bitreversal_32
                0x000000000800034a                arm_bitreversal_16
 .text          0x00000000080003a0       0x10 c:/st/stm32cubeide_1.3.0/stm32cubeide/plugins/com.st.stm32cube.ide.mcu.externaltools.gnu-tools-for-stm32.7-2018-q2-update.win32_1.0.0.201904181610/tools/bin/../lib/gcc/arm-none-eabi/7.3.1/../../../../arm-none-eabi/lib/thumb/v7e-m/fpv5/hard\libc_nano.a(lib_a-strlen.o)
                0x00000000080003a0                strlen
 .text          0x00000000080003b0       0xa0 c:/st/stm32cubeide_1.3.0/stm32cubeide/plugins/com.st.stm32cube.ide.mcu.externaltools.gnu-tools-for-stm32.7-2018-q2-update.win32_1.0.0.201904181610/tools/bin/../lib/gcc/arm-none-eabi/7.3.1/../../../../arm-none-eabi/lib/thumb/v7e-m/fpv5/hard\libc_nano.a(lib_a-memchr.o)
                0x00000000080003b0                memchr
 .text          0x0000000008000450       0x30 c:/st/stm32cubeide_1.3.0/stm32cubeide/plugins/com.st.stm32cube.ide.mcu.externaltools.gnu-tools-for-stm32.7-2018-q2-update.win32_1.0.0.201904181610/tools/bin/../lib/gcc/arm-none-eabi/7.3.1/thumb/v7e-m/fpv5/hard\libgcc.a(_aeabi_uldivmod.o)
                0x0000000008000450                __aeabi_uldivmod
 .text          0x0000000008000480      0x2cc c:/st/stm32cubeide_1.3.0/stm32cubeide/plugins/com.st.stm32cube.ide.mcu.externaltools.gnu-tools-for-stm32.7-2018-q2-update.win32_1.0.0.201904181610/tools/bin/../lib/gcc/arm-none-eabi/7.3.1/thumb/v7e-m/fpv5/hard\libgcc.a(_udivmoddi4.o)
                0x0000000008000480                __udivmoddi4
 .text          0x000000000800074c        0x4 c:/st/stm32cubeide_1.3.0/stm32cubeide/plugins/com.st.stm32cube.ide.mcu.externaltools.gnu-tools-for-stm32.7-2018-q2-update.win32_1.0.0.201904181610/tools/bin/../lib/gcc/arm-none-eabi/7.3.1/thumb/v7e-m/fpv5/hard\libgcc.a(_dvmd_tls.o)
                0x000000000800074c                __aeabi_idiv0
                0x000000000800074c                __aeabi_ldiv0
 *(.text*)
 .text.Load_Presets
                0x0000000008000750       0x54 Core/Src/SDR_func.o
                0x0000000008000750                Load_Presets
 .text.SetBW    0x00000000080007a4       0xe4 Core/Src/SDR_func.o
                0x00000000080007a4                SetBW
 .text.Tune_Preset
                0x0000000008000888      0x288 Core/Src/SDR_func.o
                0x0000000008000888                Tune_Preset
 .text.SetAGC   0x0000000008000b10       0xac Core/Src/SDR_func.o
                0x0000000008000b10                SetAGC
 .text.SetMode  0x0000000008000bbc      0x1dc Core/Src/SDR_func.o
                0x0000000008000bbc                SetMode
 .text.SetFstep
                0x0000000008000d98       0x28 Core/Src/SDR_func.o
                0x0000000008000d98                SetFstep
 .text.FplusClicked
                0x0000000008000dc0      0x26c Core/Src/SDR_func.o
                0x0000000008000dc0                FplusClicked
 .text.FminusClicked
                0x000000000800102c      0x26c Core/Src/SDR_func.o
                0x000000000800102c                FminusClicked
 .text.LED_switch
                0x0000000008001298        0x4 Core/Src/SDR_func.o
                0x0000000008001298                LED_switch
 .text.HAL_GPIO_EXTI_Callback
                0x000000000800129c      0x360 Core/Src/SDR_func.o
                0x000000000800129c                HAL_GPIO_EXTI_Callback
 .text.ADC_Stream0_Handler
                0x00000000080015fc      0x850 Core/Src/SDR_func.o
                0x00000000080015fc                ADC_Stream0_Handler
 .text.SDR_ComputeLO
                0x0000000008001e4c      0x178 Core/Src/SDR_math.o
                0x0000000008001e4c                SDR_ComputeLO
 .text.SDR_2R_toC_f32
                0x0000000008001fc4       0x64 Core/Src/SDR_math.o
                0x0000000008001fc4                SDR_2R_toC_f32
 .text.SDR_downconvert_f32
                0x0000000008002028       0xe4 Core/Src/SDR_math.o
                0x0000000008002028                SDR_downconvert_f32
 .text.SDR_float_to_DAC_audio
                0x000000000800210c       0xd4 Core/Src/SDR_math.o
                0x000000000800210c                SDR_float_to_DAC_audio
 .text.SDR_memcpy_f32
                0x00000000080021e0       0x38 Core/Src/SDR_math.o
                0x00000000080021e0                SDR_memcpy_f32
 .text.SDR_mirror_LSB
                0x0000000008002218       0x80 Core/Src/SDR_math.o
                0x0000000008002218                SDR_mirror_LSB
 .text.SDR_compute_IIR_parms
                0x0000000008002298       0xd4 Core/Src/SDR_math.o
                0x0000000008002298                SDR_compute_IIR_parms
 .text.SDR_CWPeak
                0x000000000800236c      0x114 Core/Src/SDR_math.o
                0x000000000800236c                SDR_CWPeak
 .text.SDR_demodAM_AGC
                0x0000000008002480       0xf8 Core/Src/SDR_math.o
                0x0000000008002480                SDR_demodAM_AGC
 .text.SDR_demodSSB_CW_AGC
                0x0000000008002578      0x14c Core/Src/SDR_math.o
                0x0000000008002578                SDR_demodSSB_CW_AGC
 .text.HAL_ADC_ConvCpltCallback
                0x00000000080026c4       0x3c Core/Src/main.o
                0x00000000080026c4                HAL_ADC_ConvCpltCallback
 .text.HAL_ADC_ConvHalfCpltCallback
                0x0000000008002700       0x3c Core/Src/main.o
                0x0000000008002700                HAL_ADC_ConvHalfCpltCallback
 .text.HAL_DACEx_ConvCpltCallbackCh2
                0x000000000800273c       0x24 Core/Src/main.o
                0x000000000800273c                HAL_DACEx_ConvCpltCallbackCh2
 .text.HAL_DACEx_ConvHalfCpltCallbackCh2
                0x0000000008002760       0x24 Core/Src/main.o
                0x0000000008002760                HAL_DACEx_ConvHalfCpltCallbackCh2
 .text.DisplayStatus
                0x0000000008002784      0x1d0 Core/Src/main.o
                0x0000000008002784                DisplayStatus
 .text.HAL_UART_RxCpltCallback
                0x0000000008002954       0x10 Core/Src/main.o
                0x0000000008002954                HAL_UART_RxCpltCallback
 .text.Error_Handler
                0x0000000008002964       0x28 Core/Src/main.o
                0x0000000008002964                Error_Handler
 .text.SystemClock_Config_For_OC
                0x000000000800298c       0xfc Core/Src/main.o
                0x000000000800298c                SystemClock_Config_For_OC
 .text.MX_TIM6_Init_Custom_Rate
                0x0000000008002a88       0x4c Core/Src/main.o
                0x0000000008002a88                MX_TIM6_Init_Custom_Rate
 *fill*         0x0000000008002ad4        0x4 
 .text.startup.main
                0x0000000008002ad8      0x83c Core/Src/main.o
                0x0000000008002ad8                main
 .text.HAL_MspInit
                0x0000000008003314       0x30 Core/Src/stm32h7xx_hal_msp.o
                0x0000000008003314                HAL_MspInit
 .text.HAL_ADC_MspInit
                0x0000000008003344      0x12c Core/Src/stm32h7xx_hal_msp.o
                0x0000000008003344                HAL_ADC_MspInit
 .text.HAL_DAC_MspInit
                0x0000000008003470       0xcc Core/Src/stm32h7xx_hal_msp.o
                0x0000000008003470                HAL_DAC_MspInit
 .text.HAL_TIM_Base_MspInit
                0x000000000800353c       0x48 Core/Src/stm32h7xx_hal_msp.o
                0x000000000800353c                HAL_TIM_Base_MspInit
 .text.HAL_UART_MspInit
                0x0000000008003584       0x88 Core/Src/stm32h7xx_hal_msp.o
                0x0000000008003584                HAL_UART_MspInit
 .text.NMI_Handler
                0x000000000800360c        0x4 Core/Src/stm32h7xx_it.o
                0x000000000800360c                NMI_Handler
 .text.HardFault_Handler
                0x0000000008003610        0x4 Core/Src/stm32h7xx_it.o
                0x0000000008003610                HardFault_Handler
 .text.MemManage_Handler
                0x0000000008003614        0x4 Core/Src/stm32h7xx_it.o
                0x0000000008003614                MemManage_Handler
 .text.BusFault_Handler
                0x0000000008003618        0x4 Core/Src/stm32h7xx_it.o
                0x0000000008003618                BusFault_Handler
 .text.UsageFault_Handler
                0x000000000800361c        0x4 Core/Src/stm32h7xx_it.o
                0x000000000800361c                UsageFault_Handler
 .text.SVC_Handler
                0x0000000008003620        0x4 Core/Src/stm32h7xx_it.o
                0x0000000008003620                SVC_Handler
 .text.DebugMon_Handler
                0x0000000008003624        0x4 Core/Src/stm32h7xx_it.o
                0x0000000008003624                DebugMon_Handler
 .text.PendSV_Handler
                0x0000000008003628        0x4 Core/Src/stm32h7xx_it.o
                0x0000000008003628                PendSV_Handler
 .text.SysTick_Handler
                0x000000000800362c        0x4 Core/Src/stm32h7xx_it.o
                0x000000000800362c                SysTick_Handler
 .text.DMA1_Stream0_IRQHandler
                0x0000000008003630        0xc Core/Src/stm32h7xx_it.o
                0x0000000008003630                DMA1_Stream0_IRQHandler
 .text.DMA1_Stream1_IRQHandler
                0x000000000800363c        0xc Core/Src/stm32h7xx_it.o
                0x000000000800363c                DMA1_Stream1_IRQHandler
 .text.USART3_IRQHandler
                0x0000000008003648        0xc Core/Src/stm32h7xx_it.o
                0x0000000008003648                USART3_IRQHandler
 .text.EXTI15_10_IRQHandler
                0x0000000008003654       0x20 Core/Src/stm32h7xx_it.o
                0x0000000008003654                EXTI15_10_IRQHandler
 .text.TIM6_DAC_IRQHandler
                0x0000000008003674       0x1c Core/Src/stm32h7xx_it.o
                0x0000000008003674                TIM6_DAC_IRQHandler
 .text._sbrk    0x0000000008003690       0x3c Core/Src/sysmem.o
                0x0000000008003690                _sbrk
 .text.SystemInit
                0x00000000080036cc       0x80 Core/Src/system_stm32h7xx.o
                0x00000000080036cc                SystemInit
 .text.Reset_Handler
                0x000000000800374c       0x50 Core/Startup/startup_stm32h743zitx.o
                0x000000000800374c                Reset_Handler
 .text.Default_Handler
                0x000000000800379c        0x2 Core/Startup/startup_stm32h743zitx.o
                0x000000000800379c                RTC_Alarm_IRQHandler
                0x000000000800379c                EXTI2_IRQHandler
                0x000000000800379c                TIM8_CC_IRQHandler
                0x000000000800379c                HRTIM1_Master_IRQHandler
                0x000000000800379c                UART8_IRQHandler
                0x000000000800379c                SPI4_IRQHandler
                0x000000000800379c                TIM1_CC_IRQHandler
                0x000000000800379c                BDMA_Channel6_IRQHandler
                0x000000000800379c                DMA2_Stream5_IRQHandler
                0x000000000800379c                HRTIM1_FLT_IRQHandler
                0x000000000800379c                JPEG_IRQHandler
                0x000000000800379c                DMA1_Stream5_IRQHandler
                0x000000000800379c                BDMA_Channel1_IRQHandler
                0x000000000800379c                HRTIM1_TIMD_IRQHandler
                0x000000000800379c                TAMP_STAMP_IRQHandler
                0x000000000800379c                EXTI3_IRQHandler
                0x000000000800379c                LPTIM4_IRQHandler
                0x000000000800379c                TIM8_TRG_COM_TIM14_IRQHandler
                0x000000000800379c                LPTIM2_IRQHandler
                0x000000000800379c                DFSDM1_FLT1_IRQHandler
                0x000000000800379c                DMAMUX2_OVR_IRQHandler
                0x000000000800379c                TIM8_UP_TIM13_IRQHandler
                0x000000000800379c                I2C3_ER_IRQHandler
                0x000000000800379c                DFSDM1_FLT2_IRQHandler
                0x000000000800379c                MDMA_IRQHandler
                0x000000000800379c                LPTIM3_IRQHandler
                0x000000000800379c                HSEM1_IRQHandler
                0x000000000800379c                EXTI0_IRQHandler
                0x000000000800379c                I2C2_EV_IRQHandler
                0x000000000800379c                DMA1_Stream2_IRQHandler
                0x000000000800379c                FPU_IRQHandler
                0x000000000800379c                OTG_HS_WKUP_IRQHandler
                0x000000000800379c                FDCAN1_IT1_IRQHandler
                0x000000000800379c                LTDC_ER_IRQHandler
                0x000000000800379c                DMA2_Stream2_IRQHandler
                0x000000000800379c                HRTIM1_TIME_IRQHandler
                0x000000000800379c                SPI1_IRQHandler
                0x000000000800379c                DCMI_IRQHandler
                0x000000000800379c                HRTIM1_TIMC_IRQHandler
                0x000000000800379c                DMA2_Stream3_IRQHandler
                0x000000000800379c                SAI2_IRQHandler
                0x000000000800379c                DFSDM1_FLT3_IRQHandler
                0x000000000800379c                USART6_IRQHandler
                0x000000000800379c                TIM17_IRQHandler
                0x000000000800379c                BDMA_Channel7_IRQHandler
                0x000000000800379c                LPTIM5_IRQHandler
                0x000000000800379c                UART5_IRQHandler
                0x000000000800379c                ADC3_IRQHandler
                0x000000000800379c                DMA2_Stream0_IRQHandler
                0x000000000800379c                TIM4_IRQHandler
                0x000000000800379c                BDMA_Channel2_IRQHandler
                0x000000000800379c                QUADSPI_IRQHandler
                0x000000000800379c                I2C1_EV_IRQHandler
                0x000000000800379c                DMA1_Stream6_IRQHandler
                0x000000000800379c                DMAMUX1_OVR_IRQHandler
                0x000000000800379c                TIM16_IRQHandler
                0x000000000800379c                UART4_IRQHandler
                0x000000000800379c                BDMA_Channel5_IRQHandler
                0x000000000800379c                TIM3_IRQHandler
                0x000000000800379c                RCC_IRQHandler
                0x000000000800379c                TIM8_BRK_TIM12_IRQHandler
                0x000000000800379c                TIM1_TRG_COM_IRQHandler
                0x000000000800379c                Default_Handler
                0x000000000800379c                ECC_IRQHandler
                0x000000000800379c                CEC_IRQHandler
                0x000000000800379c                BDMA_Channel0_IRQHandler
                0x000000000800379c                ADC_IRQHandler
                0x000000000800379c                DMA1_Stream7_IRQHandler
                0x000000000800379c                HRTIM1_TIMA_IRQHandler
                0x000000000800379c                SPI5_IRQHandler
                0x000000000800379c                TIM7_IRQHandler
                0x000000000800379c                SDMMC1_IRQHandler
                0x000000000800379c                TIM5_IRQHandler
                0x000000000800379c                DMA2_Stream7_IRQHandler
                0x000000000800379c                TIM15_IRQHandler
                0x000000000800379c                PVD_AVD_IRQHandler
                0x000000000800379c                I2C3_EV_IRQHandler
                0x000000000800379c                EXTI9_5_IRQHandler
                0x000000000800379c                RTC_WKUP_IRQHandler
                0x000000000800379c                LTDC_IRQHandler
                0x000000000800379c                SAI3_IRQHandler
                0x000000000800379c                ETH_WKUP_IRQHandler
                0x000000000800379c                SPDIF_RX_IRQHandler
                0x000000000800379c                SPI2_IRQHandler
                0x000000000800379c                OTG_HS_EP1_IN_IRQHandler
                0x000000000800379c                CRS_IRQHandler
                0x000000000800379c                EXTI4_IRQHandler
                0x000000000800379c                RNG_IRQHandler
                0x000000000800379c                HRTIM1_TIMB_IRQHandler
                0x000000000800379c                FDCAN2_IT1_IRQHandler
                0x000000000800379c                ETH_IRQHandler
                0x000000000800379c                TIM1_UP_IRQHandler
                0x000000000800379c                BDMA_Channel4_IRQHandler
                0x000000000800379c                OTG_HS_EP1_OUT_IRQHandler
                0x000000000800379c                WWDG_IRQHandler
                0x000000000800379c                SPI6_IRQHandler
                0x000000000800379c                MDIOS_IRQHandler
                0x000000000800379c                I2C4_EV_IRQHandler
                0x000000000800379c                FDCAN2_IT0_IRQHandler
                0x000000000800379c                LPUART1_IRQHandler
                0x000000000800379c                FDCAN1_IT0_IRQHandler
                0x000000000800379c                TIM2_IRQHandler
                0x000000000800379c                OTG_FS_WKUP_IRQHandler
                0x000000000800379c                OTG_HS_IRQHandler
                0x000000000800379c                DMA2D_IRQHandler
                0x000000000800379c                TIM1_BRK_IRQHandler
                0x000000000800379c                EXTI1_IRQHandler
                0x000000000800379c                SDMMC2_IRQHandler
                0x000000000800379c                OTG_FS_EP1_OUT_IRQHandler
                0x000000000800379c                BDMA_Channel3_IRQHandler
                0x000000000800379c                UART7_IRQHandler
                0x000000000800379c                MDIOS_WKUP_IRQHandler
                0x000000000800379c                USART2_IRQHandler
                0x000000000800379c                DFSDM1_FLT0_IRQHandler
                0x000000000800379c                SAI4_IRQHandler
                0x000000000800379c                I2C2_ER_IRQHandler
                0x000000000800379c                DMA2_Stream1_IRQHandler
                0x000000000800379c                FLASH_IRQHandler
                0x000000000800379c                DMA2_Stream4_IRQHandler
                0x000000000800379c                USART1_IRQHandler
                0x000000000800379c                OTG_FS_IRQHandler
                0x000000000800379c                SPI3_IRQHandler
                0x000000000800379c                WAKEUP_PIN_IRQHandler
                0x000000000800379c                DMA1_Stream4_IRQHandler
                0x000000000800379c                OTG_FS_EP1_IN_IRQHandler
                0x000000000800379c                I2C1_ER_IRQHandler
                0x000000000800379c                FMC_IRQHandler
                0x000000000800379c                FDCAN_CAL_IRQHandler
                0x000000000800379c                SWPMI1_IRQHandler
                0x000000000800379c                COMP1_IRQHandler
                0x000000000800379c                LPTIM1_IRQHandler
                0x000000000800379c                I2C4_ER_IRQHandler
                0x000000000800379c                DMA2_Stream6_IRQHandler
                0x000000000800379c                SAI1_IRQHandler
                0x000000000800379c                DMA1_Stream3_IRQHandler
 *fill*         0x000000000800379e        0x2 
 .text.HAL_InitTick
                0x00000000080037a0       0x4c Drivers/STM32H7xx_HAL_Driver/Src/stm32h7xx_hal.o
                0x00000000080037a0                HAL_InitTick
 .text.HAL_Init
                0x00000000080037ec       0x64 Drivers/STM32H7xx_HAL_Driver/Src/stm32h7xx_hal.o
                0x00000000080037ec                HAL_Init
 .text.HAL_IncTick
                0x0000000008003850       0x18 Drivers/STM32H7xx_HAL_Driver/Src/stm32h7xx_hal.o
                0x0000000008003850                HAL_IncTick
 .text.HAL_GetTick
                0x0000000008003868        0xc Drivers/STM32H7xx_HAL_Driver/Src/stm32h7xx_hal.o
                0x0000000008003868                HAL_GetTick
 .text.HAL_Delay
                0x0000000008003874       0x24 Drivers/STM32H7xx_HAL_Driver/Src/stm32h7xx_hal.o
                0x0000000008003874                HAL_Delay
 .text.HAL_GetREVID
                0x0000000008003898        0xc Drivers/STM32H7xx_HAL_Driver/Src/stm32h7xx_hal.o
                0x0000000008003898                HAL_GetREVID
 .text.ADC_DMAHalfConvCplt
                0x00000000080038a4        0xc Drivers/STM32H7xx_HAL_Driver/Src/stm32h7xx_hal_adc.o
                0x00000000080038a4                ADC_DMAHalfConvCplt
 .text.HAL_ADC_ErrorCallback
                0x00000000080038b0        0x4 Drivers/STM32H7xx_HAL_Driver/Src/stm32h7xx_hal_adc.o
                0x00000000080038b0                HAL_ADC_ErrorCallback
 .text.ADC_DMAConvCplt
                0x00000000080038b4       0x68 Drivers/STM32H7xx_HAL_Driver/Src/stm32h7xx_hal_adc.o
                0x00000000080038b4                ADC_DMAConvCplt
 .text.ADC_DMAError
                0x000000000800391c       0x1c Drivers/STM32H7xx_HAL_Driver/Src/stm32h7xx_hal_adc.o
                0x000000000800391c                ADC_DMAError
 .text.HAL_ADC_ConfigChannel
                0x0000000008003938      0x410 Drivers/STM32H7xx_HAL_Driver/Src/stm32h7xx_hal_adc.o
                0x0000000008003938                HAL_ADC_ConfigChannel
 .text.ADC_Enable
                0x0000000008003d48       0xbc Drivers/STM32H7xx_HAL_Driver/Src/stm32h7xx_hal_adc.o
                0x0000000008003d48                ADC_Enable
 .text.ADC_Disable
                0x0000000008003e04       0x68 Drivers/STM32H7xx_HAL_Driver/Src/stm32h7xx_hal_adc.o
                0x0000000008003e04                ADC_Disable
 .text.ADC_ConfigureBoostMode
                0x0000000008003e6c      0x168 Drivers/STM32H7xx_HAL_Driver/Src/stm32h7xx_hal_adc.o
                0x0000000008003e6c                ADC_ConfigureBoostMode
 .text.HAL_ADC_Init
                0x0000000008003fd4      0x230 Drivers/STM32H7xx_HAL_Driver/Src/stm32h7xx_hal_adc.o
                0x0000000008003fd4                HAL_ADC_Init
 .text.HAL_ADCEx_Calibration_Start
                0x0000000008004204       0xa8 Drivers/STM32H7xx_HAL_Driver/Src/stm32h7xx_hal_adc_ex.o
                0x0000000008004204                HAL_ADCEx_Calibration_Start
 .text.HAL_ADCEx_MultiModeStart_DMA
                0x00000000080042ac      0x100 Drivers/STM32H7xx_HAL_Driver/Src/stm32h7xx_hal_adc_ex.o
                0x00000000080042ac                HAL_ADCEx_MultiModeStart_DMA
 .text.HAL_ADCEx_MultiModeConfigChannel
                0x00000000080043ac       0xc0 Drivers/STM32H7xx_HAL_Driver/Src/stm32h7xx_hal_adc_ex.o
                0x00000000080043ac                HAL_ADCEx_MultiModeConfigChannel
 .text.HAL_NVIC_SetPriorityGrouping
                0x000000000800446c       0x28 Drivers/STM32H7xx_HAL_Driver/Src/stm32h7xx_hal_cortex.o
                0x000000000800446c                HAL_NVIC_SetPriorityGrouping
 .text.HAL_NVIC_SetPriority
                0x0000000008004494       0x6c Drivers/STM32H7xx_HAL_Driver/Src/stm32h7xx_hal_cortex.o
                0x0000000008004494                HAL_NVIC_SetPriority
 .text.HAL_NVIC_EnableIRQ
                0x0000000008004500       0x1c Drivers/STM32H7xx_HAL_Driver/Src/stm32h7xx_hal_cortex.o
                0x0000000008004500                HAL_NVIC_EnableIRQ
 .text.HAL_SYSTICK_Config
                0x000000000800451c       0x30 Drivers/STM32H7xx_HAL_Driver/Src/stm32h7xx_hal_cortex.o
                0x000000000800451c                HAL_SYSTICK_Config
 .text.HAL_DAC_Init
                0x000000000800454c       0x2c Drivers/STM32H7xx_HAL_Driver/Src/stm32h7xx_hal_dac.o
                0x000000000800454c                HAL_DAC_Init
 .text.HAL_DAC_Start
                0x0000000008004578       0x5c Drivers/STM32H7xx_HAL_Driver/Src/stm32h7xx_hal_dac.o
                0x0000000008004578                HAL_DAC_Start
 .text.HAL_DAC_Start_DMA
                0x00000000080045d4       0xfc Drivers/STM32H7xx_HAL_Driver/Src/stm32h7xx_hal_dac.o
                0x00000000080045d4                HAL_DAC_Start_DMA
 .text.HAL_DAC_ConvCpltCallbackCh1
                0x00000000080046d0        0x4 Drivers/STM32H7xx_HAL_Driver/Src/stm32h7xx_hal_dac.o
                0x00000000080046d0                HAL_DAC_ConvCpltCallbackCh1
 .text.DAC_DMAConvCpltCh1
                0x00000000080046d4       0x10 Drivers/STM32H7xx_HAL_Driver/Src/stm32h7xx_hal_dac.o
                0x00000000080046d4                DAC_DMAConvCpltCh1
 .text.HAL_DAC_ConvHalfCpltCallbackCh1
                0x00000000080046e4        0x4 Drivers/STM32H7xx_HAL_Driver/Src/stm32h7xx_hal_dac.o
                0x00000000080046e4                HAL_DAC_ConvHalfCpltCallbackCh1
 .text.DAC_DMAHalfConvCpltCh1
                0x00000000080046e8        0xc Drivers/STM32H7xx_HAL_Driver/Src/stm32h7xx_hal_dac.o
                0x00000000080046e8                DAC_DMAHalfConvCpltCh1
 .text.HAL_DAC_ErrorCallbackCh1
                0x00000000080046f4        0x4 Drivers/STM32H7xx_HAL_Driver/Src/stm32h7xx_hal_dac.o
                0x00000000080046f4                HAL_DAC_ErrorCallbackCh1
 .text.DAC_DMAErrorCh1
                0x00000000080046f8       0x18 Drivers/STM32H7xx_HAL_Driver/Src/stm32h7xx_hal_dac.o
                0x00000000080046f8                DAC_DMAErrorCh1
 .text.HAL_DAC_DMAUnderrunCallbackCh1
                0x0000000008004710        0x4 Drivers/STM32H7xx_HAL_Driver/Src/stm32h7xx_hal_dac.o
                0x0000000008004710                HAL_DAC_DMAUnderrunCallbackCh1
 .text.HAL_DAC_IRQHandler
                0x0000000008004714       0x68 Drivers/STM32H7xx_HAL_Driver/Src/stm32h7xx_hal_dac.o
                0x0000000008004714                HAL_DAC_IRQHandler
 .text.HAL_DAC_ConfigChannel
                0x000000000800477c      0x154 Drivers/STM32H7xx_HAL_Driver/Src/stm32h7xx_hal_dac.o
                0x000000000800477c                HAL_DAC_ConfigChannel
 .text.DAC_DMAConvCpltCh2
                0x00000000080048d0       0x10 Drivers/STM32H7xx_HAL_Driver/Src/stm32h7xx_hal_dac_ex.o
                0x00000000080048d0                DAC_DMAConvCpltCh2
 .text.DAC_DMAHalfConvCpltCh2
                0x00000000080048e0        0xc Drivers/STM32H7xx_HAL_Driver/Src/stm32h7xx_hal_dac_ex.o
                0x00000000080048e0                DAC_DMAHalfConvCpltCh2
 .text.HAL_DACEx_ErrorCallbackCh2
                0x00000000080048ec        0x4 Drivers/STM32H7xx_HAL_Driver/Src/stm32h7xx_hal_dac_ex.o
                0x00000000080048ec                HAL_DACEx_ErrorCallbackCh2
 .text.DAC_DMAErrorCh2
                0x00000000080048f0       0x18 Drivers/STM32H7xx_HAL_Driver/Src/stm32h7xx_hal_dac_ex.o
                0x00000000080048f0                DAC_DMAErrorCh2
 .text.HAL_DACEx_DMAUnderrunCallbackCh2
                0x0000000008004908        0x4 Drivers/STM32H7xx_HAL_Driver/Src/stm32h7xx_hal_dac_ex.o
                0x0000000008004908                HAL_DACEx_DMAUnderrunCallbackCh2
 .text.DMA_CalcBaseAndBitshift
                0x000000000800490c       0xf8 Drivers/STM32H7xx_HAL_Driver/Src/stm32h7xx_hal_dma.o
 .text.HAL_DMA_Init
                0x0000000008004a04      0x598 Drivers/STM32H7xx_HAL_Driver/Src/stm32h7xx_hal_dma.o
                0x0000000008004a04                HAL_DMA_Init
 .text.HAL_DMA_Start_IT
                0x0000000008004f9c      0x37c Drivers/STM32H7xx_HAL_Driver/Src/stm32h7xx_hal_dma.o
                0x0000000008004f9c                HAL_DMA_Start_IT
 .text.HAL_DMA_Abort_IT
                0x0000000008005318      0x19c Drivers/STM32H7xx_HAL_Driver/Src/stm32h7xx_hal_dma.o
                0x0000000008005318                HAL_DMA_Abort_IT
 .text.HAL_DMA_IRQHandler
                0x00000000080054b4      0x678 Drivers/STM32H7xx_HAL_Driver/Src/stm32h7xx_hal_dma.o
                0x00000000080054b4                HAL_DMA_IRQHandler
 .text.HAL_GPIO_Init
                0x0000000008005b2c      0x23c Drivers/STM32H7xx_HAL_Driver/Src/stm32h7xx_hal_gpio.o
                0x0000000008005b2c                HAL_GPIO_Init
 .text.HAL_GPIO_WritePin
                0x0000000008005d68        0x8 Drivers/STM32H7xx_HAL_Driver/Src/stm32h7xx_hal_gpio.o
                0x0000000008005d68                HAL_GPIO_WritePin
 .text.HAL_GPIO_EXTI_IRQHandler
                0x0000000008005d70       0x1c Drivers/STM32H7xx_HAL_Driver/Src/stm32h7xx_hal_gpio.o
                0x0000000008005d70                HAL_GPIO_EXTI_IRQHandler
 .text.HAL_PWREx_ConfigSupply
                0x0000000008005d8c       0x4c Drivers/STM32H7xx_HAL_Driver/Src/stm32h7xx_hal_pwr_ex.o
                0x0000000008005d8c                HAL_PWREx_ConfigSupply
 .text.HAL_RCC_OscConfig
                0x0000000008005dd8      0x5a0 Drivers/STM32H7xx_HAL_Driver/Src/stm32h7xx_hal_rcc.o
                0x0000000008005dd8                HAL_RCC_OscConfig
 .text.HAL_RCC_GetSysClockFreq
                0x0000000008006378      0x118 Drivers/STM32H7xx_HAL_Driver/Src/stm32h7xx_hal_rcc.o
                0x0000000008006378                HAL_RCC_GetSysClockFreq
 .text.HAL_RCC_ClockConfig
                0x0000000008006490      0x254 Drivers/STM32H7xx_HAL_Driver/Src/stm32h7xx_hal_rcc.o
                0x0000000008006490                HAL_RCC_ClockConfig
 .text.HAL_RCC_GetHCLKFreq
                0x00000000080066e4      0x150 Drivers/STM32H7xx_HAL_Driver/Src/stm32h7xx_hal_rcc.o
                0x00000000080066e4                HAL_RCC_GetHCLKFreq
 .text.HAL_RCC_GetPCLK1Freq
                0x0000000008006834      0x160 Drivers/STM32H7xx_HAL_Driver/Src/stm32h7xx_hal_rcc.o
                0x0000000008006834                HAL_RCC_GetPCLK1Freq
 .text.HAL_RCC_GetPCLK2Freq
                0x0000000008006994      0x160 Drivers/STM32H7xx_HAL_Driver/Src/stm32h7xx_hal_rcc.o
                0x0000000008006994                HAL_RCC_GetPCLK2Freq
 .text.RCCEx_PLL2_Config
                0x0000000008006af4       0xf8 Drivers/STM32H7xx_HAL_Driver/Src/stm32h7xx_hal_rcc_ex.o
 .text.RCCEx_PLL3_Config
                0x0000000008006bec       0xf8 Drivers/STM32H7xx_HAL_Driver/Src/stm32h7xx_hal_rcc_ex.o
 .text.HAL_RCCEx_PeriphCLKConfig
                0x0000000008006ce4      0xa9c Drivers/STM32H7xx_HAL_Driver/Src/stm32h7xx_hal_rcc_ex.o
                0x0000000008006ce4                HAL_RCCEx_PeriphCLKConfig
 .text.HAL_RCCEx_GetD3PCLK1Freq
                0x0000000008007780       0x24 Drivers/STM32H7xx_HAL_Driver/Src/stm32h7xx_hal_rcc_ex.o
                0x0000000008007780                HAL_RCCEx_GetD3PCLK1Freq
 .text.HAL_RCCEx_GetPLL2ClockFreq
                0x00000000080077a4      0x130 Drivers/STM32H7xx_HAL_Driver/Src/stm32h7xx_hal_rcc_ex.o
                0x00000000080077a4                HAL_RCCEx_GetPLL2ClockFreq
 .text.HAL_RCCEx_GetPLL3ClockFreq
                0x00000000080078d4      0x130 Drivers/STM32H7xx_HAL_Driver/Src/stm32h7xx_hal_rcc_ex.o
                0x00000000080078d4                HAL_RCCEx_GetPLL3ClockFreq
 .text.HAL_RCCEx_GetPLL1ClockFreq
                0x0000000008007a04      0x130 Drivers/STM32H7xx_HAL_Driver/Src/stm32h7xx_hal_rcc_ex.o
                0x0000000008007a04                HAL_RCCEx_GetPLL1ClockFreq
 .text.HAL_RCCEx_GetPeriphCLKFreq
                0x0000000008007b34      0x21c Drivers/STM32H7xx_HAL_Driver/Src/stm32h7xx_hal_rcc_ex.o
                0x0000000008007b34                HAL_RCCEx_GetPeriphCLKFreq
 .text.HAL_TIM_Base_Init
                0x0000000008007d50       0xf8 Drivers/STM32H7xx_HAL_Driver/Src/stm32h7xx_hal_tim.o
                0x0000000008007d50                HAL_TIM_Base_Init
 .text.HAL_TIM_Base_Start
                0x0000000008007e48       0x30 Drivers/STM32H7xx_HAL_Driver/Src/stm32h7xx_hal_tim.o
                0x0000000008007e48                HAL_TIM_Base_Start
 .text.HAL_TIM_PeriodElapsedCallback
                0x0000000008007e78        0x4 Drivers/STM32H7xx_HAL_Driver/Src/stm32h7xx_hal_tim.o
                0x0000000008007e78                HAL_TIM_PeriodElapsedCallback
 .text.HAL_TIM_OC_DelayElapsedCallback
                0x0000000008007e7c        0x4 Drivers/STM32H7xx_HAL_Driver/Src/stm32h7xx_hal_tim.o
                0x0000000008007e7c                HAL_TIM_OC_DelayElapsedCallback
 .text.HAL_TIM_IC_CaptureCallback
                0x0000000008007e80        0x4 Drivers/STM32H7xx_HAL_Driver/Src/stm32h7xx_hal_tim.o
                0x0000000008007e80                HAL_TIM_IC_CaptureCallback
 .text.HAL_TIM_PWM_PulseFinishedCallback
                0x0000000008007e84        0x4 Drivers/STM32H7xx_HAL_Driver/Src/stm32h7xx_hal_tim.o
                0x0000000008007e84                HAL_TIM_PWM_PulseFinishedCallback
 .text.HAL_TIM_TriggerCallback
                0x0000000008007e88        0x4 Drivers/STM32H7xx_HAL_Driver/Src/stm32h7xx_hal_tim.o
                0x0000000008007e88                HAL_TIM_TriggerCallback
 .text.HAL_TIM_IRQHandler
                0x0000000008007e8c      0x170 Drivers/STM32H7xx_HAL_Driver/Src/stm32h7xx_hal_tim.o
                0x0000000008007e8c                HAL_TIM_IRQHandler
 .text.HAL_TIMEx_MasterConfigSynchronization
                0x0000000008007ffc       0xb4 Drivers/STM32H7xx_HAL_Driver/Src/stm32h7xx_hal_tim_ex.o
                0x0000000008007ffc                HAL_TIMEx_MasterConfigSynchronization
 .text.HAL_TIMEx_CommutCallback
                0x00000000080080b0        0x4 Drivers/STM32H7xx_HAL_Driver/Src/stm32h7xx_hal_tim_ex.o
                0x00000000080080b0                HAL_TIMEx_CommutCallback
 .text.HAL_TIMEx_BreakCallback
                0x00000000080080b4        0x4 Drivers/STM32H7xx_HAL_Driver/Src/stm32h7xx_hal_tim_ex.o
                0x00000000080080b4                HAL_TIMEx_BreakCallback
 .text.HAL_TIMEx_Break2Callback
                0x00000000080080b8        0x4 Drivers/STM32H7xx_HAL_Driver/Src/stm32h7xx_hal_tim_ex.o
                0x00000000080080b8                HAL_TIMEx_Break2Callback
 .text.HAL_UART_Transmit
                0x00000000080080bc      0x178 Drivers/STM32H7xx_HAL_Driver/Src/stm32h7xx_hal_uart.o
                0x00000000080080bc                HAL_UART_Transmit
 .text.HAL_UART_Receive_IT
                0x0000000008008234      0x140 Drivers/STM32H7xx_HAL_Driver/Src/stm32h7xx_hal_uart.o
                0x0000000008008234                HAL_UART_Receive_IT
 .text.HAL_UART_TxCpltCallback
                0x0000000008008374        0x4 Drivers/STM32H7xx_HAL_Driver/Src/stm32h7xx_hal_uart.o
                0x0000000008008374                HAL_UART_TxCpltCallback
 .text.UART_RxISR_8BIT
                0x0000000008008378       0x60 Drivers/STM32H7xx_HAL_Driver/Src/stm32h7xx_hal_uart.o
 .text.UART_RxISR_16BIT
                0x00000000080083d8       0x5c Drivers/STM32H7xx_HAL_Driver/Src/stm32h7xx_hal_uart.o
 .text.UART_RxISR_8BIT_FIFOEN
                0x0000000008008434       0xb8 Drivers/STM32H7xx_HAL_Driver/Src/stm32h7xx_hal_uart.o
 .text.UART_RxISR_16BIT_FIFOEN
                0x00000000080084ec       0xb4 Drivers/STM32H7xx_HAL_Driver/Src/stm32h7xx_hal_uart.o
 .text.HAL_UART_ErrorCallback
                0x00000000080085a0        0x4 Drivers/STM32H7xx_HAL_Driver/Src/stm32h7xx_hal_uart.o
                0x00000000080085a0                HAL_UART_ErrorCallback
 .text.HAL_UART_IRQHandler
                0x00000000080085a4      0x1f4 Drivers/STM32H7xx_HAL_Driver/Src/stm32h7xx_hal_uart.o
                0x00000000080085a4                HAL_UART_IRQHandler
 .text.UART_DMAAbortOnError
                0x0000000008008798       0x18 Drivers/STM32H7xx_HAL_Driver/Src/stm32h7xx_hal_uart.o
 .text.UART_AdvFeatureConfig
                0x00000000080087b0       0xb0 Drivers/STM32H7xx_HAL_Driver/Src/stm32h7xx_hal_uart.o
                0x00000000080087b0                UART_AdvFeatureConfig
 .text.HAL_UART_Init
                0x0000000008008860     0x145c Drivers/STM32H7xx_HAL_Driver/Src/stm32h7xx_hal_uart.o
                0x0000000008008860                HAL_UART_Init
 .text.HAL_UARTEx_WakeupCallback
                0x0000000008009cbc        0x4 Drivers/STM32H7xx_HAL_Driver/Src/stm32h7xx_hal_uart_ex.o
                0x0000000008009cbc                HAL_UARTEx_WakeupCallback
 .text.HAL_UARTEx_RxFifoFullCallback
                0x0000000008009cc0        0x4 Drivers/STM32H7xx_HAL_Driver/Src/stm32h7xx_hal_uart_ex.o
                0x0000000008009cc0                HAL_UARTEx_RxFifoFullCallback
 .text.HAL_UARTEx_TxFifoEmptyCallback
                0x0000000008009cc4        0x4 Drivers/STM32H7xx_HAL_Driver/Src/stm32h7xx_hal_uart_ex.o
                0x0000000008009cc4                HAL_UARTEx_TxFifoEmptyCallback
 .text.HAL_UARTEx_DisableFifoMode
                0x0000000008009cc8       0x3c Drivers/STM32H7xx_HAL_Driver/Src/stm32h7xx_hal_uart_ex.o
                0x0000000008009cc8                HAL_UARTEx_DisableFifoMode
 .text.HAL_UARTEx_SetTxFifoThreshold
                0x0000000008009d04       0xa4 Drivers/STM32H7xx_HAL_Driver/Src/stm32h7xx_hal_uart_ex.o
                0x0000000008009d04                HAL_UARTEx_SetTxFifoThreshold
 .text.HAL_UARTEx_SetRxFifoThreshold
                0x0000000008009da8       0xa4 Drivers/STM32H7xx_HAL_Driver/Src/stm32h7xx_hal_uart_ex.o
                0x0000000008009da8                HAL_UARTEx_SetRxFifoThreshold
 .text.arm_cfft_radix8by2_f32
                0x0000000008009e4c      0x1a0 C:\Users\albytest\STM32Cube\Repository\STM32Cube_FW_H7_V1.7.0\Drivers\CMSIS/Lib/GCC\libarm_cortexM7lfsp_math.a(arm_cfft_f32.o)
                0x0000000008009e4c                arm_cfft_radix8by2_f32
 .text.arm_cfft_radix8by4_f32
                0x0000000008009fec      0x4b0 C:\Users\albytest\STM32Cube\Repository\STM32Cube_FW_H7_V1.7.0\Drivers\CMSIS/Lib/GCC\libarm_cortexM7lfsp_math.a(arm_cfft_f32.o)
                0x0000000008009fec                arm_cfft_radix8by4_f32
 .text.arm_cfft_f32
                0x000000000800a49c       0xf0 C:\Users\albytest\STM32Cube\Repository\STM32Cube_FW_H7_V1.7.0\Drivers\CMSIS/Lib/GCC\libarm_cortexM7lfsp_math.a(arm_cfft_f32.o)
                0x000000000800a49c                arm_cfft_f32
 .text.arm_fir_decimate_init_f32
                0x000000000800a58c       0x3c C:\Users\albytest\STM32Cube\Repository\STM32Cube_FW_H7_V1.7.0\Drivers\CMSIS/Lib/GCC\libarm_cortexM7lfsp_math.a(arm_fir_decimate_init_f32.o)
                0x000000000800a58c                arm_fir_decimate_init_f32
 .text.arm_fir_decimate_f32
                0x000000000800a5c8      0x378 C:\Users\albytest\STM32Cube\Repository\STM32Cube_FW_H7_V1.7.0\Drivers\CMSIS/Lib/GCC\libarm_cortexM7lfsp_math.a(arm_fir_decimate_f32.o)
                0x000000000800a5c8                arm_fir_decimate_f32
 .text.arm_cmplx_mult_cmplx_f32
                0x000000000800a940      0x140 C:\Users\albytest\STM32Cube\Repository\STM32Cube_FW_H7_V1.7.0\Drivers\CMSIS/Lib/GCC\libarm_cortexM7lfsp_math.a(arm_cmplx_mult_cmplx_f32.o)
                0x000000000800a940                arm_cmplx_mult_cmplx_f32
 .text.arm_radix8_butterfly_f32
                0x000000000800aa80      0x5e4 C:\Users\albytest\STM32Cube\Repository\STM32Cube_FW_H7_V1.7.0\Drivers\CMSIS/Lib/GCC\libarm_cortexM7lfsp_math.a(arm_cfft_radix8_f32.o)
                0x000000000800aa80                arm_radix8_butterfly_f32
 .text.__errno  0x000000000800b064        0xc c:/st/stm32cubeide_1.3.0/stm32cubeide/plugins/com.st.stm32cube.ide.mcu.externaltools.gnu-tools-for-stm32.7-2018-q2-update.win32_1.0.0.201904181610/tools/bin/../lib/gcc/arm-none-eabi/7.3.1/../../../../arm-none-eabi/lib/thumb/v7e-m/fpv5/hard\libc_nano.a(lib_a-errno.o)
                0x000000000800b064                __errno
 .text.__libc_init_array
                0x000000000800b070       0x48 c:/st/stm32cubeide_1.3.0/stm32cubeide/plugins/com.st.stm32cube.ide.mcu.externaltools.gnu-tools-for-stm32.7-2018-q2-update.win32_1.0.0.201904181610/tools/bin/../lib/gcc/arm-none-eabi/7.3.1/../../../../arm-none-eabi/lib/thumb/v7e-m/fpv5/hard\libc_nano.a(lib_a-init.o)
                0x000000000800b070                __libc_init_array
 .text.memset   0x000000000800b0b8       0x10 c:/st/stm32cubeide_1.3.0/stm32cubeide/plugins/com.st.stm32cube.ide.mcu.externaltools.gnu-tools-for-stm32.7-2018-q2-update.win32_1.0.0.201904181610/tools/bin/../lib/gcc/arm-none-eabi/7.3.1/../../../../arm-none-eabi/lib/thumb/v7e-m/fpv5/hard\libc_nano.a(lib_a-memset.o)
                0x000000000800b0b8                memset
 .text.__cvt    0x000000000800b0c8       0xa4 c:/st/stm32cubeide_1.3.0/stm32cubeide/plugins/com.st.stm32cube.ide.mcu.externaltools.gnu-tools-for-stm32.7-2018-q2-update.win32_1.0.0.201904181610/tools/bin/../lib/gcc/arm-none-eabi/7.3.1/../../../../arm-none-eabi/lib/thumb/v7e-m/fpv5/hard\libc_nano.a(lib_a-nano-vfprintf_float.o)
                0x000000000800b0c8                __cvt
 .text.__exponent
                0x000000000800b16c       0x66 c:/st/stm32cubeide_1.3.0/stm32cubeide/plugins/com.st.stm32cube.ide.mcu.externaltools.gnu-tools-for-stm32.7-2018-q2-update.win32_1.0.0.201904181610/tools/bin/../lib/gcc/arm-none-eabi/7.3.1/../../../../arm-none-eabi/lib/thumb/v7e-m/fpv5/hard\libc_nano.a(lib_a-nano-vfprintf_float.o)
                0x000000000800b16c                __exponent
 *fill*         0x000000000800b1d2        0x6 
 .text._printf_float
                0x000000000800b1d8      0x458 c:/st/stm32cubeide_1.3.0/stm32cubeide/plugins/com.st.stm32cube.ide.mcu.externaltools.gnu-tools-for-stm32.7-2018-q2-update.win32_1.0.0.201904181610/tools/bin/../lib/gcc/arm-none-eabi/7.3.1/../../../../arm-none-eabi/lib/thumb/v7e-m/fpv5/hard\libc_nano.a(lib_a-nano-vfprintf_float.o)
                0x000000000800b1d8                _printf_float
 .text._printf_common
                0x000000000800b630       0xea c:/st/stm32cubeide_1.3.0/stm32cubeide/plugins/com.st.stm32cube.ide.mcu.externaltools.gnu-tools-for-stm32.7-2018-q2-update.win32_1.0.0.201904181610/tools/bin/../lib/gcc/arm-none-eabi/7.3.1/../../../../arm-none-eabi/lib/thumb/v7e-m/fpv5/hard\libc_nano.a(lib_a-nano-vfprintf_i.o)
                0x000000000800b630                _printf_common
 *fill*         0x000000000800b71a        0x2 
 .text._printf_i
                0x000000000800b71c      0x224 c:/st/stm32cubeide_1.3.0/stm32cubeide/plugins/com.st.stm32cube.ide.mcu.externaltools.gnu-tools-for-stm32.7-2018-q2-update.win32_1.0.0.201904181610/tools/bin/../lib/gcc/arm-none-eabi/7.3.1/../../../../arm-none-eabi/lib/thumb/v7e-m/fpv5/hard\libc_nano.a(lib_a-nano-vfprintf_i.o)
                0x000000000800b71c                _printf_i
 .text.sprintf  0x000000000800b940       0x40 c:/st/stm32cubeide_1.3.0/stm32cubeide/plugins/com.st.stm32cube.ide.mcu.externaltools.gnu-tools-for-stm32.7-2018-q2-update.win32_1.0.0.201904181610/tools/bin/../lib/gcc/arm-none-eabi/7.3.1/../../../../arm-none-eabi/lib/thumb/v7e-m/fpv5/hard\libc_nano.a(lib_a-sprintf.o)
                0x000000000800b940                siprintf
                0x000000000800b940                sprintf
 .text.strcpy   0x000000000800b980       0x10 c:/st/stm32cubeide_1.3.0/stm32cubeide/plugins/com.st.stm32cube.ide.mcu.externaltools.gnu-tools-for-stm32.7-2018-q2-update.win32_1.0.0.201904181610/tools/bin/../lib/gcc/arm-none-eabi/7.3.1/../../../../arm-none-eabi/lib/thumb/v7e-m/fpv5/hard\libc_nano.a(lib_a-strcpy.o)
                0x000000000800b980                strcpy
 .text.quorem   0x000000000800b990      0x118 c:/st/stm32cubeide_1.3.0/stm32cubeide/plugins/com.st.stm32cube.ide.mcu.externaltools.gnu-tools-for-stm32.7-2018-q2-update.win32_1.0.0.201904181610/tools/bin/../lib/gcc/arm-none-eabi/7.3.1/../../../../arm-none-eabi/lib/thumb/v7e-m/fpv5/hard\libc_nano.a(lib_a-dtoa.o)
 .text._dtoa_r  0x000000000800baa8      0xa98 c:/st/stm32cubeide_1.3.0/stm32cubeide/plugins/com.st.stm32cube.ide.mcu.externaltools.gnu-tools-for-stm32.7-2018-q2-update.win32_1.0.0.201904181610/tools/bin/../lib/gcc/arm-none-eabi/7.3.1/../../../../arm-none-eabi/lib/thumb/v7e-m/fpv5/hard\libc_nano.a(lib_a-dtoa.o)
                0x000000000800baa8                _dtoa_r
 .text._localeconv_r
                0x000000000800c540       0x1c c:/st/stm32cubeide_1.3.0/stm32cubeide/plugins/com.st.stm32cube.ide.mcu.externaltools.gnu-tools-for-stm32.7-2018-q2-update.win32_1.0.0.201904181610/tools/bin/../lib/gcc/arm-none-eabi/7.3.1/../../../../arm-none-eabi/lib/thumb/v7e-m/fpv5/hard\libc_nano.a(lib_a-localeconv.o)
                0x000000000800c540                _localeconv_r
 .text.malloc   0x000000000800c55c       0x10 c:/st/stm32cubeide_1.3.0/stm32cubeide/plugins/com.st.stm32cube.ide.mcu.externaltools.gnu-tools-for-stm32.7-2018-q2-update.win32_1.0.0.201904181610/tools/bin/../lib/gcc/arm-none-eabi/7.3.1/../../../../arm-none-eabi/lib/thumb/v7e-m/fpv5/hard\libc_nano.a(lib_a-malloc.o)
                0x000000000800c55c                malloc
 .text.memcpy   0x000000000800c56c       0x16 c:/st/stm32cubeide_1.3.0/stm32cubeide/plugins/com.st.stm32cube.ide.mcu.externaltools.gnu-tools-for-stm32.7-2018-q2-update.win32_1.0.0.201904181610/tools/bin/../lib/gcc/arm-none-eabi/7.3.1/../../../../arm-none-eabi/lib/thumb/v7e-m/fpv5/hard\libc_nano.a(lib_a-memcpy-stub.o)
                0x000000000800c56c                memcpy
 .text._Balloc  0x000000000800c582       0x68 c:/st/stm32cubeide_1.3.0/stm32cubeide/plugins/com.st.stm32cube.ide.mcu.externaltools.gnu-tools-for-stm32.7-2018-q2-update.win32_1.0.0.201904181610/tools/bin/../lib/gcc/arm-none-eabi/7.3.1/../../../../arm-none-eabi/lib/thumb/v7e-m/fpv5/hard\libc_nano.a(lib_a-mprec.o)
                0x000000000800c582                _Balloc
 .text._Bfree   0x000000000800c5ea       0x2e c:/st/stm32cubeide_1.3.0/stm32cubeide/plugins/com.st.stm32cube.ide.mcu.externaltools.gnu-tools-for-stm32.7-2018-q2-update.win32_1.0.0.201904181610/tools/bin/../lib/gcc/arm-none-eabi/7.3.1/../../../../arm-none-eabi/lib/thumb/v7e-m/fpv5/hard\libc_nano.a(lib_a-mprec.o)
                0x000000000800c5ea                _Bfree
 .text.__multadd
                0x000000000800c618       0x76 c:/st/stm32cubeide_1.3.0/stm32cubeide/plugins/com.st.stm32cube.ide.mcu.externaltools.gnu-tools-for-stm32.7-2018-q2-update.win32_1.0.0.201904181610/tools/bin/../lib/gcc/arm-none-eabi/7.3.1/../../../../arm-none-eabi/lib/thumb/v7e-m/fpv5/hard\libc_nano.a(lib_a-mprec.o)
                0x000000000800c618                __multadd
 .text.__hi0bits
                0x000000000800c68e       0x3e c:/st/stm32cubeide_1.3.0/stm32cubeide/plugins/com.st.stm32cube.ide.mcu.externaltools.gnu-tools-for-stm32.7-2018-q2-update.win32_1.0.0.201904181610/tools/bin/../lib/gcc/arm-none-eabi/7.3.1/../../../../arm-none-eabi/lib/thumb/v7e-m/fpv5/hard\libc_nano.a(lib_a-mprec.o)
                0x000000000800c68e                __hi0bits
 .text.__lo0bits
                0x000000000800c6cc       0x5e c:/st/stm32cubeide_1.3.0/stm32cubeide/plugins/com.st.stm32cube.ide.mcu.externaltools.gnu-tools-for-stm32.7-2018-q2-update.win32_1.0.0.201904181610/tools/bin/../lib/gcc/arm-none-eabi/7.3.1/../../../../arm-none-eabi/lib/thumb/v7e-m/fpv5/hard\libc_nano.a(lib_a-mprec.o)
                0x000000000800c6cc                __lo0bits
 .text.__i2b    0x000000000800c72a       0x12 c:/st/stm32cubeide_1.3.0/stm32cubeide/plugins/com.st.stm32cube.ide.mcu.externaltools.gnu-tools-for-stm32.7-2018-q2-update.win32_1.0.0.201904181610/tools/bin/../lib/gcc/arm-none-eabi/7.3.1/../../../../arm-none-eabi/lib/thumb/v7e-m/fpv5/hard\libc_nano.a(lib_a-mprec.o)
                0x000000000800c72a                __i2b
 .text.__multiply
                0x000000000800c73c      0x12c c:/st/stm32cubeide_1.3.0/stm32cubeide/plugins/com.st.stm32cube.ide.mcu.externaltools.gnu-tools-for-stm32.7-2018-q2-update.win32_1.0.0.201904181610/tools/bin/../lib/gcc/arm-none-eabi/7.3.1/../../../../arm-none-eabi/lib/thumb/v7e-m/fpv5/hard\libc_nano.a(lib_a-mprec.o)
                0x000000000800c73c                __multiply
 .text.__pow5mult
                0x000000000800c868       0x9c c:/st/stm32cubeide_1.3.0/stm32cubeide/plugins/com.st.stm32cube.ide.mcu.externaltools.gnu-tools-for-stm32.7-2018-q2-update.win32_1.0.0.201904181610/tools/bin/../lib/gcc/arm-none-eabi/7.3.1/../../../../arm-none-eabi/lib/thumb/v7e-m/fpv5/hard\libc_nano.a(lib_a-mprec.o)
                0x000000000800c868                __pow5mult
 .text.__lshift
                0x000000000800c904       0xa8 c:/st/stm32cubeide_1.3.0/stm32cubeide/plugins/com.st.stm32cube.ide.mcu.externaltools.gnu-tools-for-stm32.7-2018-q2-update.win32_1.0.0.201904181610/tools/bin/../lib/gcc/arm-none-eabi/7.3.1/../../../../arm-none-eabi/lib/thumb/v7e-m/fpv5/hard\libc_nano.a(lib_a-mprec.o)
                0x000000000800c904                __lshift
 .text.__mcmp   0x000000000800c9ac       0x34 c:/st/stm32cubeide_1.3.0/stm32cubeide/plugins/com.st.stm32cube.ide.mcu.externaltools.gnu-tools-for-stm32.7-2018-q2-update.win32_1.0.0.201904181610/tools/bin/../lib/gcc/arm-none-eabi/7.3.1/../../../../arm-none-eabi/lib/thumb/v7e-m/fpv5/hard\libc_nano.a(lib_a-mprec.o)
                0x000000000800c9ac                __mcmp
 .text.__mdiff  0x000000000800c9e0       0xba c:/st/stm32cubeide_1.3.0/stm32cubeide/plugins/com.st.stm32cube.ide.mcu.externaltools.gnu-tools-for-stm32.7-2018-q2-update.win32_1.0.0.201904181610/tools/bin/../lib/gcc/arm-none-eabi/7.3.1/../../../../arm-none-eabi/lib/thumb/v7e-m/fpv5/hard\libc_nano.a(lib_a-mprec.o)
                0x000000000800c9e0                __mdiff
 .text.__d2b    0x000000000800ca9a       0x9e c:/st/stm32cubeide_1.3.0/stm32cubeide/plugins/com.st.stm32cube.ide.mcu.externaltools.gnu-tools-for-stm32.7-2018-q2-update.win32_1.0.0.201904181610/tools/bin/../lib/gcc/arm-none-eabi/7.3.1/../../../../arm-none-eabi/lib/thumb/v7e-m/fpv5/hard\libc_nano.a(lib_a-mprec.o)
                0x000000000800ca9a                __d2b
 .text._calloc_r
                0x000000000800cb38       0x1c c:/st/stm32cubeide_1.3.0/stm32cubeide/plugins/com.st.stm32cube.ide.mcu.externaltools.gnu-tools-for-stm32.7-2018-q2-update.win32_1.0.0.201904181610/tools/bin/../lib/gcc/arm-none-eabi/7.3.1/../../../../arm-none-eabi/lib/thumb/v7e-m/fpv5/hard\libc_nano.a(lib_a-nano-callocr.o)
                0x000000000800cb38                _calloc_r
 .text._free_r  0x000000000800cb54       0x9c c:/st/stm32cubeide_1.3.0/stm32cubeide/plugins/com.st.stm32cube.ide.mcu.externaltools.gnu-tools-for-stm32.7-2018-q2-update.win32_1.0.0.201904181610/tools/bin/../lib/gcc/arm-none-eabi/7.3.1/../../../../arm-none-eabi/lib/thumb/v7e-m/fpv5/hard\libc_nano.a(lib_a-nano-freer.o)
                0x000000000800cb54                _free_r
 .text._malloc_r
                0x000000000800cbf0       0xb4 c:/st/stm32cubeide_1.3.0/stm32cubeide/plugins/com.st.stm32cube.ide.mcu.externaltools.gnu-tools-for-stm32.7-2018-q2-update.win32_1.0.0.201904181610/tools/bin/../lib/gcc/arm-none-eabi/7.3.1/../../../../arm-none-eabi/lib/thumb/v7e-m/fpv5/hard\libc_nano.a(lib_a-nano-mallocr.o)
                0x000000000800cbf0                _malloc_r
 .text.__ssputs_r
                0x000000000800cca4       0xb4 c:/st/stm32cubeide_1.3.0/stm32cubeide/plugins/com.st.stm32cube.ide.mcu.externaltools.gnu-tools-for-stm32.7-2018-q2-update.win32_1.0.0.201904181610/tools/bin/../lib/gcc/arm-none-eabi/7.3.1/../../../../arm-none-eabi/lib/thumb/v7e-m/fpv5/hard\libc_nano.a(lib_a-nano-svfprintf.o)
                0x000000000800cca4                __ssputs_r
 .text._svfprintf_r
                0x000000000800cd58      0x1f0 c:/st/stm32cubeide_1.3.0/stm32cubeide/plugins/com.st.stm32cube.ide.mcu.externaltools.gnu-tools-for-stm32.7-2018-q2-update.win32_1.0.0.201904181610/tools/bin/../lib/gcc/arm-none-eabi/7.3.1/../../../../arm-none-eabi/lib/thumb/v7e-m/fpv5/hard\libc_nano.a(lib_a-nano-svfprintf.o)
                0x000000000800cd58                _svfiprintf_r
                0x000000000800cd58                _svfprintf_r
 .text._sbrk_r  0x000000000800cf48       0x20 c:/st/stm32cubeide_1.3.0/stm32cubeide/plugins/com.st.stm32cube.ide.mcu.externaltools.gnu-tools-for-stm32.7-2018-q2-update.win32_1.0.0.201904181610/tools/bin/../lib/gcc/arm-none-eabi/7.3.1/../../../../arm-none-eabi/lib/thumb/v7e-m/fpv5/hard\libc_nano.a(lib_a-sbrkr.o)
                0x000000000800cf48                _sbrk_r
 .text.__ascii_mbtowc
                0x000000000800cf68       0x24 c:/st/stm32cubeide_1.3.0/stm32cubeide/plugins/com.st.stm32cube.ide.mcu.externaltools.gnu-tools-for-stm32.7-2018-q2-update.win32_1.0.0.201904181610/tools/bin/../lib/gcc/arm-none-eabi/7.3.1/../../../../arm-none-eabi/lib/thumb/v7e-m/fpv5/hard\libc_nano.a(lib_a-mbtowc_r.o)
                0x000000000800cf68                __ascii_mbtowc
 .text.memmove  0x000000000800cf8c       0x32 c:/st/stm32cubeide_1.3.0/stm32cubeide/plugins/com.st.stm32cube.ide.mcu.externaltools.gnu-tools-for-stm32.7-2018-q2-update.win32_1.0.0.201904181610/tools/bin/../lib/gcc/arm-none-eabi/7.3.1/../../../../arm-none-eabi/lib/thumb/v7e-m/fpv5/hard\libc_nano.a(lib_a-memmove.o)
                0x000000000800cf8c                memmove
 .text.__malloc_lock
                0x000000000800cfbe        0x2 c:/st/stm32cubeide_1.3.0/stm32cubeide/plugins/com.st.stm32cube.ide.mcu.externaltools.gnu-tools-for-stm32.7-2018-q2-update.win32_1.0.0.201904181610/tools/bin/../lib/gcc/arm-none-eabi/7.3.1/../../../../arm-none-eabi/lib/thumb/v7e-m/fpv5/hard\libc_nano.a(lib_a-mlock.o)
                0x000000000800cfbe                __malloc_lock
 .text.__malloc_unlock
                0x000000000800cfc0        0x2 c:/st/stm32cubeide_1.3.0/stm32cubeide/plugins/com.st.stm32cube.ide.mcu.externaltools.gnu-tools-for-stm32.7-2018-q2-update.win32_1.0.0.201904181610/tools/bin/../lib/gcc/arm-none-eabi/7.3.1/../../../../arm-none-eabi/lib/thumb/v7e-m/fpv5/hard\libc_nano.a(lib_a-mlock.o)
                0x000000000800cfc0                __malloc_unlock
 .text._realloc_r
                0x000000000800cfc2       0x4c c:/st/stm32cubeide_1.3.0/stm32cubeide/plugins/com.st.stm32cube.ide.mcu.externaltools.gnu-tools-for-stm32.7-2018-q2-update.win32_1.0.0.201904181610/tools/bin/../lib/gcc/arm-none-eabi/7.3.1/../../../../arm-none-eabi/lib/thumb/v7e-m/fpv5/hard\libc_nano.a(lib_a-nano-reallocr.o)
                0x000000000800cfc2                _realloc_r
 .text.__ascii_wctomb
                0x000000000800d00e       0x1a c:/st/stm32cubeide_1.3.0/stm32cubeide/plugins/com.st.stm32cube.ide.mcu.externaltools.gnu-tools-for-stm32.7-2018-q2-update.win32_1.0.0.201904181610/tools/bin/../lib/gcc/arm-none-eabi/7.3.1/../../../../arm-none-eabi/lib/thumb/v7e-m/fpv5/hard\libc_nano.a(lib_a-wctomb_r.o)
                0x000000000800d00e                __ascii_wctomb
 .text._malloc_usable_size_r
                0x000000000800d028       0x10 c:/st/stm32cubeide_1.3.0/stm32cubeide/plugins/com.st.stm32cube.ide.mcu.externaltools.gnu-tools-for-stm32.7-2018-q2-update.win32_1.0.0.201904181610/tools/bin/../lib/gcc/arm-none-eabi/7.3.1/../../../../arm-none-eabi/lib/thumb/v7e-m/fpv5/hard\libc_nano.a(lib_a-nano-msizer.o)
                0x000000000800d028                _malloc_usable_size_r
 .text.cos      0x000000000800d038       0x78 c:/st/stm32cubeide_1.3.0/stm32cubeide/plugins/com.st.stm32cube.ide.mcu.externaltools.gnu-tools-for-stm32.7-2018-q2-update.win32_1.0.0.201904181610/tools/bin/../lib/gcc/arm-none-eabi/7.3.1/../../../../arm-none-eabi/lib/thumb/v7e-m/fpv5/hard\libm.a(lib_a-s_cos.o)
                0x000000000800d038                cos
 .text.sin      0x000000000800d0b0       0x78 c:/st/stm32cubeide_1.3.0/stm32cubeide/plugins/com.st.stm32cube.ide.mcu.externaltools.gnu-tools-for-stm32.7-2018-q2-update.win32_1.0.0.201904181610/tools/bin/../lib/gcc/arm-none-eabi/7.3.1/../../../../arm-none-eabi/lib/thumb/v7e-m/fpv5/hard\libm.a(lib_a-s_sin.o)
                0x000000000800d0b0                sin
 .text.log10    0x000000000800d128       0xdc c:/st/stm32cubeide_1.3.0/stm32cubeide/plugins/com.st.stm32cube.ide.mcu.externaltools.gnu-tools-for-stm32.7-2018-q2-update.win32_1.0.0.201904181610/tools/bin/../lib/gcc/arm-none-eabi/7.3.1/../../../../arm-none-eabi/lib/thumb/v7e-m/fpv5/hard\libm.a(lib_a-w_log10.o)
                0x000000000800d128                log10
 *fill*         0x000000000800d204        0x4 
 .text.pow      0x000000000800d208      0x25c c:/st/stm32cubeide_1.3.0/stm32cubeide/plugins/com.st.stm32cube.ide.mcu.externaltools.gnu-tools-for-stm32.7-2018-q2-update.win32_1.0.0.201904181610/tools/bin/../lib/gcc/arm-none-eabi/7.3.1/../../../../arm-none-eabi/lib/thumb/v7e-m/fpv5/hard\libm.a(lib_a-w_pow.o)
                0x000000000800d208                pow
 *fill*         0x000000000800d464        0x4 
 .text.__ieee754_log10
                0x000000000800d468       0xec c:/st/stm32cubeide_1.3.0/stm32cubeide/plugins/com.st.stm32cube.ide.mcu.externaltools.gnu-tools-for-stm32.7-2018-q2-update.win32_1.0.0.201904181610/tools/bin/../lib/gcc/arm-none-eabi/7.3.1/../../../../arm-none-eabi/lib/thumb/v7e-m/fpv5/hard\libm.a(lib_a-e_log10.o)
                0x000000000800d468                __ieee754_log10
 *fill*         0x000000000800d554        0x4 
 .text.__ieee754_pow
                0x000000000800d558      0x70c c:/st/stm32cubeide_1.3.0/stm32cubeide/plugins/com.st.stm32cube.ide.mcu.externaltools.gnu-tools-for-stm32.7-2018-q2-update.win32_1.0.0.201904181610/tools/bin/../lib/gcc/arm-none-eabi/7.3.1/../../../../arm-none-eabi/lib/thumb/v7e-m/fpv5/hard\libm.a(lib_a-e_pow.o)
                0x000000000800d558                __ieee754_pow
 *fill*         0x000000000800dc64        0x4 
 .text.__ieee754_rem_pio2
                0x000000000800dc68      0x278 c:/st/stm32cubeide_1.3.0/stm32cubeide/plugins/com.st.stm32cube.ide.mcu.externaltools.gnu-tools-for-stm32.7-2018-q2-update.win32_1.0.0.201904181610/tools/bin/../lib/gcc/arm-none-eabi/7.3.1/../../../../arm-none-eabi/lib/thumb/v7e-m/fpv5/hard\libm.a(lib_a-e_rem_pio2.o)
                0x000000000800dc68                __ieee754_rem_pio2
 .text.__ieee754_sqrt
                0x000000000800dee0        0x6 c:/st/stm32cubeide_1.3.0/stm32cubeide/plugins/com.st.stm32cube.ide.mcu.externaltools.gnu-tools-for-stm32.7-2018-q2-update.win32_1.0.0.201904181610/tools/bin/../lib/gcc/arm-none-eabi/7.3.1/../../../../arm-none-eabi/lib/thumb/v7e-m/fpv5/hard\libm.a(lib_a-e_sqrt.o)
                0x000000000800dee0                __ieee754_sqrt
 *fill*         0x000000000800dee6        0x2 
 .text.__kernel_cos
                0x000000000800dee8       0xd8 c:/st/stm32cubeide_1.3.0/stm32cubeide/plugins/com.st.stm32cube.ide.mcu.externaltools.gnu-tools-for-stm32.7-2018-q2-update.win32_1.0.0.201904181610/tools/bin/../lib/gcc/arm-none-eabi/7.3.1/../../../../arm-none-eabi/lib/thumb/v7e-m/fpv5/hard\libm.a(lib_a-k_cos.o)
                0x000000000800dee8                __kernel_cos
 .text.__kernel_rem_pio2
                0x000000000800dfc0      0x538 c:/st/stm32cubeide_1.3.0/stm32cubeide/plugins/com.st.stm32cube.ide.mcu.externaltools.gnu-tools-for-stm32.7-2018-q2-update.win32_1.0.0.201904181610/tools/bin/../lib/gcc/arm-none-eabi/7.3.1/../../../../arm-none-eabi/lib/thumb/v7e-m/fpv5/hard\libm.a(lib_a-k_rem_pio2.o)
                0x000000000800dfc0                __kernel_rem_pio2
 .text.__kernel_sin
                0x000000000800e4f8       0xb0 c:/st/stm32cubeide_1.3.0/stm32cubeide/plugins/com.st.stm32cube.ide.mcu.externaltools.gnu-tools-for-stm32.7-2018-q2-update.win32_1.0.0.201904181610/tools/bin/../lib/gcc/arm-none-eabi/7.3.1/../../../../arm-none-eabi/lib/thumb/v7e-m/fpv5/hard\libm.a(lib_a-k_sin.o)
                0x000000000800e4f8                __kernel_sin
 .text.fabs     0x000000000800e5a8       0x12 c:/st/stm32cubeide_1.3.0/stm32cubeide/plugins/com.st.stm32cube.ide.mcu.externaltools.gnu-tools-for-stm32.7-2018-q2-update.win32_1.0.0.201904181610/tools/bin/../lib/gcc/arm-none-eabi/7.3.1/../../../../arm-none-eabi/lib/thumb/v7e-m/fpv5/hard\libm.a(lib_a-s_fabs.o)
                0x000000000800e5a8                fabs
 .text.finite   0x000000000800e5ba       0x10 c:/st/stm32cubeide_1.3.0/stm32cubeide/plugins/com.st.stm32cube.ide.mcu.externaltools.gnu-tools-for-stm32.7-2018-q2-update.win32_1.0.0.201904181610/tools/bin/../lib/gcc/arm-none-eabi/7.3.1/../../../../arm-none-eabi/lib/thumb/v7e-m/fpv5/hard\libm.a(lib_a-s_finite.o)
                0x000000000800e5ba                finite
 *fill*         0x000000000800e5ca        0x6 
 .text.floor    0x000000000800e5d0       0xf0 c:/st/stm32cubeide_1.3.0/stm32cubeide/plugins/com.st.stm32cube.ide.mcu.externaltools.gnu-tools-for-stm32.7-2018-q2-update.win32_1.0.0.201904181610/tools/bin/../lib/gcc/arm-none-eabi/7.3.1/../../../../arm-none-eabi/lib/thumb/v7e-m/fpv5/hard\libm.a(lib_a-s_floor.o)
                0x000000000800e5d0                floor
 .text.matherr  0x000000000800e6c0        0x4 c:/st/stm32cubeide_1.3.0/stm32cubeide/plugins/com.st.stm32cube.ide.mcu.externaltools.gnu-tools-for-stm32.7-2018-q2-update.win32_1.0.0.201904181610/tools/bin/../lib/gcc/arm-none-eabi/7.3.1/../../../../arm-none-eabi/lib/thumb/v7e-m/fpv5/hard\libm.a(lib_a-s_matherr.o)
                0x000000000800e6c0                matherr
 *fill*         0x000000000800e6c4        0x4 
 .text.nan      0x000000000800e6c8       0x10 c:/st/stm32cubeide_1.3.0/stm32cubeide/plugins/com.st.stm32cube.ide.mcu.externaltools.gnu-tools-for-stm32.7-2018-q2-update.win32_1.0.0.201904181610/tools/bin/../lib/gcc/arm-none-eabi/7.3.1/../../../../arm-none-eabi/lib/thumb/v7e-m/fpv5/hard\libm.a(lib_a-s_nan.o)
                0x000000000800e6c8                nan
 .text.rint     0x000000000800e6d8      0x114 c:/st/stm32cubeide_1.3.0/stm32cubeide/plugins/com.st.stm32cube.ide.mcu.externaltools.gnu-tools-for-stm32.7-2018-q2-update.win32_1.0.0.201904181610/tools/bin/../lib/gcc/arm-none-eabi/7.3.1/../../../../arm-none-eabi/lib/thumb/v7e-m/fpv5/hard\libm.a(lib_a-s_rint.o)
                0x000000000800e6d8                rint
 *fill*         0x000000000800e7ec        0x4 
 .text.scalbn   0x000000000800e7f0       0xfc c:/st/stm32cubeide_1.3.0/stm32cubeide/plugins/com.st.stm32cube.ide.mcu.externaltools.gnu-tools-for-stm32.7-2018-q2-update.win32_1.0.0.201904181610/tools/bin/../lib/gcc/arm-none-eabi/7.3.1/../../../../arm-none-eabi/lib/thumb/v7e-m/fpv5/hard\libm.a(lib_a-s_scalbn.o)
                0x000000000800e7f0                scalbn
 *fill*         0x000000000800e8ec        0x4 
 .text.__ieee754_log
                0x000000000800e8f0      0x234 c:/st/stm32cubeide_1.3.0/stm32cubeide/plugins/com.st.stm32cube.ide.mcu.externaltools.gnu-tools-for-stm32.7-2018-q2-update.win32_1.0.0.201904181610/tools/bin/../lib/gcc/arm-none-eabi/7.3.1/../../../../arm-none-eabi/lib/thumb/v7e-m/fpv5/hard\libm.a(lib_a-e_log.o)
                0x000000000800e8f0                __ieee754_log
 .text.copysign
                0x000000000800eb24       0x1e c:/st/stm32cubeide_1.3.0/stm32cubeide/plugins/com.st.stm32cube.ide.mcu.externaltools.gnu-tools-for-stm32.7-2018-q2-update.win32_1.0.0.201904181610/tools/bin/../lib/gcc/arm-none-eabi/7.3.1/../../../../arm-none-eabi/lib/thumb/v7e-m/fpv5/hard\libm.a(lib_a-s_copysign.o)
                0x000000000800eb24                copysign
 *(.glue_7)
 .glue_7        0x000000000800eb42        0x0 linker stubs
 *(.glue_7t)
 .glue_7t       0x000000000800eb42        0x0 linker stubs
 *(.eh_frame)
 *fill*         0x000000000800eb42        0x2 
 .eh_frame      0x000000000800eb44        0x0 c:/st/stm32cubeide_1.3.0/stm32cubeide/plugins/com.st.stm32cube.ide.mcu.externaltools.gnu-tools-for-stm32.7-2018-q2-update.win32_1.0.0.201904181610/tools/bin/../lib/gcc/arm-none-eabi/7.3.1/thumb/v7e-m/fpv5/hard/crtbegin.o
 *(.init)
 .init          0x000000000800eb44        0x4 c:/st/stm32cubeide_1.3.0/stm32cubeide/plugins/com.st.stm32cube.ide.mcu.externaltools.gnu-tools-for-stm32.7-2018-q2-update.win32_1.0.0.201904181610/tools/bin/../lib/gcc/arm-none-eabi/7.3.1/thumb/v7e-m/fpv5/hard/crti.o
                0x000000000800eb44                _init
 .init          0x000000000800eb48        0x8 c:/st/stm32cubeide_1.3.0/stm32cubeide/plugins/com.st.stm32cube.ide.mcu.externaltools.gnu-tools-for-stm32.7-2018-q2-update.win32_1.0.0.201904181610/tools/bin/../lib/gcc/arm-none-eabi/7.3.1/thumb/v7e-m/fpv5/hard/crtn.o
 *(.fini)
 .fini          0x000000000800eb50        0x4 c:/st/stm32cubeide_1.3.0/stm32cubeide/plugins/com.st.stm32cube.ide.mcu.externaltools.gnu-tools-for-stm32.7-2018-q2-update.win32_1.0.0.201904181610/tools/bin/../lib/gcc/arm-none-eabi/7.3.1/thumb/v7e-m/fpv5/hard/crti.o
                0x000000000800eb50                _fini
 .fini          0x000000000800eb54        0x8 c:/st/stm32cubeide_1.3.0/stm32cubeide/plugins/com.st.stm32cube.ide.mcu.externaltools.gnu-tools-for-stm32.7-2018-q2-update.win32_1.0.0.201904181610/tools/bin/../lib/gcc/arm-none-eabi/7.3.1/thumb/v7e-m/fpv5/hard/crtn.o
                0x000000000800eb5c                . = ALIGN (0x4)
                0x000000000800eb5c                _etext = .

.vfp11_veneer   0x000000000800eb5c        0x0
 .vfp11_veneer  0x000000000800eb5c        0x0 linker stubs

.v4_bx          0x000000000800eb5c        0x0
 .v4_bx         0x000000000800eb5c        0x0 linker stubs

.iplt           0x000000000800eb5c        0x0
 .iplt          0x000000000800eb5c        0x0 c:/st/stm32cubeide_1.3.0/stm32cubeide/plugins/com.st.stm32cube.ide.mcu.externaltools.gnu-tools-for-stm32.7-2018-q2-update.win32_1.0.0.201904181610/tools/bin/../lib/gcc/arm-none-eabi/7.3.1/thumb/v7e-m/fpv5/hard/crtbegin.o

.rodata         0x000000000800eb60     0xf3f8
                0x000000000800eb60                . = ALIGN (0x4)
 *(.rodata)
 *(.rodata*)
 .rodata.FFTmaskAM_I
                0x000000000800eb60     0x2000 Core/Src/SDR_func.o
                0x000000000800eb60                FFTmaskAM_I
 .rodata.FFTmaskAM_R
                0x0000000008010b60     0x2000 Core/Src/SDR_func.o
                0x0000000008010b60                FFTmaskAM_R
 .rodata.FFTmaskCW_I
                0x0000000008012b60     0x2000 Core/Src/SDR_func.o
                0x0000000008012b60                FFTmaskCW_I
 .rodata.FFTmaskCW_R
                0x0000000008014b60     0x2000 Core/Src/SDR_func.o
                0x0000000008014b60                FFTmaskCW_R
 .rodata.FFTmaskSSB_I
                0x0000000008016b60     0x2000 Core/Src/SDR_func.o
                0x0000000008016b60                FFTmaskSSB_I
 .rodata.FFTmaskSSB_R
                0x0000000008018b60     0x2000 Core/Src/SDR_func.o
                0x0000000008018b60                FFTmaskSSB_R
 .rodata.pBws   0x000000000801ab60        0xe Core/Src/SDR_func.o
 *fill*         0x000000000801ab6e        0x2 
 .rodata.pFreqs
                0x000000000801ab70       0x38 Core/Src/SDR_func.o
 .rodata.pModes
                0x000000000801aba8        0xe Core/Src/SDR_func.o
 *fill*         0x000000000801abb6        0x2 
 .rodata.DisplayStatus.str1.4
                0x000000000801abb8       0x9a Core/Src/main.o
 *fill*         0x000000000801ac52        0x2 
 .rodata.UserInput.str1.4
                0x000000000801ac54        0xc Core/Src/main.o
                                          0xa (size before relaxing)
 .rodata.D1CorePrescTable
                0x000000000801ac60       0x10 Core/Src/system_stm32h7xx.o
                0x000000000801ac60                D1CorePrescTable
 .rodata.flagBitshiftOffset.11739
                0x000000000801ac70        0x8 Drivers/STM32H7xx_HAL_Driver/Src/stm32h7xx_hal_dma.o
 .rodata.CSWTCH.421
                0x000000000801ac78       0x29 Drivers/STM32H7xx_HAL_Driver/Src/stm32h7xx_hal_uart.o
 *fill*         0x000000000801aca1        0x3 
 .rodata.CSWTCH.422
                0x000000000801aca4        0x6 Drivers/STM32H7xx_HAL_Driver/Src/stm32h7xx_hal_uart.o
 *fill*         0x000000000801acaa        0x2 
 .rodata.CSWTCH.429
                0x000000000801acac        0x6 Drivers/STM32H7xx_HAL_Driver/Src/stm32h7xx_hal_uart.o
 *fill*         0x000000000801acb2        0x2 
 .rodata.arm_cfft_sR_f32_len1024
                0x000000000801acb4       0x10 C:\Users\albytest\STM32Cube\Repository\STM32Cube_FW_H7_V1.7.0\Drivers\CMSIS/Lib/GCC\libarm_cortexM7lfsp_math.a(arm_const_structs.o)
                0x000000000801acb4                arm_cfft_sR_f32_len1024
 .rodata.twiddleCoef_1024
                0x000000000801acc4     0x2000 C:\Users\albytest\STM32Cube\Repository\STM32Cube_FW_H7_V1.7.0\Drivers\CMSIS/Lib/GCC\libarm_cortexM7lfsp_math.a(arm_common_tables.o)
                0x000000000801acc4                twiddleCoef_1024
 .rodata.armBitRevIndexTable1024
                0x000000000801ccc4      0xe10 C:\Users\albytest\STM32Cube\Repository\STM32Cube_FW_H7_V1.7.0\Drivers\CMSIS/Lib/GCC\libarm_cortexM7lfsp_math.a(arm_common_tables.o)
                0x000000000801ccc4                armBitRevIndexTable1024
 .rodata._printf_float.str1.1
                0x000000000801dad4       0x10 c:/st/stm32cubeide_1.3.0/stm32cubeide/plugins/com.st.stm32cube.ide.mcu.externaltools.gnu-tools-for-stm32.7-2018-q2-update.win32_1.0.0.201904181610/tools/bin/../lib/gcc/arm-none-eabi/7.3.1/../../../../arm-none-eabi/lib/thumb/v7e-m/fpv5/hard\libc_nano.a(lib_a-nano-vfprintf_float.o)
                                         0x12 (size before relaxing)
 .rodata._printf_i.str1.1
                0x000000000801dae4       0x22 c:/st/stm32cubeide_1.3.0/stm32cubeide/plugins/com.st.stm32cube.ide.mcu.externaltools.gnu-tools-for-stm32.7-2018-q2-update.win32_1.0.0.201904181610/tools/bin/../lib/gcc/arm-none-eabi/7.3.1/../../../../arm-none-eabi/lib/thumb/v7e-m/fpv5/hard\libc_nano.a(lib_a-nano-vfprintf_i.o)
 .rodata._dtoa_r.str1.1
                0x000000000801db06        0xd c:/st/stm32cubeide_1.3.0/stm32cubeide/plugins/com.st.stm32cube.ide.mcu.externaltools.gnu-tools-for-stm32.7-2018-q2-update.win32_1.0.0.201904181610/tools/bin/../lib/gcc/arm-none-eabi/7.3.1/../../../../arm-none-eabi/lib/thumb/v7e-m/fpv5/hard\libc_nano.a(lib_a-dtoa.o)
                                          0xf (size before relaxing)
 *fill*         0x000000000801db13        0x5 
 .rodata.__mprec_bigtens
                0x000000000801db18       0x28 c:/st/stm32cubeide_1.3.0/stm32cubeide/plugins/com.st.stm32cube.ide.mcu.externaltools.gnu-tools-for-stm32.7-2018-q2-update.win32_1.0.0.201904181610/tools/bin/../lib/gcc/arm-none-eabi/7.3.1/../../../../arm-none-eabi/lib/thumb/v7e-m/fpv5/hard\libc_nano.a(lib_a-mprec.o)
                0x000000000801db18                __mprec_bigtens
 .rodata.__mprec_tens
                0x000000000801db40       0xc8 c:/st/stm32cubeide_1.3.0/stm32cubeide/plugins/com.st.stm32cube.ide.mcu.externaltools.gnu-tools-for-stm32.7-2018-q2-update.win32_1.0.0.201904181610/tools/bin/../lib/gcc/arm-none-eabi/7.3.1/../../../../arm-none-eabi/lib/thumb/v7e-m/fpv5/hard\libc_nano.a(lib_a-mprec.o)
                0x000000000801db40                __mprec_tens
 .rodata.p05.7359
                0x000000000801dc08        0xc c:/st/stm32cubeide_1.3.0/stm32cubeide/plugins/com.st.stm32cube.ide.mcu.externaltools.gnu-tools-for-stm32.7-2018-q2-update.win32_1.0.0.201904181610/tools/bin/../lib/gcc/arm-none-eabi/7.3.1/../../../../arm-none-eabi/lib/thumb/v7e-m/fpv5/hard\libc_nano.a(lib_a-mprec.o)
 .rodata._svfprintf_r.str1.1
                0x000000000801dc14       0x11 c:/st/stm32cubeide_1.3.0/stm32cubeide/plugins/com.st.stm32cube.ide.mcu.externaltools.gnu-tools-for-stm32.7-2018-q2-update.win32_1.0.0.201904181610/tools/bin/../lib/gcc/arm-none-eabi/7.3.1/../../../../arm-none-eabi/lib/thumb/v7e-m/fpv5/hard\libc_nano.a(lib_a-nano-svfprintf.o)
 .rodata._setlocale_r.str1.1
                0x000000000801dc25        0x8 c:/st/stm32cubeide_1.3.0/stm32cubeide/plugins/com.st.stm32cube.ide.mcu.externaltools.gnu-tools-for-stm32.7-2018-q2-update.win32_1.0.0.201904181610/tools/bin/../lib/gcc/arm-none-eabi/7.3.1/../../../../arm-none-eabi/lib/thumb/v7e-m/fpv5/hard\libc_nano.a(lib_a-locale.o)
                                          0x9 (size before relaxing)
 .rodata.str1.1
                0x000000000801dc2d        0x2 c:/st/stm32cubeide_1.3.0/stm32cubeide/plugins/com.st.stm32cube.ide.mcu.externaltools.gnu-tools-for-stm32.7-2018-q2-update.win32_1.0.0.201904181610/tools/bin/../lib/gcc/arm-none-eabi/7.3.1/../../../../arm-none-eabi/lib/thumb/v7e-m/fpv5/hard\libc_nano.a(lib_a-locale.o)
 .rodata._ctype_
                0x000000000801dc2f      0x101 c:/st/stm32cubeide_1.3.0/stm32cubeide/plugins/com.st.stm32cube.ide.mcu.externaltools.gnu-tools-for-stm32.7-2018-q2-update.win32_1.0.0.201904181610/tools/bin/../lib/gcc/arm-none-eabi/7.3.1/../../../../arm-none-eabi/lib/thumb/v7e-m/fpv5/hard\libc_nano.a(lib_a-ctype_.o)
                0x000000000801dc2f                _ctype_
 .rodata.log10.str1.1
                0x000000000801dd30        0x6 c:/st/stm32cubeide_1.3.0/stm32cubeide/plugins/com.st.stm32cube.ide.mcu.externaltools.gnu-tools-for-stm32.7-2018-q2-update.win32_1.0.0.201904181610/tools/bin/../lib/gcc/arm-none-eabi/7.3.1/../../../../arm-none-eabi/lib/thumb/v7e-m/fpv5/hard\libm.a(lib_a-w_log10.o)
                                          0x7 (size before relaxing)
 .rodata.pow.str1.1
                0x000000000801dd36        0x4 c:/st/stm32cubeide_1.3.0/stm32cubeide/plugins/com.st.stm32cube.ide.mcu.externaltools.gnu-tools-for-stm32.7-2018-q2-update.win32_1.0.0.201904181610/tools/bin/../lib/gcc/arm-none-eabi/7.3.1/../../../../arm-none-eabi/lib/thumb/v7e-m/fpv5/hard\libm.a(lib_a-w_pow.o)
 .rodata.__ieee754_pow.str1.1
                0x000000000801dd3a        0x1 c:/st/stm32cubeide_1.3.0/stm32cubeide/plugins/com.st.stm32cube.ide.mcu.externaltools.gnu-tools-for-stm32.7-2018-q2-update.win32_1.0.0.201904181610/tools/bin/../lib/gcc/arm-none-eabi/7.3.1/../../../../arm-none-eabi/lib/thumb/v7e-m/fpv5/hard\libm.a(lib_a-e_pow.o)
 *fill*         0x000000000801dd3a        0x6 
 .rodata.bp     0x000000000801dd40       0x10 c:/st/stm32cubeide_1.3.0/stm32cubeide/plugins/com.st.stm32cube.ide.mcu.externaltools.gnu-tools-for-stm32.7-2018-q2-update.win32_1.0.0.201904181610/tools/bin/../lib/gcc/arm-none-eabi/7.3.1/../../../../arm-none-eabi/lib/thumb/v7e-m/fpv5/hard\libm.a(lib_a-e_pow.o)
 .rodata.dp_h   0x000000000801dd50       0x10 c:/st/stm32cubeide_1.3.0/stm32cubeide/plugins/com.st.stm32cube.ide.mcu.externaltools.gnu-tools-for-stm32.7-2018-q2-update.win32_1.0.0.201904181610/tools/bin/../lib/gcc/arm-none-eabi/7.3.1/../../../../arm-none-eabi/lib/thumb/v7e-m/fpv5/hard\libm.a(lib_a-e_pow.o)
 .rodata.dp_l   0x000000000801dd60       0x10 c:/st/stm32cubeide_1.3.0/stm32cubeide/plugins/com.st.stm32cube.ide.mcu.externaltools.gnu-tools-for-stm32.7-2018-q2-update.win32_1.0.0.201904181610/tools/bin/../lib/gcc/arm-none-eabi/7.3.1/../../../../arm-none-eabi/lib/thumb/v7e-m/fpv5/hard\libm.a(lib_a-e_pow.o)
 .rodata.npio2_hw
                0x000000000801dd70       0x80 c:/st/stm32cubeide_1.3.0/stm32cubeide/plugins/com.st.stm32cube.ide.mcu.externaltools.gnu-tools-for-stm32.7-2018-q2-update.win32_1.0.0.201904181610/tools/bin/../lib/gcc/arm-none-eabi/7.3.1/../../../../arm-none-eabi/lib/thumb/v7e-m/fpv5/hard\libm.a(lib_a-e_rem_pio2.o)
 .rodata.two_over_pi
                0x000000000801ddf0      0x108 c:/st/stm32cubeide_1.3.0/stm32cubeide/plugins/com.st.stm32cube.ide.mcu.externaltools.gnu-tools-for-stm32.7-2018-q2-update.win32_1.0.0.201904181610/tools/bin/../lib/gcc/arm-none-eabi/7.3.1/../../../../arm-none-eabi/lib/thumb/v7e-m/fpv5/hard\libm.a(lib_a-e_rem_pio2.o)
 .rodata.PIo2   0x000000000801def8       0x40 c:/st/stm32cubeide_1.3.0/stm32cubeide/plugins/com.st.stm32cube.ide.mcu.externaltools.gnu-tools-for-stm32.7-2018-q2-update.win32_1.0.0.201904181610/tools/bin/../lib/gcc/arm-none-eabi/7.3.1/../../../../arm-none-eabi/lib/thumb/v7e-m/fpv5/hard\libm.a(lib_a-k_rem_pio2.o)
 .rodata.init_jk
                0x000000000801df38       0x10 c:/st/stm32cubeide_1.3.0/stm32cubeide/plugins/com.st.stm32cube.ide.mcu.externaltools.gnu-tools-for-stm32.7-2018-q2-update.win32_1.0.0.201904181610/tools/bin/../lib/gcc/arm-none-eabi/7.3.1/../../../../arm-none-eabi/lib/thumb/v7e-m/fpv5/hard\libm.a(lib_a-k_rem_pio2.o)
 .rodata.TWO52  0x000000000801df48       0x10 c:/st/stm32cubeide_1.3.0/stm32cubeide/plugins/com.st.stm32cube.ide.mcu.externaltools.gnu-tools-for-stm32.7-2018-q2-update.win32_1.0.0.201904181610/tools/bin/../lib/gcc/arm-none-eabi/7.3.1/../../../../arm-none-eabi/lib/thumb/v7e-m/fpv5/hard\libm.a(lib_a-s_rint.o)
                0x000000000801df58                . = ALIGN (0x4)

.ARM.extab      0x000000000801df58        0x0
                0x000000000801df58                . = ALIGN (0x4)
 *(.ARM.extab* .gnu.linkonce.armextab.*)
                0x000000000801df58                . = ALIGN (0x4)

.ARM            0x000000000801df58        0x8
                0x000000000801df58                . = ALIGN (0x4)
                0x000000000801df58                __exidx_start = .
 *(.ARM.exidx*)
 .ARM.exidx     0x000000000801df58        0x8 c:/st/stm32cubeide_1.3.0/stm32cubeide/plugins/com.st.stm32cube.ide.mcu.externaltools.gnu-tools-for-stm32.7-2018-q2-update.win32_1.0.0.201904181610/tools/bin/../lib/gcc/arm-none-eabi/7.3.1/thumb/v7e-m/fpv5/hard\libgcc.a(_udivmoddi4.o)
                0x000000000801df60                __exidx_end = .
                0x000000000801df60                . = ALIGN (0x4)

.rel.dyn        0x000000000801df60        0x0
 .rel.iplt      0x000000000801df60        0x0 c:/st/stm32cubeide_1.3.0/stm32cubeide/plugins/com.st.stm32cube.ide.mcu.externaltools.gnu-tools-for-stm32.7-2018-q2-update.win32_1.0.0.201904181610/tools/bin/../lib/gcc/arm-none-eabi/7.3.1/thumb/v7e-m/fpv5/hard/crtbegin.o

.preinit_array  0x000000000801df60        0x0
                0x000000000801df60                . = ALIGN (0x4)
                0x000000000801df60                PROVIDE (__preinit_array_start = .)
 *(.preinit_array*)
                0x000000000801df60                PROVIDE (__preinit_array_end = .)
                0x000000000801df60                . = ALIGN (0x4)

.init_array     0x000000000801df60        0x4
                0x000000000801df60                . = ALIGN (0x4)
                0x000000000801df60                PROVIDE (__init_array_start = .)
 *(SORT_BY_NAME(.init_array.*))
 *(.init_array*)
 .init_array    0x000000000801df60        0x4 c:/st/stm32cubeide_1.3.0/stm32cubeide/plugins/com.st.stm32cube.ide.mcu.externaltools.gnu-tools-for-stm32.7-2018-q2-update.win32_1.0.0.201904181610/tools/bin/../lib/gcc/arm-none-eabi/7.3.1/thumb/v7e-m/fpv5/hard/crtbegin.o
                0x000000000801df64                PROVIDE (__init_array_end = .)
                0x000000000801df64                . = ALIGN (0x4)

.fini_array     0x000000000801df64        0x4
                0x000000000801df64                . = ALIGN (0x4)
                [!provide]                        PROVIDE (__fini_array_start = .)
 *(SORT_BY_NAME(.fini_array.*))
 *(.fini_array*)
 .fini_array    0x000000000801df64        0x4 c:/st/stm32cubeide_1.3.0/stm32cubeide/plugins/com.st.stm32cube.ide.mcu.externaltools.gnu-tools-for-stm32.7-2018-q2-update.win32_1.0.0.201904181610/tools/bin/../lib/gcc/arm-none-eabi/7.3.1/thumb/v7e-m/fpv5/hard/crtbegin.o
                [!provide]                        PROVIDE (__fini_array_end = .)
                0x000000000801df68                . = ALIGN (0x4)
                0x000000000801df68                _sidata = LOADADDR (.data)

.data           0x0000000024000000      0x3dc load address 0x000000000801df68
                0x0000000024000000                . = ALIGN (0x4)
                0x0000000024000000                _sdata = .
 *(.data)
 *(.data*)
 .data.Idx.14225
                0x0000000024000000        0x1 Core/Src/SDR_func.o
 *fill*         0x0000000024000001        0x3 
 .data.pNames   0x0000000024000004       0xe0 Core/Src/SDR_func.o
 .data.gain.14086
                0x00000000240000e4        0x4 Core/Src/SDR_math.o
 .data.oldfreq.14080
                0x00000000240000e8        0x4 Core/Src/SDR_math.o
 .data.pk.14179
                0x00000000240000ec        0x4 Core/Src/SDR_math.o
 .data.pk.14192
                0x00000000240000f0        0x4 Core/Src/SDR_math.o
 .data.ym1i.14081
                0x00000000240000f4        0x4 Core/Src/SDR_math.o
 .data.FIRcoefs
                0x00000000240000f8      0x100 Core/Src/main.o
                0x00000000240000f8                FIRcoefs
 .data.SystemCoreClock
                0x00000000240001f8        0x4 Core/Src/system_stm32h7xx.o
                0x00000000240001f8                SystemCoreClock
 .data.SystemD2Clock
                0x00000000240001fc        0x4 Core/Src/system_stm32h7xx.o
                0x00000000240001fc                SystemD2Clock
 .data.uwTickFreq
                0x0000000024000200        0x1 Drivers/STM32H7xx_HAL_Driver/Src/stm32h7xx_hal.o
                0x0000000024000200                uwTickFreq
 *fill*         0x0000000024000201        0x3 
 .data.uwTickPrio
                0x0000000024000204        0x4 Drivers/STM32H7xx_HAL_Driver/Src/stm32h7xx_hal.o
                0x0000000024000204                uwTickPrio
 .data._impure_ptr
                0x0000000024000208        0x4 c:/st/stm32cubeide_1.3.0/stm32cubeide/plugins/com.st.stm32cube.ide.mcu.externaltools.gnu-tools-for-stm32.7-2018-q2-update.win32_1.0.0.201904181610/tools/bin/../lib/gcc/arm-none-eabi/7.3.1/../../../../arm-none-eabi/lib/thumb/v7e-m/fpv5/hard\libc_nano.a(lib_a-impure.o)
                0x0000000024000208                _impure_ptr
 .data.impure_data
                0x000000002400020c       0x60 c:/st/stm32cubeide_1.3.0/stm32cubeide/plugins/com.st.stm32cube.ide.mcu.externaltools.gnu-tools-for-stm32.7-2018-q2-update.win32_1.0.0.201904181610/tools/bin/../lib/gcc/arm-none-eabi/7.3.1/../../../../arm-none-eabi/lib/thumb/v7e-m/fpv5/hard\libc_nano.a(lib_a-impure.o)
 .data.__global_locale
                0x000000002400026c      0x16c c:/st/stm32cubeide_1.3.0/stm32cubeide/plugins/com.st.stm32cube.ide.mcu.externaltools.gnu-tools-for-stm32.7-2018-q2-update.win32_1.0.0.201904181610/tools/bin/../lib/gcc/arm-none-eabi/7.3.1/../../../../arm-none-eabi/lib/thumb/v7e-m/fpv5/hard\libc_nano.a(lib_a-locale.o)
                0x000000002400026c                __global_locale
 .data.__fdlib_version
                0x00000000240003d8        0x1 c:/st/stm32cubeide_1.3.0/stm32cubeide/plugins/com.st.stm32cube.ide.mcu.externaltools.gnu-tools-for-stm32.7-2018-q2-update.win32_1.0.0.201904181610/tools/bin/../lib/gcc/arm-none-eabi/7.3.1/../../../../arm-none-eabi/lib/thumb/v7e-m/fpv5/hard\libm.a(lib_a-s_lib_ver.o)
                0x00000000240003d8                __fdlib_version
                0x00000000240003dc                . = ALIGN (0x4)
 *fill*         0x00000000240003d9        0x3 
                0x00000000240003dc                _edata = .

.igot.plt       0x00000000240003dc        0x0 load address 0x000000000801e344
 .igot.plt      0x00000000240003dc        0x0 c:/st/stm32cubeide_1.3.0/stm32cubeide/plugins/com.st.stm32cube.ide.mcu.externaltools.gnu-tools-for-stm32.7-2018-q2-update.win32_1.0.0.201904181610/tools/bin/../lib/gcc/arm-none-eabi/7.3.1/thumb/v7e-m/fpv5/hard/crtbegin.o
                0x00000000240003dc                . = ALIGN (0x4)

.bss            0x00000000240003e0     0xd228 load address 0x000000000801e344
                0x00000000240003e0                _sbss = .
                0x00000000240003e0                __bss_start__ = _sbss
 *(.bss)
 .bss           0x00000000240003e0       0x1c c:/st/stm32cubeide_1.3.0/stm32cubeide/plugins/com.st.stm32cube.ide.mcu.externaltools.gnu-tools-for-stm32.7-2018-q2-update.win32_1.0.0.201904181610/tools/bin/../lib/gcc/arm-none-eabi/7.3.1/thumb/v7e-m/fpv5/hard/crtbegin.o
 *(.bss*)
 .bss.idx.14236
                0x00000000240003fc        0x2 Core/Src/SDR_func.o
 *fill*         0x00000000240003fe        0x2 
 .bss.inE1Iold.14258
                0x0000000024000400        0x4 Core/Src/SDR_func.o
 .bss.inE1Rold.14256
                0x0000000024000404        0x4 Core/Src/SDR_func.o
 .bss.inE2Iold.14259
                0x0000000024000408        0x4 Core/Src/SDR_func.o
 .bss.inE2Rold.14257
                0x000000002400040c        0x4 Core/Src/SDR_func.o
 .bss.inE3Iold.14269
                0x0000000024000410        0x4 Core/Src/SDR_func.o
 .bss.inE3Rold.14268
                0x0000000024000414        0x4 Core/Src/SDR_func.o
 .bss.inE4Iold.14275
                0x0000000024000418        0x4 Core/Src/SDR_func.o
 .bss.inE4Rold.14274
                0x000000002400041c        0x4 Core/Src/SDR_func.o
 .bss.inE5Iold.14281
                0x0000000024000420        0x4 Core/Src/SDR_func.o
 .bss.inE5Rold.14280
                0x0000000024000424        0x4 Core/Src/SDR_func.o
 .bss.inE6Iold.14287
                0x0000000024000428        0x4 Core/Src/SDR_func.o
 .bss.inE6Rold.14286
                0x000000002400042c        0x4 Core/Src/SDR_func.o
 .bss.inO1Iold.14262
                0x0000000024000430        0x4 Core/Src/SDR_func.o
 .bss.inO1Iold2.14265
                0x0000000024000434        0x4 Core/Src/SDR_func.o
 .bss.inO1Rold.14260
                0x0000000024000438        0x4 Core/Src/SDR_func.o
 .bss.inO1Rold2.14264
                0x000000002400043c        0x4 Core/Src/SDR_func.o
 .bss.inO2Iold.14263
                0x0000000024000440        0x4 Core/Src/SDR_func.o
 .bss.inO2Iold2.14267
                0x0000000024000444        0x4 Core/Src/SDR_func.o
 .bss.inO2Rold.14261
                0x0000000024000448        0x4 Core/Src/SDR_func.o
 .bss.inO2Rold2.14266
                0x000000002400044c        0x4 Core/Src/SDR_func.o
 .bss.inO3Iold.14271
                0x0000000024000450        0x4 Core/Src/SDR_func.o
 .bss.inO3Iold2.14273
                0x0000000024000454        0x4 Core/Src/SDR_func.o
 .bss.inO3Rold.14270
                0x0000000024000458        0x4 Core/Src/SDR_func.o
 .bss.inO3Rold2.14272
                0x000000002400045c        0x4 Core/Src/SDR_func.o
 .bss.inO4Iold.14279
                0x0000000024000460        0x4 Core/Src/SDR_func.o
 .bss.inO4Iold2.14277
                0x0000000024000464        0x4 Core/Src/SDR_func.o
 .bss.inO4Rold.14278
                0x0000000024000468        0x4 Core/Src/SDR_func.o
 .bss.inO4Rold2.14276
                0x000000002400046c        0x4 Core/Src/SDR_func.o
 .bss.inO5Iold.14285
                0x0000000024000470        0x4 Core/Src/SDR_func.o
 .bss.inO5Iold2.14283
                0x0000000024000474        0x4 Core/Src/SDR_func.o
 .bss.inO5Rold.14284
                0x0000000024000478        0x4 Core/Src/SDR_func.o
 .bss.inO5Rold2.14282
                0x000000002400047c        0x4 Core/Src/SDR_func.o
 .bss.inO6Iold.14291
                0x0000000024000480        0x4 Core/Src/SDR_func.o
 .bss.inO6Iold2.14289
                0x0000000024000484        0x4 Core/Src/SDR_func.o
 .bss.inO6Rold.14290
                0x0000000024000488        0x4 Core/Src/SDR_func.o
 .bss.inO6Rold2.14288
                0x000000002400048c        0x4 Core/Src/SDR_func.o
 .bss.k.14235   0x0000000024000490        0x2 Core/Src/SDR_func.o
 *fill*         0x0000000024000492        0x2 
 .bss.costheta.14078
                0x0000000024000494        0x4 Core/Src/SDR_math.o
 .bss.hangcnt.14184
                0x0000000024000498        0x4 Core/Src/SDR_math.o
 .bss.hangcnt.14197
                0x000000002400049c        0x4 Core/Src/SDR_math.o
 .bss.sav.14193
                0x00000000240004a0        0x4 Core/Src/SDR_math.o
 .bss.sintheta.14079
                0x00000000240004a4        0x4 Core/Src/SDR_math.o
 .bss.wold.14178
                0x00000000240004a8        0x4 Core/Src/SDR_math.o
 .bss.y1a.14164