Archive member included to satisfy reference by file (symbol)

C:\Users\albytest\STM32Cube\Repository\STM32Cube_FW_H7_V1.7.0\Drivers\CMSIS/Lib/GCC\libarm_cortexM7lfsp_math.a(arm_const_structs.o)
                              Core/Src/SDR_func.o (arm_cfft_sR_f32_len1024)
C:\Users\albytest\STM32Cube\Repository\STM32Cube_FW_H7_V1.7.0\Drivers\CMSIS/Lib/GCC\libarm_cortexM7lfsp_math.a(arm_common_tables.o)
                              C:\Users\albytest\STM32Cube\Repository\STM32Cube_FW_H7_V1.7.0\Drivers\CMSIS/Lib/GCC\libarm_cortexM7lfsp_math.a(arm_const_structs.o) (twiddleCoef_rfft_4096)
C:\Users\albytest\STM32Cube\Repository\STM32Cube_FW_H7_V1.7.0\Drivers\CMSIS/Lib/GCC\libarm_cortexM7lfsp_math.a(arm_cfft_f32.o)
                              Core/Src/SDR_func.o (arm_cfft_f32)
C:\Users\albytest\STM32Cube\Repository\STM32Cube_FW_H7_V1.7.0\Drivers\CMSIS/Lib/GCC\libarm_cortexM7lfsp_math.a(arm_rfft_init_q31.o)
                              C:\Users\albytest\STM32Cube\Repository\STM32Cube_FW_H7_V1.7.0\Drivers\CMSIS/Lib/GCC\libarm_cortexM7lfsp_math.a(arm_const_structs.o) (realCoefBQ31)
C:\Users\albytest\STM32Cube\Repository\STM32Cube_FW_H7_V1.7.0\Drivers\CMSIS/Lib/GCC\libarm_cortexM7lfsp_math.a(arm_rfft_init_q15.o)
                              C:\Users\albytest\STM32Cube\Repository\STM32Cube_FW_H7_V1.7.0\Drivers\CMSIS/Lib/GCC\libarm_cortexM7lfsp_math.a(arm_const_structs.o) (realCoefBQ15)
C:\Users\albytest\STM32Cube\Repository\STM32Cube_FW_H7_V1.7.0\Drivers\CMSIS/Lib/GCC\libarm_cortexM7lfsp_math.a(arm_fir_decimate_init_f32.o)
                              Core/Src/main.o (arm_fir_decimate_init_f32)
C:\Users\albytest\STM32Cube\Repository\STM32Cube_FW_H7_V1.7.0\Drivers\CMSIS/Lib/GCC\libarm_cortexM7lfsp_math.a(arm_fir_decimate_f32.o)
                              Core/Src/SDR_func.o (arm_fir_decimate_f32)
C:\Users\albytest\STM32Cube\Repository\STM32Cube_FW_H7_V1.7.0\Drivers\CMSIS/Lib/GCC\libarm_cortexM7lfsp_math.a(arm_cmplx_mult_cmplx_f32.o)
                              Core/Src/SDR_func.o (arm_cmplx_mult_cmplx_f32)
C:\Users\albytest\STM32Cube\Repository\STM32Cube_FW_H7_V1.7.0\Drivers\CMSIS/Lib/GCC\libarm_cortexM7lfsp_math.a(arm_bitreversal2.o)
                              C:\Users\albytest\STM32Cube\Repository\STM32Cube_FW_H7_V1.7.0\Drivers\CMSIS/Lib/GCC\libarm_cortexM7lfsp_math.a(arm_cfft_f32.o) (arm_bitreversal_32)
C:\Users\albytest\STM32Cube\Repository\STM32Cube_FW_H7_V1.7.0\Drivers\CMSIS/Lib/GCC\libarm_cortexM7lfsp_math.a(arm_cfft_radix8_f32.o)
                              C:\Users\albytest\STM32Cube\Repository\STM32Cube_FW_H7_V1.7.0\Drivers\CMSIS/Lib/GCC\libarm_cortexM7lfsp_math.a(arm_cfft_f32.o) (arm_radix8_butterfly_f32)
c:/st/stm32cubeide_1.3.0/stm32cubeide/plugins/com.st.stm32cube.ide.mcu.externaltools.gnu-tools-for-stm32.7-2018-q2-update.win32_1.0.0.201904181610/tools/bin/../lib/gcc/arm-none-eabi/7.3.1/../../../../arm-none-eabi/lib/thumb/v7e-m/fpv5/hard\libc_nano.a(lib_a-errno.o)
                              Core/Src/syscalls.o (__errno)
c:/st/stm32cubeide_1.3.0/stm32cubeide/plugins/com.st.stm32cube.ide.mcu.externaltools.gnu-tools-for-stm32.7-2018-q2-update.win32_1.0.0.201904181610/tools/bin/../lib/gcc/arm-none-eabi/7.3.1/../../../../arm-none-eabi/lib/thumb/v7e-m/fpv5/hard\libc_nano.a(lib_a-exit.o)
                              c:/st/stm32cubeide_1.3.0/stm32cubeide/plugins/com.st.stm32cube.ide.mcu.externaltools.gnu-tools-for-stm32.7-2018-q2-update.win32_1.0.0.201904181610/tools/bin/../lib/gcc/arm-none-eabi/7.3.1/../../../../arm-none-eabi/lib/thumb/v7e-m/fpv5/hard/crt0.o (exit)
c:/st/stm32cubeide_1.3.0/stm32cubeide/plugins/com.st.stm32cube.ide.mcu.externaltools.gnu-tools-for-stm32.7-2018-q2-update.win32_1.0.0.201904181610/tools/bin/../lib/gcc/arm-none-eabi/7.3.1/../../../../arm-none-eabi/lib/thumb/v7e-m/fpv5/hard\libc_nano.a(lib_a-impure.o)
                              c:/st/stm32cubeide_1.3.0/stm32cubeide/plugins/com.st.stm32cube.ide.mcu.externaltools.gnu-tools-for-stm32.7-2018-q2-update.win32_1.0.0.201904181610/tools/bin/../lib/gcc/arm-none-eabi/7.3.1/../../../../arm-none-eabi/lib/thumb/v7e-m/fpv5/hard\libc_nano.a(lib_a-exit.o) (_global_impure_ptr)
c:/st/stm32cubeide_1.3.0/stm32cubeide/plugins/com.st.stm32cube.ide.mcu.externaltools.gnu-tools-for-stm32.7-2018-q2-update.win32_1.0.0.201904181610/tools/bin/../lib/gcc/arm-none-eabi/7.3.1/../../../../arm-none-eabi/lib/thumb/v7e-m/fpv5/hard\libc_nano.a(lib_a-init.o)
                              c:/st/stm32cubeide_1.3.0/stm32cubeide/plugins/com.st.stm32cube.ide.mcu.externaltools.gnu-tools-for-stm32.7-2018-q2-update.win32_1.0.0.201904181610/tools/bin/../lib/gcc/arm-none-eabi/7.3.1/../../../../arm-none-eabi/lib/thumb/v7e-m/fpv5/hard/crt0.o (__libc_init_array)
c:/st/stm32cubeide_1.3.0/stm32cubeide/plugins/com.st.stm32cube.ide.mcu.externaltools.gnu-tools-for-stm32.7-2018-q2-update.win32_1.0.0.201904181610/tools/bin/../lib/gcc/arm-none-eabi/7.3.1/../../../../arm-none-eabi/lib/thumb/v7e-m/fpv5/hard\libc_nano.a(lib_a-memset.o)
[...]
Memory Configuration

Name             Origin             Length             Attributes
DTCMRAM          0x0000000020000000 0x0000000000020000 xrw
ITCMRAM          0x0000000000000000 0x0000000000010000 xrw
RAM_D1           0x0000000024000000 0x0000000000080000 xrw
RAM_D2           0x0000000030000000 0x0000000000048000 xrw
RAM_D3           0x0000000038000000 0x0000000000010000 xrw
FLASH            0x0000000008000000 0x0000000000200000 xr
*default*        0x0000000000000000 0xffffffffffffffff

Linker script and memory map

LOAD c:/st/stm32cubeide_1.3.0/stm32cubeide/plugins/com.st.stm32cube.ide.mcu.externaltools.gnu-tools-for-stm32.7-2018-q2-update.win32_1.0.0.201904181610/tools/bin/../lib/gcc/arm-none-eabi/7.3.1/thumb/v7e-m/fpv5/hard/crti.o
LOAD c:/st/stm32cubeide_1.3.0/stm32cubeide/plugins/com.st.stm32cube.ide.mcu.externaltools.gnu-tools-for-stm32.7-2018-q2-update.win32_1.0.0.201904181610/tools/bin/../lib/gcc/arm-none-eabi/7.3.1/thumb/v7e-m/fpv5/hard/crtbegin.o
LOAD c:/st/stm32cubeide_1.3.0/stm32cubeide/plugins/com.st.stm32cube.ide.mcu.externaltools.gnu-tools-for-stm32.7-2018-q2-update.win32_1.0.0.201904181610/tools/bin/../lib/gcc/arm-none-eabi/7.3.1/../../../../arm-none-eabi/lib/thumb/v7e-m/fpv5/hard/crt0.o
LOAD Core/Src/SDR_func.o
LOAD Core/Src/SDR_math.o
LOAD Core/Src/main.o
LOAD Core/Src/stm32h7xx_hal_msp.o
LOAD Core/Src/stm32h7xx_it.o
LOAD Core/Src/syscalls.o
LOAD Core/Src/sysmem.o
LOAD Core/Src/system_stm32h7xx.o
LOAD Core/Startup/startup_stm32h743zitx.o
LOAD Drivers/STM32H7xx_HAL_Driver/Src/stm32h7xx_hal.o
LOAD Drivers/STM32H7xx_HAL_Driver/Src/stm32h7xx_hal_adc.o
LOAD Drivers/STM32H7xx_HAL_Driver/Src/stm32h7xx_hal_adc_ex.o
LOAD Drivers/STM32H7xx_HAL_Driver/Src/stm32h7xx_hal_cortex.o
LOAD Drivers/STM32H7xx_HAL_Driver/Src/stm32h7xx_hal_dac.o
LOAD Drivers/STM32H7xx_HAL_Driver/Src/stm32h7xx_hal_dac_ex.o
LOAD Drivers/STM32H7xx_HAL_Driver/Src/stm32h7xx_hal_dma.o
LOAD Drivers/STM32H7xx_HAL_Driver/Src/stm32h7xx_hal_dma_ex.o
LOAD Drivers/STM32H7xx_HAL_Driver/Src/stm32h7xx_hal_exti.o
LOAD Drivers/STM32H7xx_HAL_Driver/Src/stm32h7xx_hal_flash.o
LOAD Drivers/STM32H7xx_HAL_Driver/Src/stm32h7xx_hal_flash_ex.o
LOAD Drivers/STM32H7xx_HAL_Driver/Src/stm32h7xx_hal_gpio.o
LOAD Drivers/STM32H7xx_HAL_Driver/Src/stm32h7xx_hal_hsem.o
LOAD Drivers/STM32H7xx_HAL_Driver/Src/stm32h7xx_hal_i2c.o
LOAD Drivers/STM32H7xx_HAL_Driver/Src/stm32h7xx_hal_i2c_ex.o
LOAD Drivers/STM32H7xx_HAL_Driver/Src/stm32h7xx_hal_lptim.o
LOAD Drivers/STM32H7xx_HAL_Driver/Src/stm32h7xx_hal_mdma.o
LOAD Drivers/STM32H7xx_HAL_Driver/Src/stm32h7xx_hal_opamp.o
LOAD Drivers/STM32H7xx_HAL_Driver/Src/stm32h7xx_hal_opamp_ex.o
LOAD Drivers/STM32H7xx_HAL_Driver/Src/stm32h7xx_hal_pwr.o
LOAD Drivers/STM32H7xx_HAL_Driver/Src/stm32h7xx_hal_pwr_ex.o
LOAD Drivers/STM32H7xx_HAL_Driver/Src/stm32h7xx_hal_rcc.o
LOAD Drivers/STM32H7xx_HAL_Driver/Src/stm32h7xx_hal_rcc_ex.o
LOAD Drivers/STM32H7xx_HAL_Driver/Src/stm32h7xx_hal_tim.o
LOAD Drivers/STM32H7xx_HAL_Driver/Src/stm32h7xx_hal_tim_ex.o
LOAD Drivers/STM32H7xx_HAL_Driver/Src/stm32h7xx_hal_uart.o
LOAD Drivers/STM32H7xx_HAL_Driver/Src/stm32h7xx_hal_uart_ex.o
LOAD C:\Users\albytest\STM32Cube\Repository\STM32Cube_FW_H7_V1.7.0\Drivers\CMSIS/Lib/GCC\libarm_cortexM7lfsp_math.a
START GROUP
LOAD c:/st/stm32cubeide_1.3.0/stm32cubeide/plugins/com.st.stm32cube.ide.mcu.externaltools.gnu-tools-for-stm32.7-2018-q2-update.win32_1.0.0.201904181610/tools/bin/../lib/gcc/arm-none-eabi/7.3.1/../../../../arm-none-eabi/lib/thumb/v7e-m/fpv5/hard\libc_nano.a
LOAD c:/st/stm32cubeide_1.3.0/stm32cubeide/plugins/com.st.stm32cube.ide.mcu.externaltools.gnu-tools-for-stm32.7-2018-q2-update.win32_1.0.0.201904181610/tools/bin/../lib/gcc/arm-none-eabi/7.3.1/../../../../arm-none-eabi/lib/thumb/v7e-m/fpv5/hard\libm.a
END GROUP
START GROUP
LOAD c:/st/stm32cubeide_1.3.0/stm32cubeide/plugins/com.st.stm32cube.ide.mcu.externaltools.gnu-tools-for-stm32.7-2018-q2-update.win32_1.0.0.201904181610/tools/bin/../lib/gcc/arm-none-eabi/7.3.1/thumb/v7e-m/fpv5/hard\libgcc.a
LOAD c:/st/stm32cubeide_1.3.0/stm32cubeide/plugins/com.st.stm32cube.ide.mcu.externaltools.gnu-tools-for-stm32.7-2018-q2-update.win32_1.0.0.201904181610/tools/bin/../lib/gcc/arm-none-eabi/7.3.1/../../../../arm-none-eabi/lib/thumb/v7e-m/fpv5/hard\libc_nano.a
END GROUP
START GROUP
LOAD c:/st/stm32cubeide_1.3.0/stm32cubeide/plugins/com.st.stm32cube.ide.mcu.externaltools.gnu-tools-for-stm32.7-2018-q2-update.win32_1.0.0.201904181610/tools/bin/../lib/gcc/arm-none-eabi/7.3.1/thumb/v7e-m/fpv5/hard\libgcc.a
LOAD c:/st/stm32cubeide_1.3.0/stm32cubeide/plugins/com.st.stm32cube.ide.mcu.externaltools.gnu-tools-for-stm32.7-2018-q2-update.win32_1.0.0.201904181610/tools/bin/../lib/gcc/arm-none-eabi/7.3.1/../../../../arm-none-eabi/lib/thumb/v7e-m/fpv5/hard\libc_nano.a
LOAD c:/st/stm32cubeide_1.3.0/stm32cubeide/plugins/com.st.stm32cube.ide.mcu.externaltools.gnu-tools-for-stm32.7-2018-q2-update.win32_1.0.0.201904181610/tools/bin/../lib/gcc/arm-none-eabi/7.3.1/../../../../arm-none-eabi/lib/thumb/v7e-m/fpv5/hard\libnosys.a
END GROUP
START GROUP
LOAD c:/st/stm32cubeide_1.3.0/stm32cubeide/plugins/com.st.stm32cube.ide.mcu.externaltools.gnu-tools-for-stm32.7-2018-q2-update.win32_1.0.0.201904181610/tools/bin/../lib/gcc/arm-none-eabi/7.3.1/thumb/v7e-m/fpv5/hard\libgcc.a
LOAD c:/st/stm32cubeide_1.3.0/stm32cubeide/plugins/com.st.stm32cube.ide.mcu.externaltools.gnu-tools-for-stm32.7-2018-q2-update.win32_1.0.0.201904181610/tools/bin/../lib/gcc/arm-none-eabi/7.3.1/../../../../arm-none-eabi/lib/thumb/v7e-m/fpv5/hard\libc_nano.a
LOAD c:/st/stm32cubeide_1.3.0/stm32cubeide/plugins/com.st.stm32cube.ide.mcu.externaltools.gnu-tools-for-stm32.7-2018-q2-update.win32_1.0.0.201904181610/tools/bin/../lib/gcc/arm-none-eabi/7.3.1/../../../../arm-none-eabi/lib/thumb/v7e-m/fpv5/hard\libnosys.a
END GROUP
LOAD c:/st/stm32cubeide_1.3.0/stm32cubeide/plugins/com.st.stm32cube.ide.mcu.externaltools.gnu-tools-for-stm32.7-2018-q2-update.win32_1.0.0.201904181610/tools/bin/../lib/gcc/arm-none-eabi/7.3.1/thumb/v7e-m/fpv5/hard/crtend.o
LOAD c:/st/stm32cubeide_1.3.0/stm32cubeide/plugins/com.st.stm32cube.ide.mcu.externaltools.gnu-tools-for-stm32.7-2018-q2-update.win32_1.0.0.201904181610/tools/bin/../lib/gcc/arm-none-eabi/7.3.1/thumb/v7e-m/fpv5/hard/crtn.o
                0x0000000024080000                _estack = (ORIGIN (RAM_D1) + LENGTH (RAM_D1))
                0x0000000000000200                _Min_Heap_Size = 0x200
                0x0000000000000400                _Min_Stack_Size = 0x400

.isr_vector     0x0000000008000000      0x298
                0x0000000008000000                . = ALIGN (0x4)
 *(.isr_vector)
 .isr_vector    0x0000000008000000      0x298 Core/Startup/startup_stm32h743zitx.o
                0x0000000008000000                g_pfnVectors
                0x0000000008000298                . = ALIGN (0x4)

.text           0x00000000080002a0     0xee54
                0x00000000080002a0                . = ALIGN (0x4)
 *(.text)
 .text          0x00000000080002a0       0x40 c:/st/stm32cubeide_1.3.0/stm32cubeide/plugins/com.st.stm32cube.ide.mcu.externaltools.gnu-tools-for-stm32.7-2018-q2-update.win32_1.0.0.201904181610/tools/bin/../lib/gcc/arm-none-eabi/7.3.1/thumb/v7e-m/fpv5/hard/crtbegin.o
 .text          0x00000000080002e0       0xc0 C:\Users\albytest\STM32Cube\Repository\STM32Cube_FW_H7_V1.7.0\Drivers\CMSIS/Lib/GCC\libarm_cortexM7lfsp_math.a(arm_bitreversal2.o)
                0x00000000080002e0                arm_bitreversal_32
                0x000000000800034a                arm_bitreversal_16
 .text          0x00000000080003a0       0x10 c:/st/stm32cubeide_1.3.0/stm32cubeide/plugins/com.st.stm32cube.ide.mcu.externaltools.gnu-tools-for-stm32.7-2018-q2-update.win32_1.0.0.201904181610/tools/bin/../lib/gcc/arm-none-eabi/7.3.1/../../../../arm-none-eabi/lib/thumb/v7e-m/fpv5/hard\libc_nano.a(lib_a-strlen.o)
                0x00000000080003a0                strlen
 .text          0x00000000080003b0       0xa0 c:/st/stm32cubeide_1.3.0/stm32cubeide/plugins/com.st.stm32cube.ide.mcu.externaltools.gnu-tools-for-stm32.7-2018-q2-update.win32_1.0.0.201904181610/tools/bin/../lib/gcc/arm-none-eabi/7.3.1/../../../../arm-none-eabi/lib/thumb/v7e-m/fpv5/hard\libc_nano.a(lib_a-memchr.o)
                0x00000000080003b0                memchr
 .text          0x0000000008000450       0x30 c:/st/stm32cubeide_1.3.0/stm32cubeide/plugins/com.st.stm32cube.ide.mcu.externaltools.gnu-tools-for-stm32.7-2018-q2-update.win32_1.0.0.201904181610/tools/bin/../lib/gcc/arm-none-eabi/7.3.1/thumb/v7e-m/fpv5/hard\libgcc.a(_aeabi_uldivmod.o)
                0x0000000008000450                __aeabi_uldivmod
 .text          0x0000000008000480      0x2cc c:/st/stm32cubeide_1.3.0/stm32cubeide/plugins/com.st.stm32cube.ide.mcu.externaltools.gnu-tools-for-stm32.7-2018-q2-update.win32_1.0.0.201904181610/tools/bin/../lib/gcc/arm-none-eabi/7.3.1/thumb/v7e-m/fpv5/hard\libgcc.a(_udivmoddi4.o)
                0x0000000008000480                __udivmoddi4
 .text          0x000000000800074c        0x4 c:/st/stm32cubeide_1.3.0/stm32cubeide/plugins/com.st.stm32cube.ide.mcu.externaltools.gnu-tools-for-stm32.7-2018-q2-update.win32_1.0.0.201904181610/tools/bin/../lib/gcc/arm-none-eabi/7.3.1/thumb/v7e-m/fpv5/hard\libgcc.a(_dvmd_tls.o)
                0x000000000800074c                __aeabi_idiv0
                0x000000000800074c                __aeabi_ldiv0
 *(.text*)
 .text.Load_Presets
                0x0000000008000750       0x54 Core/Src/SDR_func.o
                0x0000000008000750                Load_Presets
 .text.SetBW    0x00000000080007a4       0xe4 Core/Src/SDR_func.o
                0x00000000080007a4                SetBW
 .text.Tune_Preset
                0x0000000008000888      0x288 Core/Src/SDR_func.o
                0x0000000008000888                Tune_Preset
 .text.SetAGC   0x0000000008000b10       0xac Core/Src/SDR_func.o
                0x0000000008000b10                SetAGC
 .text.SetMode  0x0000000008000bbc      0x1dc Core/Src/SDR_func.o
                0x0000000008000bbc                SetMode
 .text.SetFstep
                0x0000000008000d98       0x28 Core/Src/SDR_func.o
                0x0000000008000d98                SetFstep
 .text.FplusClicked
                0x0000000008000dc0      0x26c Core/Src/SDR_func.o
                0x0000000008000dc0                FplusClicked
 .text.FminusClicked
                0x000000000800102c      0x26c Core/Src/SDR_func.o
                0x000000000800102c                FminusClicked
 .text.LED_switch
                0x0000000008001298        0x4 Core/Src/SDR_func.o
                0x0000000008001298                LED_switch
 .text.HAL_GPIO_EXTI_Callback
                0x000000000800129c      0x360 Core/Src/SDR_func.o
                0x000000000800129c                HAL_GPIO_EXTI_Callback
 .text.ADC_Stream0_Handler
                0x00000000080015fc      0x850 Core/Src/SDR_func.o
                0x00000000080015fc                ADC_Stream0_Handler
 .text.SDR_ComputeLO
                0x0000000008001e4c      0x178 Core/Src/SDR_math.o
                0x0000000008001e4c                SDR_ComputeLO
 .text.SDR_2R_toC_f32
                0x0000000008001fc4       0x64 Core/Src/SDR_math.o
                0x0000000008001fc4                SDR_2R_toC_f32
 .text.SDR_downconvert_f32
                0x0000000008002028       0xe4 Core/Src/SDR_math.o
                0x0000000008002028                SDR_downconvert_f32
 .text.SDR_float_to_DAC_audio
                0x000000000800210c       0xd4 Core/Src/SDR_math.o
                0x000000000800210c                SDR_float_to_DAC_audio
 .text.SDR_memcpy_f32
                0x00000000080021e0       0x38 Core/Src/SDR_math.o
                0x00000000080021e0                SDR_memcpy_f32
 .text.SDR_mirror_LSB
                0x0000000008002218       0x80 Core/Src/SDR_math.o
                0x0000000008002218                SDR_mirror_LSB
 .text.SDR_compute_IIR_parms
                0x0000000008002298       0xd4 Core/Src/SDR_math.o
                0x0000000008002298                SDR_compute_IIR_parms
 .text.SDR_CWPeak
                0x000000000800236c      0x114 Core/Src/SDR_math.o
                0x000000000800236c                SDR_CWPeak
 .text.SDR_demodAM_AGC
                0x0000000008002480       0xf8 Core/Src/SDR_math.o
                0x0000000008002480                SDR_demodAM_AGC
 .text.SDR_demodSSB_CW_AGC
                0x0000000008002578      0x14c Core/Src/SDR_math.o
                0x0000000008002578                SDR_demodSSB_CW_AGC
 .text.HAL_ADC_ConvCpltCallback
                0x00000000080026c4       0x3c Core/Src/main.o
                0x00000000080026c4                HAL_ADC_ConvCpltCallback
 .text.HAL_ADC_ConvHalfCpltCallback
                0x0000000008002700       0x3c Core/Src/main.o
                0x0000000008002700                HAL_ADC_ConvHalfCpltCallback
 .text.HAL_DACEx_ConvCpltCallbackCh2
                0x000000000800273c       0x24 Core/Src/main.o
                0x000000000800273c                HAL_DACEx_ConvCpltCallbackCh2
 .text.HAL_DACEx_ConvHalfCpltCallbackCh2
                0x0000000008002760       0x24 Core/Src/main.o
                0x0000000008002760                HAL_DACEx_ConvHalfCpltCallbackCh2
 .text.DisplayStatus
                0x0000000008002784      0x1d0 Core/Src/main.o
                0x0000000008002784                DisplayStatus
 .text.HAL_UART_RxCpltCallback
                0x0000000008002954       0x10 Core/Src/main.o
                0x0000000008002954                HAL_UART_RxCpltCallback
 .text.Error_Handler
                0x0000000008002964       0x28 Core/Src/main.o
                0x0000000008002964                Error_Handler
 .text.SystemClock_Config_For_OC
                0x000000000800298c      0x13c Core/Src/main.o
                0x000000000800298c                SystemClock_Config_For_OC
 .text.MX_TIM6_Init_Custom_Rate
                0x0000000008002ac8       0x4c Core/Src/main.o
                0x0000000008002ac8                MX_TIM6_Init_Custom_Rate
 *fill*         0x0000000008002b14        0x4 
 .text.startup.main
                0x0000000008002b18      0x8c4 Core/Src/main.o
                0x0000000008002b18                main
 .text.HAL_MspInit
                0x00000000080033dc       0x30 Core/Src/stm32h7xx_hal_msp.o
                0x00000000080033dc                HAL_MspInit
 .text.HAL_ADC_MspInit
                0x000000000800340c      0x12c Core/Src/stm32h7xx_hal_msp.o
                0x000000000800340c                HAL_ADC_MspInit
 .text.HAL_DAC_MspInit
                0x0000000008003538       0xcc Core/Src/stm32h7xx_hal_msp.o
                0x0000000008003538                HAL_DAC_MspInit
 .text.HAL_LPTIM_MspInit
                0x0000000008003604       0x70 Core/Src/stm32h7xx_hal_msp.o
                0x0000000008003604                HAL_LPTIM_MspInit
 .text.HAL_OPAMP_MspInit
                0x0000000008003674      0x174 Core/Src/stm32h7xx_hal_msp.o
                0x0000000008003674                HAL_OPAMP_MspInit
 .text.HAL_TIM_Base_MspInit
                0x00000000080037e8       0x48 Core/Src/stm32h7xx_hal_msp.o
                0x00000000080037e8                HAL_TIM_Base_MspInit
 .text.HAL_UART_MspInit
                0x0000000008003830       0x88 Core/Src/stm32h7xx_hal_msp.o
                0x0000000008003830                HAL_UART_MspInit
 .text.NMI_Handler
                0x00000000080038b8        0x4 Core/Src/stm32h7xx_it.o
                0x00000000080038b8                NMI_Handler
 .text.HardFault_Handler
                0x00000000080038bc        0x4 Core/Src/stm32h7xx_it.o
                0x00000000080038bc                HardFault_Handler
 .text.MemManage_Handler
                0x00000000080038c0        0x4 Core/Src/stm32h7xx_it.o
                0x00000000080038c0                MemManage_Handler
 .text.BusFault_Handler
                0x00000000080038c4        0x4 Core/Src/stm32h7xx_it.o
                0x00000000080038c4                BusFault_Handler
 .text.UsageFault_Handler
                0x00000000080038c8        0x4 Core/Src/stm32h7xx_it.o
                0x00000000080038c8                UsageFault_Handler
 .text.SVC_Handler
                0x00000000080038cc        0x4 Core/Src/stm32h7xx_it.o
                0x00000000080038cc                SVC_Handler
 .text.DebugMon_Handler
                0x00000000080038d0        0x4 Core/Src/stm32h7xx_it.o
                0x00000000080038d0                DebugMon_Handler
 .text.PendSV_Handler
                0x00000000080038d4        0x4 Core/Src/stm32h7xx_it.o
                0x00000000080038d4                PendSV_Handler
 .text.SysTick_Handler
                0x00000000080038d8        0x4 Core/Src/stm32h7xx_it.o
                0x00000000080038d8                SysTick_Handler
 .text.DMA1_Stream0_IRQHandler
                0x00000000080038dc        0xc Core/Src/stm32h7xx_it.o
                0x00000000080038dc                DMA1_Stream0_IRQHandler
 .text.DMA1_Stream1_IRQHandler
                0x00000000080038e8        0xc Core/Src/stm32h7xx_it.o
                0x00000000080038e8                DMA1_Stream1_IRQHandler
 .text.USART3_IRQHandler
                0x00000000080038f4        0xc Core/Src/stm32h7xx_it.o
                0x00000000080038f4                USART3_IRQHandler
 .text.EXTI15_10_IRQHandler
                0x0000000008003900       0x20 Core/Src/stm32h7xx_it.o
                0x0000000008003900                EXTI15_10_IRQHandler
 .text.TIM6_DAC_IRQHandler
                0x0000000008003920       0x1c Core/Src/stm32h7xx_it.o
                0x0000000008003920                TIM6_DAC_IRQHandler
 .text._sbrk    0x000000000800393c       0x3c Core/Src/sysmem.o
                0x000000000800393c                _sbrk
 .text.SystemInit
                0x0000000008003978       0x80 Core/Src/system_stm32h7xx.o
                0x0000000008003978                SystemInit
 .text.Reset_Handler
                0x00000000080039f8       0x50 Core/Startup/startup_stm32h743zitx.o
                0x00000000080039f8                Reset_Handler
 .text.Default_Handler
                0x0000000008003a48        0x2 Core/Startup/startup_stm32h743zitx.o
                0x0000000008003a48                RTC_Alarm_IRQHandler
                0x0000000008003a48                EXTI2_IRQHandler
                0x0000000008003a48                TIM8_CC_IRQHandler
                0x0000000008003a48                HRTIM1_Master_IRQHandler
                0x0000000008003a48                UART8_IRQHandler
                0x0000000008003a48                SPI4_IRQHandler
                0x0000000008003a48                TIM1_CC_IRQHandler
                0x0000000008003a48                BDMA_Channel6_IRQHandler
                0x0000000008003a48                DMA2_Stream5_IRQHandler
                0x0000000008003a48                HRTIM1_FLT_IRQHandler
                0x0000000008003a48                JPEG_IRQHandler
                0x0000000008003a48                DMA1_Stream5_IRQHandler
                0x0000000008003a48                BDMA_Channel1_IRQHandler
                0x0000000008003a48                HRTIM1_TIMD_IRQHandler
                0x0000000008003a48                TAMP_STAMP_IRQHandler
                0x0000000008003a48                EXTI3_IRQHandler
                0x0000000008003a48                LPTIM4_IRQHandler
                0x0000000008003a48                TIM8_TRG_COM_TIM14_IRQHandler
                0x0000000008003a48                LPTIM2_IRQHandler
                0x0000000008003a48                DFSDM1_FLT1_IRQHandler
                0x0000000008003a48                DMAMUX2_OVR_IRQHandler
                0x0000000008003a48                TIM8_UP_TIM13_IRQHandler
                0x0000000008003a48                I2C3_ER_IRQHandler
                0x0000000008003a48                DFSDM1_FLT2_IRQHandler
                0x0000000008003a48                MDMA_IRQHandler
                0x0000000008003a48                LPTIM3_IRQHandler
                0x0000000008003a48                HSEM1_IRQHandler
                0x0000000008003a48                EXTI0_IRQHandler
                0x0000000008003a48                I2C2_EV_IRQHandler
                0x0000000008003a48                DMA1_Stream2_IRQHandler
                0x0000000008003a48                FPU_IRQHandler
                0x0000000008003a48                OTG_HS_WKUP_IRQHandler
                0x0000000008003a48                FDCAN1_IT1_IRQHandler
                0x0000000008003a48                LTDC_ER_IRQHandler
                0x0000000008003a48                DMA2_Stream2_IRQHandler
                0x0000000008003a48                HRTIM1_TIME_IRQHandler
                0x0000000008003a48                SPI1_IRQHandler
                0x0000000008003a48                DCMI_IRQHandler
                0x0000000008003a48                HRTIM1_TIMC_IRQHandler
                0x0000000008003a48                DMA2_Stream3_IRQHandler
                0x0000000008003a48                SAI2_IRQHandler
                0x0000000008003a48                DFSDM1_FLT3_IRQHandler
                0x0000000008003a48                USART6_IRQHandler
                0x0000000008003a48                TIM17_IRQHandler
                0x0000000008003a48                BDMA_Channel7_IRQHandler
                0x0000000008003a48                LPTIM5_IRQHandler
                0x0000000008003a48                UART5_IRQHandler
                0x0000000008003a48                ADC3_IRQHandler
                0x0000000008003a48                DMA2_Stream0_IRQHandler
                0x0000000008003a48                TIM4_IRQHandler
                0x0000000008003a48                BDMA_Channel2_IRQHandler
                0x0000000008003a48                QUADSPI_IRQHandler
                0x0000000008003a48                I2C1_EV_IRQHandler
                0x0000000008003a48                DMA1_Stream6_IRQHandler
                0x0000000008003a48                DMAMUX1_OVR_IRQHandler
                0x0000000008003a48                TIM16_IRQHandler
                0x0000000008003a48                UART4_IRQHandler
                0x0000000008003a48                BDMA_Channel5_IRQHandler
                0x0000000008003a48                TIM3_IRQHandler
                0x0000000008003a48                RCC_IRQHandler
                0x0000000008003a48                TIM8_BRK_TIM12_IRQHandler
                0x0000000008003a48                TIM1_TRG_COM_IRQHandler
                0x0000000008003a48                Default_Handler
                0x0000000008003a48                ECC_IRQHandler
                0x0000000008003a48                CEC_IRQHandler
                0x0000000008003a48                BDMA_Channel0_IRQHandler
                0x0000000008003a48                ADC_IRQHandler
                0x0000000008003a48                DMA1_Stream7_IRQHandler
                0x0000000008003a48                HRTIM1_TIMA_IRQHandler
                0x0000000008003a48                SPI5_IRQHandler
                0x0000000008003a48                TIM7_IRQHandler
                0x0000000008003a48                SDMMC1_IRQHandler
                0x0000000008003a48                TIM5_IRQHandler
                0x0000000008003a48                DMA2_Stream7_IRQHandler
                0x0000000008003a48                TIM15_IRQHandler
                0x0000000008003a48                PVD_AVD_IRQHandler
                0x0000000008003a48                I2C3_EV_IRQHandler
                0x0000000008003a48                EXTI9_5_IRQHandler
                0x0000000008003a48                RTC_WKUP_IRQHandler
                0x0000000008003a48                LTDC_IRQHandler
                0x0000000008003a48                SAI3_IRQHandler
                0x0000000008003a48                ETH_WKUP_IRQHandler
                0x0000000008003a48                SPDIF_RX_IRQHandler
                0x0000000008003a48                SPI2_IRQHandler
                0x0000000008003a48                OTG_HS_EP1_IN_IRQHandler
                0x0000000008003a48                CRS_IRQHandler
                0x0000000008003a48                EXTI4_IRQHandler
                0x0000000008003a48                RNG_IRQHandler
                0x0000000008003a48                HRTIM1_TIMB_IRQHandler
                0x0000000008003a48                FDCAN2_IT1_IRQHandler
                0x0000000008003a48                ETH_IRQHandler
                0x0000000008003a48                TIM1_UP_IRQHandler
                0x0000000008003a48                BDMA_Channel4_IRQHandler
                0x0000000008003a48                OTG_HS_EP1_OUT_IRQHandler
                0x0000000008003a48                WWDG_IRQHandler
                0x0000000008003a48                SPI6_IRQHandler
                0x0000000008003a48                MDIOS_IRQHandler
                0x0000000008003a48                I2C4_EV_IRQHandler
                0x0000000008003a48                FDCAN2_IT0_IRQHandler
                0x0000000008003a48                LPUART1_IRQHandler
                0x0000000008003a48                FDCAN1_IT0_IRQHandler
                0x0000000008003a48                TIM2_IRQHandler
                0x0000000008003a48                OTG_FS_WKUP_IRQHandler
                0x0000000008003a48                OTG_HS_IRQHandler
                0x0000000008003a48                DMA2D_IRQHandler
                0x0000000008003a48                TIM1_BRK_IRQHandler
                0x0000000008003a48                EXTI1_IRQHandler
                0x0000000008003a48                SDMMC2_IRQHandler
                0x0000000008003a48                OTG_FS_EP1_OUT_IRQHandler
                0x0000000008003a48                BDMA_Channel3_IRQHandler
                0x0000000008003a48                UART7_IRQHandler
                0x0000000008003a48                MDIOS_WKUP_IRQHandler
                0x0000000008003a48                USART2_IRQHandler
                0x0000000008003a48                DFSDM1_FLT0_IRQHandler
                0x0000000008003a48                SAI4_IRQHandler
                0x0000000008003a48                I2C2_ER_IRQHandler
                0x0000000008003a48                DMA2_Stream1_IRQHandler
                0x0000000008003a48                FLASH_IRQHandler
                0x0000000008003a48                DMA2_Stream4_IRQHandler
                0x0000000008003a48                USART1_IRQHandler
                0x0000000008003a48                OTG_FS_IRQHandler
                0x0000000008003a48                SPI3_IRQHandler
                0x0000000008003a48                WAKEUP_PIN_IRQHandler
                0x0000000008003a48                DMA1_Stream4_IRQHandler
                0x0000000008003a48                OTG_FS_EP1_IN_IRQHandler
                0x0000000008003a48                I2C1_ER_IRQHandler
                0x0000000008003a48                FMC_IRQHandler
                0x0000000008003a48                FDCAN_CAL_IRQHandler
                0x0000000008003a48                SWPMI1_IRQHandler
                0x0000000008003a48                COMP1_IRQHandler
                0x0000000008003a48                LPTIM1_IRQHandler
                0x0000000008003a48                I2C4_ER_IRQHandler
                0x0000000008003a48                DMA2_Stream6_IRQHandler
                0x0000000008003a48                SAI1_IRQHandler
                0x0000000008003a48                DMA1_Stream3_IRQHandler
 *fill*         0x0000000008003a4a        0x2 
 .text.HAL_InitTick
                0x0000000008003a4c       0x4c Drivers/STM32H7xx_HAL_Driver/Src/stm32h7xx_hal.o
                0x0000000008003a4c                HAL_InitTick
 .text.HAL_Init
                0x0000000008003a98       0x64 Drivers/STM32H7xx_HAL_Driver/Src/stm32h7xx_hal.o
                0x0000000008003a98                HAL_Init
 .text.HAL_IncTick
                0x0000000008003afc       0x18 Drivers/STM32H7xx_HAL_Driver/Src/stm32h7xx_hal.o
                0x0000000008003afc                HAL_IncTick
 .text.HAL_GetTick
                0x0000000008003b14        0xc Drivers/STM32H7xx_HAL_Driver/Src/stm32h7xx_hal.o
                0x0000000008003b14                HAL_GetTick
 .text.HAL_Delay
                0x0000000008003b20       0x24 Drivers/STM32H7xx_HAL_Driver/Src/stm32h7xx_hal.o
                0x0000000008003b20                HAL_Delay
 .text.HAL_GetREVID
                0x0000000008003b44        0xc Drivers/STM32H7xx_HAL_Driver/Src/stm32h7xx_hal.o
                0x0000000008003b44                HAL_GetREVID
 .text.ADC_DMAHalfConvCplt
                0x0000000008003b50        0xc Drivers/STM32H7xx_HAL_Driver/Src/stm32h7xx_hal_adc.o
                0x0000000008003b50                ADC_DMAHalfConvCplt
 .text.HAL_ADC_ErrorCallback
                0x0000000008003b5c        0x4 Drivers/STM32H7xx_HAL_Driver/Src/stm32h7xx_hal_adc.o
                0x0000000008003b5c                HAL_ADC_ErrorCallback
 .text.ADC_DMAConvCplt
                0x0000000008003b60       0x68 Drivers/STM32H7xx_HAL_Driver/Src/stm32h7xx_hal_adc.o
                0x0000000008003b60                ADC_DMAConvCplt
 .text.ADC_DMAError
                0x0000000008003bc8       0x1c Drivers/STM32H7xx_HAL_Driver/Src/stm32h7xx_hal_adc.o
                0x0000000008003bc8                ADC_DMAError
 .text.HAL_ADC_ConfigChannel
                0x0000000008003be4      0x410 Drivers/STM32H7xx_HAL_Driver/Src/stm32h7xx_hal_adc.o
                0x0000000008003be4                HAL_ADC_ConfigChannel
 .text.ADC_Enable
                0x0000000008003ff4       0xbc Drivers/STM32H7xx_HAL_Driver/Src/stm32h7xx_hal_adc.o
                0x0000000008003ff4                ADC_Enable
 .text.ADC_Disable
                0x00000000080040b0       0x68 Drivers/STM32H7xx_HAL_Driver/Src/stm32h7xx_hal_adc.o
                0x00000000080040b0                ADC_Disable
 .text.ADC_ConfigureBoostMode
                0x0000000008004118      0x168 Drivers/STM32H7xx_HAL_Driver/Src/stm32h7xx_hal_adc.o
                0x0000000008004118                ADC_ConfigureBoostMode
 .text.HAL_ADC_Init
                0x0000000008004280      0x230 Drivers/STM32H7xx_HAL_Driver/Src/stm32h7xx_hal_adc.o
                0x0000000008004280                HAL_ADC_Init
 .text.HAL_ADCEx_Calibration_Start
                0x00000000080044b0       0xa8 Drivers/STM32H7xx_HAL_Driver/Src/stm32h7xx_hal_adc_ex.o
                0x00000000080044b0                HAL_ADCEx_Calibration_Start
 .text.HAL_ADCEx_MultiModeStart_DMA
                0x0000000008004558      0x100 Drivers/STM32H7xx_HAL_Driver/Src/stm32h7xx_hal_adc_ex.o
                0x0000000008004558                HAL_ADCEx_MultiModeStart_DMA
 .text.HAL_ADCEx_MultiModeConfigChannel
                0x0000000008004658       0xc0 Drivers/STM32H7xx_HAL_Driver/Src/stm32h7xx_hal_adc_ex.o
                0x0000000008004658                HAL_ADCEx_MultiModeConfigChannel
 .text.HAL_NVIC_SetPriorityGrouping
                0x0000000008004718       0x28 Drivers/STM32H7xx_HAL_Driver/Src/stm32h7xx_hal_cortex.o
                0x0000000008004718                HAL_NVIC_SetPriorityGrouping
 .text.HAL_NVIC_SetPriority
                0x0000000008004740       0x6c Drivers/STM32H7xx_HAL_Driver/Src/stm32h7xx_hal_cortex.o
                0x0000000008004740                HAL_NVIC_SetPriority
 .text.HAL_NVIC_EnableIRQ
                0x00000000080047ac       0x1c Drivers/STM32H7xx_HAL_Driver/Src/stm32h7xx_hal_cortex.o
                0x00000000080047ac                HAL_NVIC_EnableIRQ
 .text.HAL_SYSTICK_Config
                0x00000000080047c8       0x30 Drivers/STM32H7xx_HAL_Driver/Src/stm32h7xx_hal_cortex.o
                0x00000000080047c8                HAL_SYSTICK_Config
 .text.HAL_DAC_Init
                0x00000000080047f8       0x2c Drivers/STM32H7xx_HAL_Driver/Src/stm32h7xx_hal_dac.o
                0x00000000080047f8                HAL_DAC_Init
 .text.HAL_DAC_Start
                0x0000000008004824       0x5c Drivers/STM32H7xx_HAL_Driver/Src/stm32h7xx_hal_dac.o
                0x0000000008004824                HAL_DAC_Start
 .text.HAL_DAC_Start_DMA
                0x0000000008004880       0xfc Drivers/STM32H7xx_HAL_Driver/Src/stm32h7xx_hal_dac.o
                0x0000000008004880                HAL_DAC_Start_DMA
 .text.HAL_DAC_ConvCpltCallbackCh1
                0x000000000800497c        0x4 Drivers/STM32H7xx_HAL_Driver/Src/stm32h7xx_hal_dac.o
                0x000000000800497c                HAL_DAC_ConvCpltCallbackCh1
 .text.DAC_DMAConvCpltCh1
                0x0000000008004980       0x10 Drivers/STM32H7xx_HAL_Driver/Src/stm32h7xx_hal_dac.o
                0x0000000008004980                DAC_DMAConvCpltCh1
 .text.HAL_DAC_ConvHalfCpltCallbackCh1
                0x0000000008004990        0x4 Drivers/STM32H7xx_HAL_Driver/Src/stm32h7xx_hal_dac.o
                0x0000000008004990                HAL_DAC_ConvHalfCpltCallbackCh1
 .text.DAC_DMAHalfConvCpltCh1
                0x0000000008004994        0xc Drivers/STM32H7xx_HAL_Driver/Src/stm32h7xx_hal_dac.o
                0x0000000008004994                DAC_DMAHalfConvCpltCh1
 .text.HAL_DAC_ErrorCallbackCh1
                0x00000000080049a0        0x4 Drivers/STM32H7xx_HAL_Driver/Src/stm32h7xx_hal_dac.o
                0x00000000080049a0                HAL_DAC_ErrorCallbackCh1
 .text.DAC_DMAErrorCh1
                0x00000000080049a4       0x18 Drivers/STM32H7xx_HAL_Driver/Src/stm32h7xx_hal_dac.o
                0x00000000080049a4                DAC_DMAErrorCh1
 .text.HAL_DAC_DMAUnderrunCallbackCh1
                0x00000000080049bc        0x4 Drivers/STM32H7xx_HAL_Driver/Src/stm32h7xx_hal_dac.o
                0x00000000080049bc                HAL_DAC_DMAUnderrunCallbackCh1
 .text.HAL_DAC_IRQHandler
                0x00000000080049c0       0x68 Drivers/STM32H7xx_HAL_Driver/Src/stm32h7xx_hal_dac.o
                0x00000000080049c0                HAL_DAC_IRQHandler
 .text.HAL_DAC_ConfigChannel
                0x0000000008004a28      0x154 Drivers/STM32H7xx_HAL_Driver/Src/stm32h7xx_hal_dac.o
                0x0000000008004a28                HAL_DAC_ConfigChannel
 .text.DAC_DMAConvCpltCh2
                0x0000000008004b7c       0x10 Drivers/STM32H7xx_HAL_Driver/Src/stm32h7xx_hal_dac_ex.o
                0x0000000008004b7c                DAC_DMAConvCpltCh2
 .text.DAC_DMAHalfConvCpltCh2
                0x0000000008004b8c        0xc Drivers/STM32H7xx_HAL_Driver/Src/stm32h7xx_hal_dac_ex.o
                0x0000000008004b8c                DAC_DMAHalfConvCpltCh2
 .text.HAL_DACEx_ErrorCallbackCh2
                0x0000000008004b98        0x4 Drivers/STM32H7xx_HAL_Driver/Src/stm32h7xx_hal_dac_ex.o
                0x0000000008004b98                HAL_DACEx_ErrorCallbackCh2
 .text.DAC_DMAErrorCh2
                0x0000000008004b9c       0x18 Drivers/STM32H7xx_HAL_Driver/Src/stm32h7xx_hal_dac_ex.o
                0x0000000008004b9c                DAC_DMAErrorCh2
 .text.HAL_DACEx_DMAUnderrunCallbackCh2
                0x0000000008004bb4        0x4 Drivers/STM32H7xx_HAL_Driver/Src/stm32h7xx_hal_dac_ex.o
                0x0000000008004bb4                HAL_DACEx_DMAUnderrunCallbackCh2
 .text.DMA_CalcBaseAndBitshift
                0x0000000008004bb8       0xf8 Drivers/STM32H7xx_HAL_Driver/Src/stm32h7xx_hal_dma.o
 .text.HAL_DMA_Init
                0x0000000008004cb0      0x598 Drivers/STM32H7xx_HAL_Driver/Src/stm32h7xx_hal_dma.o
                0x0000000008004cb0                HAL_DMA_Init
 .text.HAL_DMA_Start_IT
                0x0000000008005248      0x37c Drivers/STM32H7xx_HAL_Driver/Src/stm32h7xx_hal_dma.o
                0x0000000008005248                HAL_DMA_Start_IT
 .text.HAL_DMA_Abort_IT
                0x00000000080055c4      0x19c Drivers/STM32H7xx_HAL_Driver/Src/stm32h7xx_hal_dma.o
                0x00000000080055c4                HAL_DMA_Abort_IT
 .text.HAL_DMA_IRQHandler
                0x0000000008005760      0x678 Drivers/STM32H7xx_HAL_Driver/Src/stm32h7xx_hal_dma.o
                0x0000000008005760                HAL_DMA_IRQHandler
 .text.HAL_GPIO_Init
                0x0000000008005dd8      0x23c Drivers/STM32H7xx_HAL_Driver/Src/stm32h7xx_hal_gpio.o
                0x0000000008005dd8                HAL_GPIO_Init
 .text.HAL_GPIO_WritePin
                0x0000000008006014        0x8 Drivers/STM32H7xx_HAL_Driver/Src/stm32h7xx_hal_gpio.o
                0x0000000008006014                HAL_GPIO_WritePin
 .text.HAL_GPIO_EXTI_IRQHandler
                0x000000000800601c       0x1c Drivers/STM32H7xx_HAL_Driver/Src/stm32h7xx_hal_gpio.o
                0x000000000800601c                HAL_GPIO_EXTI_IRQHandler
 .text.HAL_LPTIM_Init
                0x0000000008006038      0x118 Drivers/STM32H7xx_HAL_Driver/Src/stm32h7xx_hal_lptim.o
                0x0000000008006038                HAL_LPTIM_Init
 .text.HAL_OPAMP_Init
                0x0000000008006150      0x100 Drivers/STM32H7xx_HAL_Driver/Src/stm32h7xx_hal_opamp.o
                0x0000000008006150                HAL_OPAMP_Init
 .text.HAL_OPAMP_Start
                0x0000000008006250       0x34 Drivers/STM32H7xx_HAL_Driver/Src/stm32h7xx_hal_opamp.o
                0x0000000008006250                HAL_OPAMP_Start
 .text.HAL_PWREx_ConfigSupply
                0x0000000008006284       0x4c Drivers/STM32H7xx_HAL_Driver/Src/stm32h7xx_hal_pwr_ex.o
                0x0000000008006284                HAL_PWREx_ConfigSupply
 .text.HAL_RCC_OscConfig
                0x00000000080062d0      0x5a0 Drivers/STM32H7xx_HAL_Driver/Src/stm32h7xx_hal_rcc.o
                0x00000000080062d0                HAL_RCC_OscConfig
 .text.HAL_RCC_MCOConfig
                0x0000000008006870       0xa0 Drivers/STM32H7xx_HAL_Driver/Src/stm32h7xx_hal_rcc.o
                0x0000000008006870                HAL_RCC_MCOConfig
 .text.HAL_RCC_GetSysClockFreq
                0x0000000008006910      0x118 Drivers/STM32H7xx_HAL_Driver/Src/stm32h7xx_hal_rcc.o
                0x0000000008006910                HAL_RCC_GetSysClockFreq
 .text.HAL_RCC_ClockConfig
                0x0000000008006a28      0x254 Drivers/STM32H7xx_HAL_Driver/Src/stm32h7xx_hal_rcc.o
                0x0000000008006a28                HAL_RCC_ClockConfig
 .text.HAL_RCC_GetHCLKFreq
                0x0000000008006c7c      0x150 Drivers/STM32H7xx_HAL_Driver/Src/stm32h7xx_hal_rcc.o
                0x0000000008006c7c                HAL_RCC_GetHCLKFreq
 .text.HAL_RCC_GetPCLK1Freq
                0x0000000008006dcc      0x160 Drivers/STM32H7xx_HAL_Driver/Src/stm32h7xx_hal_rcc.o
                0x0000000008006dcc                HAL_RCC_GetPCLK1Freq
 .text.HAL_RCC_GetPCLK2Freq
                0x0000000008006f2c      0x160 Drivers/STM32H7xx_HAL_Driver/Src/stm32h7xx_hal_rcc.o
                0x0000000008006f2c                HAL_RCC_GetPCLK2Freq
 .text.RCCEx_PLL2_Config
                0x000000000800708c       0xf8 Drivers/STM32H7xx_HAL_Driver/Src/stm32h7xx_hal_rcc_ex.o
 .text.RCCEx_PLL3_Config
                0x0000000008007184       0xf8 Drivers/STM32H7xx_HAL_Driver/Src/stm32h7xx_hal_rcc_ex.o
 .text.HAL_RCCEx_PeriphCLKConfig
                0x000000000800727c      0xa9c Drivers/STM32H7xx_HAL_Driver/Src/stm32h7xx_hal_rcc_ex.o
                0x000000000800727c                HAL_RCCEx_PeriphCLKConfig
 .text.HAL_RCCEx_GetD3PCLK1Freq
                0x0000000008007d18       0x24 Drivers/STM32H7xx_HAL_Driver/Src/stm32h7xx_hal_rcc_ex.o
                0x0000000008007d18                HAL_RCCEx_GetD3PCLK1Freq
 .text.HAL_RCCEx_GetPLL2ClockFreq
                0x0000000008007d3c      0x130 Drivers/STM32H7xx_HAL_Driver/Src/stm32h7xx_hal_rcc_ex.o
                0x0000000008007d3c                HAL_RCCEx_GetPLL2ClockFreq
 .text.HAL_RCCEx_GetPLL3ClockFreq
                0x0000000008007e6c      0x130 Drivers/STM32H7xx_HAL_Driver/Src/stm32h7xx_hal_rcc_ex.o
                0x0000000008007e6c                HAL_RCCEx_GetPLL3ClockFreq
 .text.HAL_RCCEx_GetPLL1ClockFreq
                0x0000000008007f9c      0x130 Drivers/STM32H7xx_HAL_Driver/Src/stm32h7xx_hal_rcc_ex.o
                0x0000000008007f9c                HAL_RCCEx_GetPLL1ClockFreq
 .text.HAL_RCCEx_GetPeriphCLKFreq
                0x00000000080080cc      0x21c Drivers/STM32H7xx_HAL_Driver/Src/stm32h7xx_hal_rcc_ex.o
                0x00000000080080cc                HAL_RCCEx_GetPeriphCLKFreq
 .text.HAL_TIM_Base_Init
                0x00000000080082e8       0xf8 Drivers/STM32H7xx_HAL_Driver/Src/stm32h7xx_hal_tim.o
                0x00000000080082e8                HAL_TIM_Base_Init
 .text.HAL_TIM_Base_Start
                0x00000000080083e0       0x30 Drivers/STM32H7xx_HAL_Driver/Src/stm32h7xx_hal_tim.o
                0x00000000080083e0                HAL_TIM_Base_Start
 .text.HAL_TIM_PeriodElapsedCallback
                0x0000000008008410        0x4 Drivers/STM32H7xx_HAL_Driver/Src/stm32h7xx_hal_tim.o
                0x0000000008008410                HAL_TIM_PeriodElapsedCallback
 .text.HAL_TIM_OC_DelayElapsedCallback
                0x0000000008008414        0x4 Drivers/STM32H7xx_HAL_Driver/Src/stm32h7xx_hal_tim.o
                0x0000000008008414                HAL_TIM_OC_DelayElapsedCallback
 .text.HAL_TIM_IC_CaptureCallback
                0x0000000008008418        0x4 Drivers/STM32H7xx_HAL_Driver/Src/stm32h7xx_hal_tim.o
                0x0000000008008418                HAL_TIM_IC_CaptureCallback
 .text.HAL_TIM_PWM_PulseFinishedCallback
                0x000000000800841c        0x4 Drivers/STM32H7xx_HAL_Driver/Src/stm32h7xx_hal_tim.o
                0x000000000800841c                HAL_TIM_PWM_PulseFinishedCallback
 .text.HAL_TIM_TriggerCallback
                0x0000000008008420        0x4 Drivers/STM32H7xx_HAL_Driver/Src/stm32h7xx_hal_tim.o
                0x0000000008008420                HAL_TIM_TriggerCallback
 .text.HAL_TIM_IRQHandler
                0x0000000008008424      0x170 Drivers/STM32H7xx_HAL_Driver/Src/stm32h7xx_hal_tim.o
                0x0000000008008424                HAL_TIM_IRQHandler
 .text.HAL_TIMEx_MasterConfigSynchronization
                0x0000000008008594       0xb4 Drivers/STM32H7xx_HAL_Driver/Src/stm32h7xx_hal_tim_ex.o
                0x0000000008008594                HAL_TIMEx_MasterConfigSynchronization
 .text.HAL_TIMEx_CommutCallback
                0x0000000008008648        0x4 Drivers/STM32H7xx_HAL_Driver/Src/stm32h7xx_hal_tim_ex.o
                0x0000000008008648                HAL_TIMEx_CommutCallback
 .text.HAL_TIMEx_BreakCallback
                0x000000000800864c        0x4 Drivers/STM32H7xx_HAL_Driver/Src/stm32h7xx_hal_tim_ex.o
                0x000000000800864c                HAL_TIMEx_BreakCallback
 .text.HAL_TIMEx_Break2Callback
                0x0000000008008650        0x4 Drivers/STM32H7xx_HAL_Driver/Src/stm32h7xx_hal_tim_ex.o
                0x0000000008008650                HAL_TIMEx_Break2Callback
 .text.HAL_UART_Transmit
                0x0000000008008654      0x178 Drivers/STM32H7xx_HAL_Driver/Src/stm32h7xx_hal_uart.o
                0x0000000008008654                HAL_UART_Transmit
 .text.HAL_UART_Receive_IT
                0x00000000080087cc      0x140 Drivers/STM32H7xx_HAL_Driver/Src/stm32h7xx_hal_uart.o
                0x00000000080087cc                HAL_UART_Receive_IT
 .text.HAL_UART_TxCpltCallback
                0x000000000800890c        0x4 Drivers/STM32H7xx_HAL_Driver/Src/stm32h7xx_hal_uart.o
                0x000000000800890c                HAL_UART_TxCpltCallback
 .text.UART_RxISR_8BIT
                0x0000000008008910       0x60 Drivers/STM32H7xx_HAL_Driver/Src/stm32h7xx_hal_uart.o
 .text.UART_RxISR_16BIT
                0x0000000008008970       0x5c Drivers/STM32H7xx_HAL_Driver/Src/stm32h7xx_hal_uart.o
 .text.UART_RxISR_8BIT_FIFOEN
                0x00000000080089cc       0xb8 Drivers/STM32H7xx_HAL_Driver/Src/stm32h7xx_hal_uart.o
 .text.UART_RxISR_16BIT_FIFOEN
                0x0000000008008a84       0xb4 Drivers/STM32H7xx_HAL_Driver/Src/stm32h7xx_hal_uart.o
 .text.HAL_UART_ErrorCallback
                0x0000000008008b38        0x4 Drivers/STM32H7xx_HAL_Driver/Src/stm32h7xx_hal_uart.o
                0x0000000008008b38                HAL_UART_ErrorCallback
 .text.HAL_UART_IRQHandler
                0x0000000008008b3c      0x1f4 Drivers/STM32H7xx_HAL_Driver/Src/stm32h7xx_hal_uart.o
                0x0000000008008b3c                HAL_UART_IRQHandler
 .text.UART_DMAAbortOnError
                0x0000000008008d30       0x18 Drivers/STM32H7xx_HAL_Driver/Src/stm32h7xx_hal_uart.o
 .text.UART_AdvFeatureConfig
                0x0000000008008d48       0xb0 Drivers/STM32H7xx_HAL_Driver/Src/stm32h7xx_hal_uart.o
                0x0000000008008d48                UART_AdvFeatureConfig
 .text.HAL_UART_Init
                0x0000000008008df8     0x145c Drivers/STM32H7xx_HAL_Driver/Src/stm32h7xx_hal_uart.o
                0x0000000008008df8                HAL_UART_Init
 .text.HAL_UARTEx_WakeupCallback
                0x000000000800a254        0x4 Drivers/STM32H7xx_HAL_Driver/Src/stm32h7xx_hal_uart_ex.o
                0x000000000800a254                HAL_UARTEx_WakeupCallback
 .text.HAL_UARTEx_RxFifoFullCallback
                0x000000000800a258        0x4 Drivers/STM32H7xx_HAL_Driver/Src/stm32h7xx_hal_uart_ex.o
                0x000000000800a258                HAL_UARTEx_RxFifoFullCallback
 .text.HAL_UARTEx_TxFifoEmptyCallback
                0x000000000800a25c        0x4 Drivers/STM32H7xx_HAL_Driver/Src/stm32h7xx_hal_uart_ex.o
                0x000000000800a25c                HAL_UARTEx_TxFifoEmptyCallback
 .text.HAL_UARTEx_DisableFifoMode
                0x000000000800a260       0x3c Drivers/STM32H7xx_HAL_Driver/Src/stm32h7xx_hal_uart_ex.o
                0x000000000800a260                HAL_UARTEx_DisableFifoMode
 .text.HAL_UARTEx_SetTxFifoThreshold
                0x000000000800a29c       0xa4 Drivers/STM32H7xx_HAL_Driver/Src/stm32h7xx_hal_uart_ex.o
                0x000000000800a29c                HAL_UARTEx_SetTxFifoThreshold
 .text.HAL_UARTEx_SetRxFifoThreshold
                0x000000000800a340       0xa4 Drivers/STM32H7xx_HAL_Driver/Src/stm32h7xx_hal_uart_ex.o
                0x000000000800a340                HAL_UARTEx_SetRxFifoThreshold
 .text.arm_cfft_radix8by2_f32
                0x000000000800a3e4      0x1a0 C:\Users\albytest\STM32Cube\Repository\STM32Cube_FW_H7_V1.7.0\Drivers\CMSIS/Lib/GCC\libarm_cortexM7lfsp_math.a(arm_cfft_f32.o)
                0x000000000800a3e4                arm_cfft_radix8by2_f32
 .text.arm_cfft_radix8by4_f32
                0x000000000800a584      0x4b0 C:\Users\albytest\STM32Cube\Repository\STM32Cube_FW_H7_V1.7.0\Drivers\CMSIS/Lib/GCC\libarm_cortexM7lfsp_math.a(arm_cfft_f32.o)
                0x000000000800a584                arm_cfft_radix8by4_f32
 .text.arm_cfft_f32
                0x000000000800aa34       0xf0 C:\Users\albytest\STM32Cube\Repository\STM32Cube_FW_H7_V1.7.0\Drivers\CMSIS/Lib/GCC\libarm_cortexM7lfsp_math.a(arm_cfft_f32.o)
                0x000000000800aa34                arm_cfft_f32
 .text.arm_fir_decimate_init_f32
                0x000000000800ab24       0x3c C:\Users\albytest\STM32Cube\Repository\STM32Cube_FW_H7_V1.7.0\Drivers\CMSIS/Lib/GCC\libarm_cortexM7lfsp_math.a(arm_fir_decimate_init_f32.o)
                0x000000000800ab24                arm_fir_decimate_init_f32
 .text.arm_fir_decimate_f32
                0x000000000800ab60      0x378 C:\Users\albytest\STM32Cube\Repository\STM32Cube_FW_H7_V1.7.0\Drivers\CMSIS/Lib/GCC\libarm_cortexM7lfsp_math.a(arm_fir_decimate_f32.o)
                0x000000000800ab60                arm_fir_decimate_f32
 .text.arm_cmplx_mult_cmplx_f32
                0x000000000800aed8      0x140 C:\Users\albytest\STM32Cube\Repository\STM32Cube_FW_H7_V1.7.0\Drivers\CMSIS/Lib/GCC\libarm_cortexM7lfsp_math.a(arm_cmplx_mult_cmplx_f32.o)
                0x000000000800aed8                arm_cmplx_mult_cmplx_f32
 .text.arm_radix8_butterfly_f32
                0x000000000800b018      0x5e4 C:\Users\albytest\STM32Cube\Repository\STM32Cube_FW_H7_V1.7.0\Drivers\CMSIS/Lib/GCC\libarm_cortexM7lfsp_math.a(arm_cfft_radix8_f32.o)
                0x000000000800b018                arm_radix8_butterfly_f32
 .text.__errno  0x000000000800b5fc        0xc c:/st/stm32cubeide_1.3.0/stm32cubeide/plugins/com.st.stm32cube.ide.mcu.externaltools.gnu-tools-for-stm32.7-2018-q2-update.win32_1.0.0.201904181610/tools/bin/../lib/gcc/arm-none-eabi/7.3.1/../../../../arm-none-eabi/lib/thumb/v7e-m/fpv5/hard\libc_nano.a(lib_a-errno.o)
                0x000000000800b5fc                __errno
 .text.__libc_init_array
                0x000000000800b608       0x48 c:/st/stm32cubeide_1.3.0/stm32cubeide/plugins/com.st.stm32cube.ide.mcu.externaltools.gnu-tools-for-stm32.7-2018-q2-update.win32_1.0.0.201904181610/tools/bin/../lib/gcc/arm-none-eabi/7.3.1/../../../../arm-none-eabi/lib/thumb/v7e-m/fpv5/hard\libc_nano.a(lib_a-init.o)
                0x000000000800b608                __libc_init_array
 .text.memset   0x000000000800b650       0x10 c:/st/stm32cubeide_1.3.0/stm32cubeide/plugins/com.st.stm32cube.ide.mcu.externaltools.gnu-tools-for-stm32.7-2018-q2-update.win32_1.0.0.201904181610/tools/bin/../lib/gcc/arm-none-eabi/7.3.1/../../../../arm-none-eabi/lib/thumb/v7e-m/fpv5/hard\libc_nano.a(lib_a-memset.o)
                0x000000000800b650                memset
 .text.__cvt    0x000000000800b660       0xa4 c:/st/stm32cubeide_1.3.0/stm32cubeide/plugins/com.st.stm32cube.ide.mcu.externaltools.gnu-tools-for-stm32.7-2018-q2-update.win32_1.0.0.201904181610/tools/bin/../lib/gcc/arm-none-eabi/7.3.1/../../../../arm-none-eabi/lib/thumb/v7e-m/fpv5/hard\libc_nano.a(lib_a-nano-vfprintf_float.o)
                0x000000000800b660                __cvt
 .text.__exponent
                0x000000000800b704       0x66 c:/st/stm32cubeide_1.3.0/stm32cubeide/plugins/com.st.stm32cube.ide.mcu.externaltools.gnu-tools-for-stm32.7-2018-q2-update.win32_1.0.0.201904181610/tools/bin/../lib/gcc/arm-none-eabi/7.3.1/../../../../arm-none-eabi/lib/thumb/v7e-m/fpv5/hard\libc_nano.a(lib_a-nano-vfprintf_float.o)
                0x000000000800b704                __exponent
 *fill*         0x000000000800b76a        0x6 
 .text._printf_float
                0x000000000800b770      0x458 c:/st/stm32cubeide_1.3.0/stm32cubeide/plugins/com.st.stm32cube.ide.mcu.externaltools.gnu-tools-for-stm32.7-2018-q2-update.win32_1.0.0.201904181610/tools/bin/../lib/gcc/arm-none-eabi/7.3.1/../../../../arm-none-eabi/lib/thumb/v7e-m/fpv5/hard\libc_nano.a(lib_a-nano-vfprintf_float.o)
                0x000000000800b770                _printf_float
 .text._printf_common
                0x000000000800bbc8       0xea c:/st/stm32cubeide_1.3.0/stm32cubeide/plugins/com.st.stm32cube.ide.mcu.externaltools.gnu-tools-for-stm32.7-2018-q2-update.win32_1.0.0.201904181610/tools/bin/../lib/gcc/arm-none-eabi/7.3.1/../../../../arm-none-eabi/lib/thumb/v7e-m/fpv5/hard\libc_nano.a(lib_a-nano-vfprintf_i.o)
                0x000000000800bbc8                _printf_common
 *fill*         0x000000000800bcb2        0x2 
 .text._printf_i
                0x000000000800bcb4      0x224 c:/st/stm32cubeide_1.3.0/stm32cubeide/plugins/com.st.stm32cube.ide.mcu.externaltools.gnu-tools-for-stm32.7-2018-q2-update.win32_1.0.0.201904181610/tools/bin/../lib/gcc/arm-none-eabi/7.3.1/../../../../arm-none-eabi/lib/thumb/v7e-m/fpv5/hard\libc_nano.a(lib_a-nano-vfprintf_i.o)
                0x000000000800bcb4                _printf_i
 .text.sprintf  0x000000000800bed8       0x40 c:/st/stm32cubeide_1.3.0/stm32cubeide/plugins/com.st.stm32cube.ide.mcu.externaltools.gnu-tools-for-stm32.7-2018-q2-update.win32_1.0.0.201904181610/tools/bin/../lib/gcc/arm-none-eabi/7.3.1/../../../../arm-none-eabi/lib/thumb/v7e-m/fpv5/hard\libc_nano.a(lib_a-sprintf.o)
                0x000000000800bed8                siprintf
                0x000000000800bed8                sprintf
 .text.strcpy   0x000000000800bf18       0x10 c:/st/stm32cubeide_1.3.0/stm32cubeide/plugins/com.st.stm32cube.ide.mcu.externaltools.gnu-tools-for-stm32.7-2018-q2-update.win32_1.0.0.201904181610/tools/bin/../lib/gcc/arm-none-eabi/7.3.1/../../../../arm-none-eabi/lib/thumb/v7e-m/fpv5/hard\libc_nano.a(lib_a-strcpy.o)
                0x000000000800bf18                strcpy
 .text.quorem   0x000000000800bf28      0x118 c:/st/stm32cubeide_1.3.0/stm32cubeide/plugins/com.st.stm32cube.ide.mcu.externaltools.gnu-tools-for-stm32.7-2018-q2-update.win32_1.0.0.201904181610/tools/bin/../lib/gcc/arm-none-eabi/7.3.1/../../../../arm-none-eabi/lib/thumb/v7e-m/fpv5/hard\libc_nano.a(lib_a-dtoa.o)
 .text._dtoa_r  0x000000000800c040      0xa98 c:/st/stm32cubeide_1.3.0/stm32cubeide/plugins/com.st.stm32cube.ide.mcu.externaltools.gnu-tools-for-stm32.7-2018-q2-update.win32_1.0.0.201904181610/tools/bin/../lib/gcc/arm-none-eabi/7.3.1/../../../../arm-none-eabi/lib/thumb/v7e-m/fpv5/hard\libc_nano.a(lib_a-dtoa.o)
                0x000000000800c040                _dtoa_r
 .text._localeconv_r
                0x000000000800cad8       0x1c c:/st/stm32cubeide_1.3.0/stm32cubeide/plugins/com.st.stm32cube.ide.mcu.externaltools.gnu-tools-for-stm32.7-2018-q2-update.win32_1.0.0.201904181610/tools/bin/../lib/gcc/arm-none-eabi/7.3.1/../../../../arm-none-eabi/lib/thumb/v7e-m/fpv5/hard\libc_nano.a(lib_a-localeconv.o)
                0x000000000800cad8                _localeconv_r
 .text.malloc   0x000000000800caf4       0x10 c:/st/stm32cubeide_1.3.0/stm32cubeide/plugins/com.st.stm32cube.ide.mcu.externaltools.gnu-tools-for-stm32.7-2018-q2-update.win32_1.0.0.201904181610/tools/bin/../lib/gcc/arm-none-eabi/7.3.1/../../../../arm-none-eabi/lib/thumb/v7e-m/fpv5/hard\libc_nano.a(lib_a-malloc.o)
                0x000000000800caf4                malloc
 .text.memcpy   0x000000000800cb04       0x16 c:/st/stm32cubeide_1.3.0/stm32cubeide/plugins/com.st.stm32cube.ide.mcu.externaltools.gnu-tools-for-stm32.7-2018-q2-update.win32_1.0.0.201904181610/tools/bin/../lib/gcc/arm-none-eabi/7.3.1/../../../../arm-none-eabi/lib/thumb/v7e-m/fpv5/hard\libc_nano.a(lib_a-memcpy-stub.o)
                0x000000000800cb04                memcpy
 .text._Balloc  0x000000000800cb1a       0x68 c:/st/stm32cubeide_1.3.0/stm32cubeide/plugins/com.st.stm32cube.ide.mcu.externaltools.gnu-tools-for-stm32.7-2018-q2-update.win32_1.0.0.201904181610/tools/bin/../lib/gcc/arm-none-eabi/7.3.1/../../../../arm-none-eabi/lib/thumb/v7e-m/fpv5/hard\libc_nano.a(lib_a-mprec.o)
                0x000000000800cb1a                _Balloc
 .text._Bfree   0x000000000800cb82       0x2e c:/st/stm32cubeide_1.3.0/stm32cubeide/plugins/com.st.stm32cube.ide.mcu.externaltools.gnu-tools-for-stm32.7-2018-q2-update.win32_1.0.0.201904181610/tools/bin/../lib/gcc/arm-none-eabi/7.3.1/../../../../arm-none-eabi/lib/thumb/v7e-m/fpv5/hard\libc_nano.a(lib_a-mprec.o)
                0x000000000800cb82                _Bfree
 .text.__multadd
                0x000000000800cbb0       0x76 c:/st/stm32cubeide_1.3.0/stm32cubeide/plugins/com.st.stm32cube.ide.mcu.externaltools.gnu-tools-for-stm32.7-2018-q2-update.win32_1.0.0.201904181610/tools/bin/../lib/gcc/arm-none-eabi/7.3.1/../../../../arm-none-eabi/lib/thumb/v7e-m/fpv5/hard\libc_nano.a(lib_a-mprec.o)
                0x000000000800cbb0                __multadd
 .text.__hi0bits
                0x000000000800cc26       0x3e c:/st/stm32cubeide_1.3.0/stm32cubeide/plugins/com.st.stm32cube.ide.mcu.externaltools.gnu-tools-for-stm32.7-2018-q2-update.win32_1.0.0.201904181610/tools/bin/../lib/gcc/arm-none-eabi/7.3.1/../../../../arm-none-eabi/lib/thumb/v7e-m/fpv5/hard\libc_nano.a(lib_a-mprec.o)
                0x000000000800cc26                __hi0bits
 .text.__lo0bits
                0x000000000800cc64       0x5e c:/st/stm32cubeide_1.3.0/stm32cubeide/plugins/com.st.stm32cube.ide.mcu.externaltools.gnu-tools-for-stm32.7-2018-q2-update.win32_1.0.0.201904181610/tools/bin/../lib/gcc/arm-none-eabi/7.3.1/../../../../arm-none-eabi/lib/thumb/v7e-m/fpv5/hard\libc_nano.a(lib_a-mprec.o)
                0x000000000800cc64                __lo0bits
 .text.__i2b    0x000000000800ccc2       0x12 c:/st/stm32cubeide_1.3.0/stm32cubeide/plugins/com.st.stm32cube.ide.mcu.externaltools.gnu-tools-for-stm32.7-2018-q2-update.win32_1.0.0.201904181610/tools/bin/../lib/gcc/arm-none-eabi/7.3.1/../../../../arm-none-eabi/lib/thumb/v7e-m/fpv5/hard\libc_nano.a(lib_a-mprec.o)
                0x000000000800ccc2                __i2b
 .text.__multiply
                0x000000000800ccd4      0x12c c:/st/stm32cubeide_1.3.0/stm32cubeide/plugins/com.st.stm32cube.ide.mcu.externaltools.gnu-tools-for-stm32.7-2018-q2-update.win32_1.0.0.201904181610/tools/bin/../lib/gcc/arm-none-eabi/7.3.1/../../../../arm-none-eabi/lib/thumb/v7e-m/fpv5/hard\libc_nano.a(lib_a-mprec.o)
                0x000000000800ccd4                __multiply
 .text.__pow5mult
                0x000000000800ce00       0x9c c:/st/stm32cubeide_1.3.0/stm32cubeide/plugins/com.st.stm32cube.ide.mcu.externaltools.gnu-tools-for-stm32.7-2018-q2-update.win32_1.0.0.201904181610/tools/bin/../lib/gcc/arm-none-eabi/7.3.1/../../../../arm-none-eabi/lib/thumb/v7e-m/fpv5/hard\libc_nano.a(lib_a-mprec.o)
                0x000000000800ce00                __pow5mult
 .text.__lshift
                0x000000000800ce9c       0xa8 c:/st/stm32cubeide_1.3.0/stm32cubeide/plugins/com.st.stm32cube.ide.mcu.externaltools.gnu-tools-for-stm32.7-2018-q2-update.win32_1.0.0.201904181610/tools/bin/../lib/gcc/arm-none-eabi/7.3.1/../../../../arm-none-eabi/lib/thumb/v7e-m/fpv5/hard\libc_nano.a(lib_a-mprec.o)
                0x000000000800ce9c                __lshift
 .text.__mcmp   0x000000000800cf44       0x34 c:/st/stm32cubeide_1.3.0/stm32cubeide/plugins/com.st.stm32cube.ide.mcu.externaltools.gnu-tools-for-stm32.7-2018-q2-update.win32_1.0.0.201904181610/tools/bin/../lib/gcc/arm-none-eabi/7.3.1/../../../../arm-none-eabi/lib/thumb/v7e-m/fpv5/hard\libc_nano.a(lib_a-mprec.o)
                0x000000000800cf44                __mcmp
 .text.__mdiff  0x000000000800cf78       0xba c:/st/stm32cubeide_1.3.0/stm32cubeide/plugins/com.st.stm32cube.ide.mcu.externaltools.gnu-tools-for-stm32.7-2018-q2-update.win32_1.0.0.201904181610/tools/bin/../lib/gcc/arm-none-eabi/7.3.1/../../../../arm-none-eabi/lib/thumb/v7e-m/fpv5/hard\libc_nano.a(lib_a-mprec.o)
                0x000000000800cf78                __mdiff
 .text.__d2b    0x000000000800d032       0x9e c:/st/stm32cubeide_1.3.0/stm32cubeide/plugins/com.st.stm32cube.ide.mcu.externaltools.gnu-tools-for-stm32.7-2018-q2-update.win32_1.0.0.201904181610/tools/bin/../lib/gcc/arm-none-eabi/7.3.1/../../../../arm-none-eabi/lib/thumb/v7e-m/fpv5/hard\libc_nano.a(lib_a-mprec.o)
                0x000000000800d032                __d2b
 .text._calloc_r
                0x000000000800d0d0       0x1c c:/st/stm32cubeide_1.3.0/stm32cubeide/plugins/com.st.stm32cube.ide.mcu.externaltools.gnu-tools-for-stm32.7-2018-q2-update.win32_1.0.0.201904181610/tools/bin/../lib/gcc/arm-none-eabi/7.3.1/../../../../arm-none-eabi/lib/thumb/v7e-m/fpv5/hard\libc_nano.a(lib_a-nano-callocr.o)
                0x000000000800d0d0                _calloc_r
 .text._free_r  0x000000000800d0ec       0x9c c:/st/stm32cubeide_1.3.0/stm32cubeide/plugins/com.st.stm32cube.ide.mcu.externaltools.gnu-tools-for-stm32.7-2018-q2-update.win32_1.0.0.201904181610/tools/bin/../lib/gcc/arm-none-eabi/7.3.1/../../../../arm-none-eabi/lib/thumb/v7e-m/fpv5/hard\libc_nano.a(lib_a-nano-freer.o)
                0x000000000800d0ec                _free_r
 .text._malloc_r
                0x000000000800d188       0xb4 c:/st/stm32cubeide_1.3.0/stm32cubeide/plugins/com.st.stm32cube.ide.mcu.externaltools.gnu-tools-for-stm32.7-2018-q2-update.win32_1.0.0.201904181610/tools/bin/../lib/gcc/arm-none-eabi/7.3.1/../../../../arm-none-eabi/lib/thumb/v7e-m/fpv5/hard\libc_nano.a(lib_a-nano-mallocr.o)
                0x000000000800d188                _malloc_r
 .text.__ssputs_r
                0x000000000800d23c       0xb4 c:/st/stm32cubeide_1.3.0/stm32cubeide/plugins/com.st.stm32cube.ide.mcu.externaltools.gnu-tools-for-stm32.7-2018-q2-update.win32_1.0.0.201904181610/tools/bin/../lib/gcc/arm-none-eabi/7.3.1/../../../../arm-none-eabi/lib/thumb/v7e-m/fpv5/hard\libc_nano.a(lib_a-nano-svfprintf.o)
                0x000000000800d23c                __ssputs_r
 .text._svfprintf_r
                0x000000000800d2f0      0x1f0 c:/st/stm32cubeide_1.3.0/stm32cubeide/plugins/com.st.stm32cube.ide.mcu.externaltools.gnu-tools-for-stm32.7-2018-q2-update.win32_1.0.0.201904181610/tools/bin/../lib/gcc/arm-none-eabi/7.3.1/../../../../arm-none-eabi/lib/thumb/v7e-m/fpv5/hard\libc_nano.a(lib_a-nano-svfprintf.o)
                0x000000000800d2f0                _svfiprintf_r
                0x000000000800d2f0                _svfprintf_r
 .text._sbrk_r  0x000000000800d4e0       0x20 c:/st/stm32cubeide_1.3.0/stm32cubeide/plugins/com.st.stm32cube.ide.mcu.externaltools.gnu-tools-for-stm32.7-2018-q2-update.win32_1.0.0.201904181610/tools/bin/../lib/gcc/arm-none-eabi/7.3.1/../../../../arm-none-eabi/lib/thumb/v7e-m/fpv5/hard\libc_nano.a(lib_a-sbrkr.o)
                0x000000000800d4e0                _sbrk_r
 .text.__ascii_mbtowc
                0x000000000800d500       0x24 c:/st/stm32cubeide_1.3.0/stm32cubeide/plugins/com.st.stm32cube.ide.mcu.externaltools.gnu-tools-for-stm32.7-2018-q2-update.win32_1.0.0.201904181610/tools/bin/../lib/gcc/arm-none-eabi/7.3.1/../../../../arm-none-eabi/lib/thumb/v7e-m/fpv5/hard\libc_nano.a(lib_a-mbtowc_r.o)
                0x000000000800d500                __ascii_mbtowc
 .text.memmove  0x000000000800d524       0x32 c:/st/stm32cubeide_1.3.0/stm32cubeide/plugins/com.st.stm32cube.ide.mcu.externaltools.gnu-tools-for-stm32.7-2018-q2-update.win32_1.0.0.201904181610/tools/bin/../lib/gcc/arm-none-eabi/7.3.1/../../../../arm-none-eabi/lib/thumb/v7e-m/fpv5/hard\libc_nano.a(lib_a-memmove.o)
                0x000000000800d524                memmove
 .text.__malloc_lock
                0x000000000800d556        0x2 c:/st/stm32cubeide_1.3.0/stm32cubeide/plugins/com.st.stm32cube.ide.mcu.externaltools.gnu-tools-for-stm32.7-2018-q2-update.win32_1.0.0.201904181610/tools/bin/../lib/gcc/arm-none-eabi/7.3.1/../../../../arm-none-eabi/lib/thumb/v7e-m/fpv5/hard\libc_nano.a(lib_a-mlock.o)
                0x000000000800d556                __malloc_lock
 .text.__malloc_unlock
                0x000000000800d558        0x2 c:/st/stm32cubeide_1.3.0/stm32cubeide/plugins/com.st.stm32cube.ide.mcu.externaltools.gnu-tools-for-stm32.7-2018-q2-update.win32_1.0.0.201904181610/tools/bin/../lib/gcc/arm-none-eabi/7.3.1/../../../../arm-none-eabi/lib/thumb/v7e-m/fpv5/hard\libc_nano.a(lib_a-mlock.o)
                0x000000000800d558                __malloc_unlock
 .text._realloc_r
                0x000000000800d55a       0x4c c:/st/stm32cubeide_1.3.0/stm32cubeide/plugins/com.st.stm32cube.ide.mcu.externaltools.gnu-tools-for-stm32.7-2018-q2-update.win32_1.0.0.201904181610/tools/bin/../lib/gcc/arm-none-eabi/7.3.1/../../../../arm-none-eabi/lib/thumb/v7e-m/fpv5/hard\libc_nano.a(lib_a-nano-reallocr.o)
                0x000000000800d55a                _realloc_r
 .text.__ascii_wctomb
                0x000000000800d5a6       0x1a c:/st/stm32cubeide_1.3.0/stm32cubeide/plugins/com.st.stm32cube.ide.mcu.externaltools.gnu-tools-for-stm32.7-2018-q2-update.win32_1.0.0.201904181610/tools/bin/../lib/gcc/arm-none-eabi/7.3.1/../../../../arm-none-eabi/lib/thumb/v7e-m/fpv5/hard\libc_nano.a(lib_a-wctomb_r.o)
                0x000000000800d5a6                __ascii_wctomb
 .text._malloc_usable_size_r
                0x000000000800d5c0       0x10 c:/st/stm32cubeide_1.3.0/stm32cubeide/plugins/com.st.stm32cube.ide.mcu.externaltools.gnu-tools-for-stm32.7-2018-q2-update.win32_1.0.0.201904181610/tools/bin/../lib/gcc/arm-none-eabi/7.3.1/../../../../arm-none-eabi/lib/thumb/v7e-m/fpv5/hard\libc_nano.a(lib_a-nano-msizer.o)
                0x000000000800d5c0                _malloc_usable_size_r
 .text.cos      0x000000000800d5d0       0x78 c:/st/stm32cubeide_1.3.0/stm32cubeide/plugins/com.st.stm32cube.ide.mcu.externaltools.gnu-tools-for-stm32.7-2018-q2-update.win32_1.0.0.201904181610/tools/bin/../lib/gcc/arm-none-eabi/7.3.1/../../../../arm-none-eabi/lib/thumb/v7e-m/fpv5/hard\libm.a(lib_a-s_cos.o)
                0x000000000800d5d0                cos
 .text.sin      0x000000000800d648       0x78 c:/st/stm32cubeide_1.3.0/stm32cubeide/plugins/com.st.stm32cube.ide.mcu.externaltools.gnu-tools-for-stm32.7-2018-q2-update.win32_1.0.0.201904181610/tools/bin/../lib/gcc/arm-none-eabi/7.3.1/../../../../arm-none-eabi/lib/thumb/v7e-m/fpv5/hard\libm.a(lib_a-s_sin.o)
                0x000000000800d648                sin
 .text.log10    0x000000000800d6c0       0xdc c:/st/stm32cubeide_1.3.0/stm32cubeide/plugins/com.st.stm32cube.ide.mcu.externaltools.gnu-tools-for-stm32.7-2018-q2-update.win32_1.0.0.201904181610/tools/bin/../lib/gcc/arm-none-eabi/7.3.1/../../../../arm-none-eabi/lib/thumb/v7e-m/fpv5/hard\libm.a(lib_a-w_log10.o)
                0x000000000800d6c0                log10
 *fill*         0x000000000800d79c        0x4 
 .text.pow      0x000000000800d7a0      0x25c c:/st/stm32cubeide_1.3.0/stm32cubeide/plugins/com.st.stm32cube.ide.mcu.externaltools.gnu-tools-for-stm32.7-2018-q2-update.win32_1.0.0.201904181610/tools/bin/../lib/gcc/arm-none-eabi/7.3.1/../../../../arm-none-eabi/lib/thumb/v7e-m/fpv5/hard\libm.a(lib_a-w_pow.o)
                0x000000000800d7a0                pow
 *fill*         0x000000000800d9fc        0x4 
 .text.__ieee754_log10
                0x000000000800da00       0xec c:/st/stm32cubeide_1.3.0/stm32cubeide/plugins/com.st.stm32cube.ide.mcu.externaltools.gnu-tools-for-stm32.7-2018-q2-update.win32_1.0.0.201904181610/tools/bin/../lib/gcc/arm-none-eabi/7.3.1/../../../../arm-none-eabi/lib/thumb/v7e-m/fpv5/hard\libm.a(lib_a-e_log10.o)
                0x000000000800da00                __ieee754_log10
 *fill*         0x000000000800daec        0x4 
 .text.__ieee754_pow
                0x000000000800daf0      0x70c c:/st/stm32cubeide_1.3.0/stm32cubeide/plugins/com.st.stm32cube.ide.mcu.externaltools.gnu-tools-for-stm32.7-2018-q2-update.win32_1.0.0.201904181610/tools/bin/../lib/gcc/arm-none-eabi/7.3.1/../../../../arm-none-eabi/lib/thumb/v7e-m/fpv5/hard\libm.a(lib_a-e_pow.o)
                0x000000000800daf0                __ieee754_pow
 *fill*         0x000000000800e1fc        0x4 
 .text.__ieee754_rem_pio2
                0x000000000800e200      0x278 c:/st/stm32cubeide_1.3.0/stm32cubeide/plugins/com.st.stm32cube.ide.mcu.externaltools.gnu-tools-for-stm32.7-2018-q2-update.win32_1.0.0.201904181610/tools/bin/../lib/gcc/arm-none-eabi/7.3.1/../../../../arm-none-eabi/lib/thumb/v7e-m/fpv5/hard\libm.a(lib_a-e_rem_pio2.o)
                0x000000000800e200                __ieee754_rem_pio2
 .text.__ieee754_sqrt
                0x000000000800e478        0x6 c:/st/stm32cubeide_1.3.0/stm32cubeide/plugins/com.st.stm32cube.ide.mcu.externaltools.gnu-tools-for-stm32.7-2018-q2-update.win32_1.0.0.201904181610/tools/bin/../lib/gcc/arm-none-eabi/7.3.1/../../../../arm-none-eabi/lib/thumb/v7e-m/fpv5/hard\libm.a(lib_a-e_sqrt.o)
                0x000000000800e478                __ieee754_sqrt
 *fill*         0x000000000800e47e        0x2 
 .text.__kernel_cos
                0x000000000800e480       0xd8 c:/st/stm32cubeide_1.3.0/stm32cubeide/plugins/com.st.stm32cube.ide.mcu.externaltools.gnu-tools-for-stm32.7-2018-q2-update.win32_1.0.0.201904181610/tools/bin/../lib/gcc/arm-none-eabi/7.3.1/../../../../arm-none-eabi/lib/thumb/v7e-m/fpv5/hard\libm.a(lib_a-k_cos.o)
                0x000000000800e480                __kernel_cos
 .text.__kernel_rem_pio2
                0x000000000800e558      0x538 c:/st/stm32cubeide_1.3.0/stm32cubeide/plugins/com.st.stm32cube.ide.mcu.externaltools.gnu-tools-for-stm32.7-2018-q2-update.win32_1.0.0.201904181610/tools/bin/../lib/gcc/arm-none-eabi/7.3.1/../../../../arm-none-eabi/lib/thumb/v7e-m/fpv5/hard\libm.a(lib_a-k_rem_pio2.o)
                0x000000000800e558                __kernel_rem_pio2
 .text.__kernel_sin
                0x000000000800ea90       0xb0 c:/st/stm32cubeide_1.3.0/stm32cubeide/plugins/com.st.stm32cube.ide.mcu.externaltools.gnu-tools-for-stm32.7-2018-q2-update.win32_1.0.0.201904181610/tools/bin/../lib/gcc/arm-none-eabi/7.3.1/../../../../arm-none-eabi/lib/thumb/v7e-m/fpv5/hard\libm.a(lib_a-k_sin.o)
                0x000000000800ea90                __kernel_sin
 .text.fabs     0x000000000800eb40       0x12 c:/st/stm32cubeide_1.3.0/stm32cubeide/plugins/com.st.stm32cube.ide.mcu.externaltools.gnu-tools-for-stm32.7-2018-q2-update.win32_1.0.0.201904181610/tools/bin/../lib/gcc/arm-none-eabi/7.3.1/../../../../arm-none-eabi/lib/thumb/v7e-m/fpv5/hard\libm.a(lib_a-s_fabs.o)
                0x000000000800eb40                fabs
 .text.finite   0x000000000800eb52       0x10 c:/st/stm32cubeide_1.3.0/stm32cubeide/plugins/com.st.stm32cube.ide.mcu.externaltools.gnu-tools-for-stm32.7-2018-q2-update.win32_1.0.0.201904181610/tools/bin/../lib/gcc/arm-none-eabi/7.3.1/../../../../arm-none-eabi/lib/thumb/v7e-m/fpv5/hard\libm.a(lib_a-s_finite.o)
                0x000000000800eb52                finite
 *fill*         0x000000000800eb62        0x6 
 .text.floor    0x000000000800eb68       0xf0 c:/st/stm32cubeide_1.3.0/stm32cubeide/plugins/com.st.stm32cube.ide.mcu.externaltools.gnu-tools-for-stm32.7-2018-q2-update.win32_1.0.0.201904181610/tools/bin/../lib/gcc/arm-none-eabi/7.3.1/../../../../arm-none-eabi/lib/thumb/v7e-m/fpv5/hard\libm.a(lib_a-s_floor.o)
                0x000000000800eb68                floor
 .text.matherr  0x000000000800ec58        0x4 c:/st/stm32cubeide_1.3.0/stm32cubeide/plugins/com.st.stm32cube.ide.mcu.externaltools.gnu-tools-for-stm32.7-2018-q2-update.win32_1.0.0.201904181610/tools/bin/../lib/gcc/arm-none-eabi/7.3.1/../../../../arm-none-eabi/lib/thumb/v7e-m/fpv5/hard\libm.a(lib_a-s_matherr.o)
                0x000000000800ec58                matherr
 *fill*         0x000000000800ec5c        0x4 
 .text.nan      0x000000000800ec60       0x10 c:/st/stm32cubeide_1.3.0/stm32cubeide/plugins/com.st.stm32cube.ide.mcu.externaltools.gnu-tools-for-stm32.7-2018-q2-update.win32_1.0.0.201904181610/tools/bin/../lib/gcc/arm-none-eabi/7.3.1/../../../../arm-none-eabi/lib/thumb/v7e-m/fpv5/hard\libm.a(lib_a-s_nan.o)
                0x000000000800ec60                nan
 .text.rint     0x000000000800ec70      0x114 c:/st/stm32cubeide_1.3.0/stm32cubeide/plugins/com.st.stm32cube.ide.mcu.externaltools.gnu-tools-for-stm32.7-2018-q2-update.win32_1.0.0.201904181610/tools/bin/../lib/gcc/arm-none-eabi/7.3.1/../../../../arm-none-eabi/lib/thumb/v7e-m/fpv5/hard\libm.a(lib_a-s_rint.o)
                0x000000000800ec70                rint
 *fill*         0x000000000800ed84        0x4 
 .text.scalbn   0x000000000800ed88       0xfc c:/st/stm32cubeide_1.3.0/stm32cubeide/plugins/com.st.stm32cube.ide.mcu.externaltools.gnu-tools-for-stm32.7-2018-q2-update.win32_1.0.0.201904181610/tools/bin/../lib/gcc/arm-none-eabi/7.3.1/../../../../arm-none-eabi/lib/thumb/v7e-m/fpv5/hard\libm.a(lib_a-s_scalbn.o)
                0x000000000800ed88                scalbn
 *fill*         0x000000000800ee84        0x4 
 .text.__ieee754_log
                0x000000000800ee88      0x234 c:/st/stm32cubeide_1.3.0/stm32cubeide/plugins/com.st.stm32cube.ide.mcu.externaltools.gnu-tools-for-stm32.7-2018-q2-update.win32_1.0.0.201904181610/tools/bin/../lib/gcc/arm-none-eabi/7.3.1/../../../../arm-none-eabi/lib/thumb/v7e-m/fpv5/hard\libm.a(lib_a-e_log.o)
                0x000000000800ee88                __ieee754_log
 .text.copysign
                0x000000000800f0bc       0x1e c:/st/stm32cubeide_1.3.0/stm32cubeide/plugins/com.st.stm32cube.ide.mcu.externaltools.gnu-tools-for-stm32.7-2018-q2-update.win32_1.0.0.201904181610/tools/bin/../lib/gcc/arm-none-eabi/7.3.1/../../../../arm-none-eabi/lib/thumb/v7e-m/fpv5/hard\libm.a(lib_a-s_copysign.o)
                0x000000000800f0bc                copysign
 *(.glue_7)
 .glue_7        0x000000000800f0da        0x0 linker stubs
 *(.glue_7t)
 .glue_7t       0x000000000800f0da        0x0 linker stubs
 *(.eh_frame)
 *fill*         0x000000000800f0da        0x2 
 .eh_frame      0x000000000800f0dc        0x0 c:/st/stm32cubeide_1.3.0/stm32cubeide/plugins/com.st.stm32cube.ide.mcu.externaltools.gnu-tools-for-stm32.7-2018-q2-update.win32_1.0.0.201904181610/tools/bin/../lib/gcc/arm-none-eabi/7.3.1/thumb/v7e-m/fpv5/hard/crtbegin.o
 *(.init)
 .init          0x000000000800f0dc        0x4 c:/st/stm32cubeide_1.3.0/stm32cubeide/plugins/com.st.stm32cube.ide.mcu.externaltools.gnu-tools-for-stm32.7-2018-q2-update.win32_1.0.0.201904181610/tools/bin/../lib/gcc/arm-none-eabi/7.3.1/thumb/v7e-m/fpv5/hard/crti.o
                0x000000000800f0dc                _init
 .init          0x000000000800f0e0        0x8 c:/st/stm32cubeide_1.3.0/stm32cubeide/plugins/com.st.stm32cube.ide.mcu.externaltools.gnu-tools-for-stm32.7-2018-q2-update.win32_1.0.0.201904181610/tools/bin/../lib/gcc/arm-none-eabi/7.3.1/thumb/v7e-m/fpv5/hard/crtn.o
 *(.fini)
 .fini          0x000000000800f0e8        0x4 c:/st/stm32cubeide_1.3.0/stm32cubeide/plugins/com.st.stm32cube.ide.mcu.externaltools.gnu-tools-for-stm32.7-2018-q2-update.win32_1.0.0.201904181610/tools/bin/../lib/gcc/arm-none-eabi/7.3.1/thumb/v7e-m/fpv5/hard/crti.o
                0x000000000800f0e8                _fini
 .fini          0x000000000800f0ec        0x8 c:/st/stm32cubeide_1.3.0/stm32cubeide/plugins/com.st.stm32cube.ide.mcu.externaltools.gnu-tools-for-stm32.7-2018-q2-update.win32_1.0.0.201904181610/tools/bin/../lib/gcc/arm-none-eabi/7.3.1/thumb/v7e-m/fpv5/hard/crtn.o
                0x000000000800f0f4                . = ALIGN (0x4)
                0x000000000800f0f4                _etext = .

.vfp11_veneer   0x000000000800f0f4        0x0
 .vfp11_veneer  0x000000000800f0f4        0x0 linker stubs

.v4_bx          0x000000000800f0f4        0x0
 .v4_bx         0x000000000800f0f4        0x0 linker stubs

.iplt           0x000000000800f0f4        0x0
 .iplt          0x000000000800f0f4        0x0 c:/st/stm32cubeide_1.3.0/stm32cubeide/plugins/com.st.stm32cube.ide.mcu.externaltools.gnu-tools-for-stm32.7-2018-q2-update.win32_1.0.0.201904181610/tools/bin/../lib/gcc/arm-none-eabi/7.3.1/thumb/v7e-m/fpv5/hard/crtbegin.o

.rodata         0x000000000800f0f8     0xf3f8
                0x000000000800f0f8                . = ALIGN (0x4)
 *(.rodata)
 *(.rodata*)
 .rodata.FFTmaskAM_I
                0x000000000800f0f8     0x2000 Core/Src/SDR_func.o
                0x000000000800f0f8                FFTmaskAM_I
 .rodata.FFTmaskAM_R
                0x00000000080110f8     0x2000 Core/Src/SDR_func.o
                0x00000000080110f8                FFTmaskAM_R
 .rodata.FFTmaskCW_I
                0x00000000080130f8     0x2000 Core/Src/SDR_func.o
                0x00000000080130f8                FFTmaskCW_I
 .rodata.FFTmaskCW_R
                0x00000000080150f8     0x2000 Core/Src/SDR_func.o
                0x00000000080150f8                FFTmaskCW_R
 .rodata.FFTmaskSSB_I
                0x00000000080170f8     0x2000 Core/Src/SDR_func.o
                0x00000000080170f8                FFTmaskSSB_I
 .rodata.FFTmaskSSB_R
                0x00000000080190f8     0x2000 Core/Src/SDR_func.o
                0x00000000080190f8                FFTmaskSSB_R
 .rodata.pBws   0x000000000801b0f8        0xe Core/Src/SDR_func.o
 *fill*         0x000000000801b106        0x2 
 .rodata.pFreqs
                0x000000000801b108       0x38 Core/Src/SDR_func.o
 .rodata.pModes
                0x000000000801b140        0xe Core/Src/SDR_func.o
 *fill*         0x000000000801b14e        0x2 
 .rodata.DisplayStatus.str1.4
                0x000000000801b150       0x9a Core/Src/main.o
 *fill*         0x000000000801b1ea        0x2 
 .rodata.UserInput.str1.4
                0x000000000801b1ec        0xc Core/Src/main.o
                                          0xa (size before relaxing)
 .rodata.D1CorePrescTable
                0x000000000801b1f8       0x10 Core/Src/system_stm32h7xx.o
                0x000000000801b1f8                D1CorePrescTable
 .rodata.flagBitshiftOffset.11932
                0x000000000801b208        0x8 Drivers/STM32H7xx_HAL_Driver/Src/stm32h7xx_hal_dma.o
 .rodata.CSWTCH.421
                0x000000000801b210       0x29 Drivers/STM32H7xx_HAL_Driver/Src/stm32h7xx_hal_uart.o
 *fill*         0x000000000801b239        0x3 
 .rodata.CSWTCH.422
                0x000000000801b23c        0x6 Drivers/STM32H7xx_HAL_Driver/Src/stm32h7xx_hal_uart.o
 *fill*         0x000000000801b242        0x2 
 .rodata.CSWTCH.429
                0x000000000801b244        0x6 Drivers/STM32H7xx_HAL_Driver/Src/stm32h7xx_hal_uart.o
 *fill*         0x000000000801b24a        0x2 
 .rodata.arm_cfft_sR_f32_len1024
                0x000000000801b24c       0x10 C:\Users\albytest\STM32Cube\Repository\STM32Cube_FW_H7_V1.7.0\Drivers\CMSIS/Lib/GCC\libarm_cortexM7lfsp_math.a(arm_const_structs.o)
                0x000000000801b24c                arm_cfft_sR_f32_len1024
 .rodata.twiddleCoef_1024
                0x000000000801b25c     0x2000 C:\Users\albytest\STM32Cube\Repository\STM32Cube_FW_H7_V1.7.0\Drivers\CMSIS/Lib/GCC\libarm_cortexM7lfsp_math.a(arm_common_tables.o)
                0x000000000801b25c                twiddleCoef_1024
 .rodata.armBitRevIndexTable1024
                0x000000000801d25c      0xe10 C:\Users\albytest\STM32Cube\Repository\STM32Cube_FW_H7_V1.7.0\Drivers\CMSIS/Lib/GCC\libarm_cortexM7lfsp_math.a(arm_common_tables.o)
                0x000000000801d25c                armBitRevIndexTable1024
 .rodata._printf_float.str1.1
                0x000000000801e06c       0x10 c:/st/stm32cubeide_1.3.0/stm32cubeide/plugins/com.st.stm32cube.ide.mcu.externaltools.gnu-tools-for-stm32.7-2018-q2-update.win32_1.0.0.201904181610/tools/bin/../lib/gcc/arm-none-eabi/7.3.1/../../../../arm-none-eabi/lib/thumb/v7e-m/fpv5/hard\libc_nano.a(lib_a-nano-vfprintf_float.o)
                                         0x12 (size before relaxing)
 .rodata._printf_i.str1.1
                0x000000000801e07c       0x22 c:/st/stm32cubeide_1.3.0/stm32cubeide/plugins/com.st.stm32cube.ide.mcu.externaltools.gnu-tools-for-stm32.7-2018-q2-update.win32_1.0.0.201904181610/tools/bin/../lib/gcc/arm-none-eabi/7.3.1/../../../../arm-none-eabi/lib/thumb/v7e-m/fpv5/hard\libc_nano.a(lib_a-nano-vfprintf_i.o)
 .rodata._dtoa_r.str1.1
                0x000000000801e09e        0xd c:/st/stm32cubeide_1.3.0/stm32cubeide/plugins/com.st.stm32cube.ide.mcu.externaltools.gnu-tools-for-stm32.7-2018-q2-update.win32_1.0.0.201904181610/tools/bin/../lib/gcc/arm-none-eabi/7.3.1/../../../../arm-none-eabi/lib/thumb/v7e-m/fpv5/hard\libc_nano.a(lib_a-dtoa.o)
                                          0xf (size before relaxing)
 *fill*         0x000000000801e0ab        0x5 
 .rodata.__mprec_bigtens
                0x000000000801e0b0       0x28 c:/st/stm32cubeide_1.3.0/stm32cubeide/plugins/com.st.stm32cube.ide.mcu.externaltools.gnu-tools-for-stm32.7-2018-q2-update.win32_1.0.0.201904181610/tools/bin/../lib/gcc/arm-none-eabi/7.3.1/../../../../arm-none-eabi/lib/thumb/v7e-m/fpv5/hard\libc_nano.a(lib_a-mprec.o)
                0x000000000801e0b0                __mprec_bigtens
 .rodata.__mprec_tens
                0x000000000801e0d8       0xc8 c:/st/stm32cubeide_1.3.0/stm32cubeide/plugins/com.st.stm32cube.ide.mcu.externaltools.gnu-tools-for-stm32.7-2018-q2-update.win32_1.0.0.201904181610/tools/bin/../lib/gcc/arm-none-eabi/7.3.1/../../../../arm-none-eabi/lib/thumb/v7e-m/fpv5/hard\libc_nano.a(lib_a-mprec.o)
                0x000000000801e0d8                __mprec_tens
 .rodata.p05.7359
                0x000000000801e1a0        0xc c:/st/stm32cubeide_1.3.0/stm32cubeide/plugins/com.st.stm32cube.ide.mcu.externaltools.gnu-tools-for-stm32.7-2018-q2-update.win32_1.0.0.201904181610/tools/bin/../lib/gcc/arm-none-eabi/7.3.1/../../../../arm-none-eabi/lib/thumb/v7e-m/fpv5/hard\libc_nano.a(lib_a-mprec.o)
 .rodata._svfprintf_r.str1.1
                0x000000000801e1ac       0x11 c:/st/stm32cubeide_1.3.0/stm32cubeide/plugins/com.st.stm32cube.ide.mcu.externaltools.gnu-tools-for-stm32.7-2018-q2-update.win32_1.0.0.201904181610/tools/bin/../lib/gcc/arm-none-eabi/7.3.1/../../../../arm-none-eabi/lib/thumb/v7e-m/fpv5/hard\libc_nano.a(lib_a-nano-svfprintf.o)
 .rodata._setlocale_r.str1.1
                0x000000000801e1bd        0x8 c:/st/stm32cubeide_1.3.0/stm32cubeide/plugins/com.st.stm32cube.ide.mcu.externaltools.gnu-tools-for-stm32.7-2018-q2-update.win32_1.0.0.201904181610/tools/bin/../lib/gcc/arm-none-eabi/7.3.1/../../../../arm-none-eabi/lib/thumb/v7e-m/fpv5/hard\libc_nano.a(lib_a-locale.o)
                                          0x9 (size before relaxing)
 .rodata.str1.1
                0x000000000801e1c5        0x2 c:/st/stm32cubeide_1.3.0/stm32cubeide/plugins/com.st.stm32cube.ide.mcu.externaltools.gnu-tools-for-stm32.7-2018-q2-update.win32_1.0.0.201904181610/tools/bin/../lib/gcc/arm-none-eabi/7.3.1/../../../../arm-none-eabi/lib/thumb/v7e-m/fpv5/hard\libc_nano.a(lib_a-locale.o)
 .rodata._ctype_
                0x000000000801e1c7      0x101 c:/st/stm32cubeide_1.3.0/stm32cubeide/plugins/com.st.stm32cube.ide.mcu.externaltools.gnu-tools-for-stm32.7-2018-q2-update.win32_1.0.0.201904181610/tools/bin/../lib/gcc/arm-none-eabi/7.3.1/../../../../arm-none-eabi/lib/thumb/v7e-m/fpv5/hard\libc_nano.a(lib_a-ctype_.o)
                0x000000000801e1c7                _ctype_
 .rodata.log10.str1.1
                0x000000000801e2c8        0x6 c:/st/stm32cubeide_1.3.0/stm32cubeide/plugins/com.st.stm32cube.ide.mcu.externaltools.gnu-tools-for-stm32.7-2018-q2-update.win32_1.0.0.201904181610/tools/bin/../lib/gcc/arm-none-eabi/7.3.1/../../../../arm-none-eabi/lib/thumb/v7e-m/fpv5/hard\libm.a(lib_a-w_log10.o)
                                          0x7 (size before relaxing)
 .rodata.pow.str1.1
                0x000000000801e2ce        0x4 c:/st/stm32cubeide_1.3.0/stm32cubeide/plugins/com.st.stm32cube.ide.mcu.externaltools.gnu-tools-for-stm32.7-2018-q2-update.win32_1.0.0.201904181610/tools/bin/../lib/gcc/arm-none-eabi/7.3.1/../../../../arm-none-eabi/lib/thumb/v7e-m/fpv5/hard\libm.a(lib_a-w_pow.o)
 .rodata.__ieee754_pow.str1.1
                0x000000000801e2d2        0x1 c:/st/stm32cubeide_1.3.0/stm32cubeide/plugins/com.st.stm32cube.ide.mcu.externaltools.gnu-tools-for-stm32.7-2018-q2-update.win32_1.0.0.201904181610/tools/bin/../lib/gcc/arm-none-eabi/7.3.1/../../../../arm-none-eabi/lib/thumb/v7e-m/fpv5/hard\libm.a(lib_a-e_pow.o)
 *fill*         0x000000000801e2d2        0x6 
 .rodata.bp     0x000000000801e2d8       0x10 c:/st/stm32cubeide_1.3.0/stm32cubeide/plugins/com.st.stm32cube.ide.mcu.externaltools.gnu-tools-for-stm32.7-2018-q2-update.win32_1.0.0.201904181610/tools/bin/../lib/gcc/arm-none-eabi/7.3.1/../../../../arm-none-eabi/lib/thumb/v7e-m/fpv5/hard\libm.a(lib_a-e_pow.o)
 .rodata.dp_h   0x000000000801e2e8       0x10 c:/st/stm32cubeide_1.3.0/stm32cubeide/plugins/com.st.stm32cube.ide.mcu.externaltools.gnu-tools-for-stm32.7-2018-q2-update.win32_1.0.0.201904181610/tools/bin/../lib/gcc/arm-none-eabi/7.3.1/../../../../arm-none-eabi/lib/thumb/v7e-m/fpv5/hard\libm.a(lib_a-e_pow.o)
 .rodata.dp_l   0x000000000801e2f8       0x10 c:/st/stm32cubeide_1.3.0/stm32cubeide/plugins/com.st.stm32cube.ide.mcu.externaltools.gnu-tools-for-stm32.7-2018-q2-update.win32_1.0.0.201904181610/tools/bin/../lib/gcc/arm-none-eabi/7.3.1/../../../../arm-none-eabi/lib/thumb/v7e-m/fpv5/hard\libm.a(lib_a-e_pow.o)
 .rodata.npio2_hw
                0x000000000801e308       0x80 c:/st/stm32cubeide_1.3.0/stm32cubeide/plugins/com.st.stm32cube.ide.mcu.externaltools.gnu-tools-for-stm32.7-2018-q2-update.win32_1.0.0.201904181610/tools/bin/../lib/gcc/arm-none-eabi/7.3.1/../../../../arm-none-eabi/lib/thumb/v7e-m/fpv5/hard\libm.a(lib_a-e_rem_pio2.o)
 .rodata.two_over_pi
                0x000000000801e388      0x108 c:/st/stm32cubeide_1.3.0/stm32cubeide/plugins/com.st.stm32cube.ide.mcu.externaltools.gnu-tools-for-stm32.7-2018-q2-update.win32_1.0.0.201904181610/tools/bin/../lib/gcc/arm-none-eabi/7.3.1/../../../../arm-none-eabi/lib/thumb/v7e-m/fpv5/hard\libm.a(lib_a-e_rem_pio2.o)
 .rodata.PIo2   0x000000000801e490       0x40 c:/st/stm32cubeide_1.3.0/stm32cubeide/plugins/com.st.stm32cube.ide.mcu.externaltools.gnu-tools-for-stm32.7-2018-q2-update.win32_1.0.0.201904181610/tools/bin/../lib/gcc/arm-none-eabi/7.3.1/../../../../arm-none-eabi/lib/thumb/v7e-m/fpv5/hard\libm.a(lib_a-k_rem_pio2.o)
 .rodata.init_jk
                0x000000000801e4d0       0x10 c:/st/stm32cubeide_1.3.0/stm32cubeide/plugins/com.st.stm32cube.ide.mcu.externaltools.gnu-tools-for-stm32.7-2018-q2-update.win32_1.0.0.201904181610/tools/bin/../lib/gcc/arm-none-eabi/7.3.1/../../../../arm-none-eabi/lib/thumb/v7e-m/fpv5/hard\libm.a(lib_a-k_rem_pio2.o)
 .rodata.TWO52  0x000000000801e4e0       0x10 c:/st/stm32cubeide_1.3.0/stm32cubeide/plugins/com.st.stm32cube.ide.mcu.externaltools.gnu-tools-for-stm32.7-2018-q2-update.win32_1.0.0.201904181610/tools/bin/../lib/gcc/arm-none-eabi/7.3.1/../../../../arm-none-eabi/lib/thumb/v7e-m/fpv5/hard\libm.a(lib_a-s_rint.o)
                0x000000000801e4f0                . = ALIGN (0x4)

.ARM.extab      0x000000000801e4f0        0x0
                0x000000000801e4f0                . = ALIGN (0x4)
 *(.ARM.extab* .gnu.linkonce.armextab.*)
                0x000000000801e4f0                . = ALIGN (0x4)

.ARM            0x000000000801e4f0        0x8
                0x000000000801e4f0                . = ALIGN (0x4)
                0x000000000801e4f0                __exidx_start = .
 *(.ARM.exidx*)
 .ARM.exidx     0x000000000801e4f0        0x8 c:/st/stm32cubeide_1.3.0/stm32cubeide/plugins/com.st.stm32cube.ide.mcu.externaltools.gnu-tools-for-stm32.7-2018-q2-update.win32_1.0.0.201904181610/tools/bin/../lib/gcc/arm-none-eabi/7.3.1/thumb/v7e-m/fpv5/hard\libgcc.a(_udivmoddi4.o)
                0x000000000801e4f8                __exidx_end = .
                0x000000000801e4f8                . = ALIGN (0x4)

.rel.dyn        0x000000000801e4f8        0x0
 .rel.iplt      0x000000000801e4f8        0x0 c:/st/stm32cubeide_1.3.0/stm32cubeide/plugins/com.st.stm32cube.ide.mcu.externaltools.gnu-tools-for-stm32.7-2018-q2-update.win32_1.0.0.201904181610/tools/bin/../lib/gcc/arm-none-eabi/7.3.1/thumb/v7e-m/fpv5/hard/crtbegin.o

.preinit_array  0x000000000801e4f8        0x0
                0x000000000801e4f8                . = ALIGN (0x4)
                0x000000000801e4f8                PROVIDE (__preinit_array_start = .)
 *(.preinit_array*)
                0x000000000801e4f8                PROVIDE (__preinit_array_end = .)
                0x000000000801e4f8                . = ALIGN (0x4)

.init_array     0x000000000801e4f8        0x4
                0x000000000801e4f8                . = ALIGN (0x4)
                0x000000000801e4f8                PROVIDE (__init_array_start = .)
 *(SORT_BY_NAME(.init_array.*))
 *(.init_array*)
 .init_array    0x000000000801e4f8        0x4 c:/st/stm32cubeide_1.3.0/stm32cubeide/plugins/com.st.stm32cube.ide.mcu.externaltools.gnu-tools-for-stm32.7-2018-q2-update.win32_1.0.0.201904181610/tools/bin/../lib/gcc/arm-none-eabi/7.3.1/thumb/v7e-m/fpv5/hard/crtbegin.o
                0x000000000801e4fc                PROVIDE (__init_array_end = .)
                0x000000000801e4fc                . = ALIGN (0x4)

.fini_array     0x000000000801e4fc        0x4
                0x000000000801e4fc                . = ALIGN (0x4)
                [!provide]                        PROVIDE (__fini_array_start = .)
 *(SORT_BY_NAME(.fini_array.*))
 *(.fini_array*)
 .fini_array    0x000000000801e4fc        0x4 c:/st/stm32cubeide_1.3.0/stm32cubeide/plugins/com.st.stm32cube.ide.mcu.externaltools.gnu-tools-for-stm32.7-2018-q2-update.win32_1.0.0.201904181610/tools/bin/../lib/gcc/arm-none-eabi/7.3.1/thumb/v7e-m/fpv5/hard/crtbegin.o
                [!provide]                        PROVIDE (__fini_array_end = .)
                0x000000000801e500                . = ALIGN (0x4)
                0x000000000801e500                _sidata = LOADADDR (.data)

.data           0x0000000024000000      0x3dc load address 0x000000000801e500
                0x0000000024000000                . = ALIGN (0x4)
                0x0000000024000000                _sdata = .
 *(.data)
 *(.data*)
 .data.Idx.14418
                0x0000000024000000        0x1 Core/Src/SDR_func.o
 *fill*         0x0000000024000001        0x3 
 .data.pNames   0x0000000024000004       0xe0 Core/Src/SDR_func.o
 .data.gain.14279
                0x00000000240000e4        0x4 Core/Src/SDR_math.o
 .data.oldfreq.14273
                0x00000000240000e8        0x4 Core/Src/SDR_math.o
 .data.pk.14372
                0x00000000240000ec        0x4 Core/Src/SDR_math.o
 .data.pk.14385
                0x00000000240000f0        0x4 Core/Src/SDR_math.o
 .data.ym1i.14274
                0x00000000240000f4        0x4 Core/Src/SDR_math.o
 .data.FIRcoefs
                0x00000000240000f8      0x100 Core/Src/main.o
                0x00000000240000f8                FIRcoefs
 .data.SystemCoreClock
                0x00000000240001f8        0x4 Core/Src/system_stm32h7xx.o
                0x00000000240001f8                SystemCoreClock
 .data.SystemD2Clock
                0x00000000240001fc        0x4 Core/Src/system_stm32h7xx.o
                0x00000000240001fc                SystemD2Clock
 .data.uwTickFreq
                0x0000000024000200        0x1 Drivers/STM32H7xx_HAL_Driver/Src/stm32h7xx_hal.o
                0x0000000024000200                uwTickFreq
 *fill*         0x0000000024000201        0x3 
 .data.uwTickPrio
                0x0000000024000204        0x4 Drivers/STM32H7xx_HAL_Driver/Src/stm32h7xx_hal.o
                0x0000000024000204                uwTickPrio
 .data._impure_ptr
                0x0000000024000208        0x4 c:/st/stm32cubeide_1.3.0/stm32cubeide/plugins/com.st.stm32cube.ide.mcu.externaltools.gnu-tools-for-stm32.7-2018-q2-update.win32_1.0.0.201904181610/tools/bin/../lib/gcc/arm-none-eabi/7.3.1/../../../../arm-none-eabi/lib/thumb/v7e-m/fpv5/hard\libc_nano.a(lib_a-impure.o)
                0x0000000024000208                _impure_ptr
 .data.impure_data
                0x000000002400020c       0x60 c:/st/stm32cubeide_1.3.0/stm32cubeide/plugins/com.st.stm32cube.ide.mcu.externaltools.gnu-tools-for-stm32.7-2018-q2-update.win32_1.0.0.201904181610/tools/bin/../lib/gcc/arm-none-eabi/7.3.1/../../../../arm-none-eabi/lib/thumb/v7e-m/fpv5/hard\libc_nano.a(lib_a-impure.o)
 .data.__global_locale
                0x000000002400026c      0x16c c:/st/stm32cubeide_1.3.0/stm32cubeide/plugins/com.st.stm32cube.ide.mcu.externaltools.gnu-tools-for-stm32.7-2018-q2-update.win32_1.0.0.201904181610/tools/bin/../lib/gcc/arm-none-eabi/7.3.1/../../../../arm-none-eabi/lib/thumb/v7e-m/fpv5/hard\libc_nano.a(lib_a-locale.o)
                0x000000002400026c                __global_locale
 .data.__fdlib_version
                0x00000000240003d8        0x1 c:/st/stm32cubeide_1.3.0/stm32cubeide/plugins/com.st.stm32cube.ide.mcu.externaltools.gnu-tools-for-stm32.7-2018-q2-update.win32_1.0.0.201904181610/tools/bin/../lib/gcc/arm-none-eabi/7.3.1/../../../../arm-none-eabi/lib/thumb/v7e-m/fpv5/hard\libm.a(lib_a-s_lib_ver.o)
                0x00000000240003d8                __fdlib_version
                0x00000000240003dc                . = ALIGN (0x4)
 *fill*         0x00000000240003d9        0x3 
                0x00000000240003dc                _edata = .

.igot.plt       0x00000000240003dc        0x0 load address 0x000000000801e8dc
 .igot.plt      0x00000000240003dc        0x0 c:/st/stm32cubeide_1.3.0/stm32cubeide/plugins/com.st.stm32cube.ide.mcu.externaltools.gnu-tools-for-stm32.7-2018-q2-update.win32_1.0.0.201904181610/tools/bin/../lib/gcc/arm-none-eabi/7.3.1/thumb/v7e-m/fpv5/hard/crtbegin.o
                0x00000000240003dc                . = ALIGN (0x4)

.bss            0x00000000240003e0     0xd2c8 load address 0x000000000801e8dc
                0x00000000240003e0                _sbss = .
                0x00000000240003e0                __bss_start__ = _sbss
 *(.bss)
 .bss           0x00000000240003e0       0x1c c:/st/stm32cubeide_1.3.0/stm32cubeide/plugins/com.st.stm32cube.ide.mcu.externaltools.gnu-tools-for-stm32.7-2018-q2-update.win32_1.0.0.201904181610/tools/bin/../lib/gcc/arm-none-eabi/7.3.1/thumb/v7e-m/fpv5/hard/crtbegin.o
 *(.bss*)
 .bss.idx.14429
                0x00000000240003fc        0x2 Core/Src/SDR_func.o
 *fill*         0x00000000240003fe        0x2 
 .bss.inE1Iold.14451
                0x0000000024000400        0x4 Core/Src/SDR_func.o
 .bss.inE1Rold.14449
                0x0000000024000404        0x4 Core/Src/SDR_func.o
 .bss.inE2Iold.14452
                0x0000000024000408        0x4 Core/Src/SDR_func.o
 .bss.inE2Rold.14450
                0x000000002400040c        0x4 Core/Src/SDR_func.o
 .bss.inE3Iold.14462
                0x0000000024000410        0x4 Core/Src/SDR_func.o
 .bss.inE3Rold.14461
                0x0000000024000414        0x4 Core/Src/SDR_func.o
 .bss.inE4Iold.14468
                0x0000000024000418        0x4 Core/Src/SDR_func.o
 .bss.inE4Rold.14467
                0x000000002400041c        0x4 Core/Src/SDR_func.o
 .bss.inE5Iold.14474
                0x0000000024000420        0x4 Core/Src/SDR_func.o
 .bss.inE5Rold.14473
                0x0000000024000424        0x4 Core/Src/SDR_func.o
 .bss.inE6Iold.14480
                0x0000000024000428        0x4 Core/Src/SDR_func.o
 .bss.inE6Rold.14479
                0x000000002400042c        0x4 Core/Src/SDR_func.o
 .bss.inO1Iold.14455
                0x0000000024000430        0x4 Core/Src/SDR_func.o
 .bss.inO1Iold2.14458
                0x0000000024000434        0x4 Core/Src/SDR_func.o
 .bss.inO1Rold.14453
                0x0000000024000438        0x4 Core/Src/SDR_func.o
 .bss.inO1Rold2.14457
                0x000000002400043c        0x4 Core/Src/SDR_func.o
 .bss.inO2Iold.14456
                0x0000000024000440        0x4 Core/Src/SDR_func.o
 .bss.inO2Iold2.14460
                0x0000000024000444        0x4 Core/Src/SDR_func.o
 .bss.inO2Rold.14454
                0x0000000024000448        0x4 Core/Src/SDR_func.o
 .bss.inO2Rold2.14459
                0x000000002400044c        0x4 Core/Src/SDR_func.o
 .bss.inO3Iold.14464
                0x0000000024000450        0x4 Core/Src/SDR_func.o
 .bss.inO3Iold2.14466
                0x0000000024000454        0x4 Core/Src/SDR_func.o
 .bss.inO3Rold.14463
                0x0000000024000458        0x4 Core/Src/SDR_func.o
 .bss.inO3Rold2.14465
                0x000000002400045c        0x4 Core/Src/SDR_func.o
 .bss.inO4Iold.14472
                0x0000000024000460        0x4 Core/Src/SDR_func.o
 .bss.inO4Iold2.14470
                0x0000000024000464        0x4 Core/Src/SDR_func.o
 .bss.inO4Rold.14471
                0x0000000024000468        0x4 Core/Src/SDR_func.o
 .bss.inO4Rold2.14469
                0x000000002400046c        0x4 Core/Src/SDR_func.o
 .bss.inO5Iold.14478
                0x0000000024000470        0x4 Core/Src/SDR_func.o
 .bss.inO5Iold2.14476