09:06:58 **** Incremental Build of configuration Debug for project ArmRadioH7 ****
make -j4 all 
arm-none-eabi-gcc "../Core/Src/SDR_func.c" -mcpu=cortex-m7 -std=gnu11 -g3 -DUSE_HAL_DRIVER -DARM_MATH_CM7 -DSTM32H743xx -DDEBUG -c -I../Drivers/CMSIS/Include -I../Core/Inc -I../Drivers/STM32H7xx_HAL_Driver/Inc/Legacy -I../Drivers/CMSIS/Device/ST/STM32H7xx/Include -I../Drivers/STM32H7xx_HAL_Driver/Inc -IC:/Users/albytest/STM32Cube/Repository/STM32Cube_FW_H7_V1.7.0/Drivers/CMSIS/DSP/Include -Ofast -ffunction-sections -fdata-sections -Wall -fstack-usage -MMD -MP -MF"Core/Src/SDR_func.d" -MT"Core/Src/SDR_func.o" --specs=nano.specs -mfpu=fpv5-d16 -mfloat-abi=hard -mthumb -o "Core/Src/SDR_func.o"
arm-none-eabi-gcc "../Core/Src/SDR_math.c" -mcpu=cortex-m7 -std=gnu11 -g3 -DUSE_HAL_DRIVER -DARM_MATH_CM7 -DSTM32H743xx -DDEBUG -c -I../Drivers/CMSIS/Include -I../Core/Inc -I../Drivers/STM32H7xx_HAL_Driver/Inc/Legacy -I../Drivers/CMSIS/Device/ST/STM32H7xx/Include -I../Drivers/STM32H7xx_HAL_Driver/Inc -IC:/Users/albytest/STM32Cube/Repository/STM32Cube_FW_H7_V1.7.0/Drivers/CMSIS/DSP/Include -Ofast -ffunction-sections -fdata-sections -Wall -fstack-usage -MMD -MP -MF"Core/Src/SDR_math.d" -MT"Core/Src/SDR_math.o" --specs=nano.specs -mfpu=fpv5-d16 -mfloat-abi=hard -mthumb -o "Core/Src/SDR_math.o"
arm-none-eabi-gcc "../Core/Src/main.c" -mcpu=cortex-m7 -std=gnu11 -g3 -DUSE_HAL_DRIVER -DARM_MATH_CM7 -DSTM32H743xx -DDEBUG -c -I../Drivers/CMSIS/Include -I../Core/Inc -I../Drivers/STM32H7xx_HAL_Driver/Inc/Legacy -I../Drivers/CMSIS/Device/ST/STM32H7xx/Include -I../Drivers/STM32H7xx_HAL_Driver/Inc -IC:/Users/albytest/STM32Cube/Repository/STM32Cube_FW_H7_V1.7.0/Drivers/CMSIS/DSP/Include -Ofast -ffunction-sections -fdata-sections -Wall -fstack-usage -MMD -MP -MF"Core/Src/main.d" -MT"Core/Src/main.o" --specs=nano.specs -mfpu=fpv5-d16 -mfloat-abi=hard -mthumb -o "Core/Src/main.o"
arm-none-eabi-gcc "../Core/Src/stm32h7xx_hal_msp.c" -mcpu=cortex-m7 -std=gnu11 -g3 -DUSE_HAL_DRIVER -DARM_MATH_CM7 -DSTM32H743xx -DDEBUG -c -I../Drivers/CMSIS/Include -I../Core/Inc -I../Drivers/STM32H7xx_HAL_Driver/Inc/Legacy -I../Drivers/CMSIS/Device/ST/STM32H7xx/Include -I../Drivers/STM32H7xx_HAL_Driver/Inc -IC:/Users/albytest/STM32Cube/Repository/STM32Cube_FW_H7_V1.7.0/Drivers/CMSIS/DSP/Include -Ofast -ffunction-sections -fdata-sections -Wall -fstack-usage -MMD -MP -MF"Core/Src/stm32h7xx_hal_msp.d" -MT"Core/Src/stm32h7xx_hal_msp.o" --specs=nano.specs -mfpu=fpv5-d16 -mfloat-abi=hard -mthumb -o "Core/Src/stm32h7xx_hal_msp.o"
../Core/Src/SDR_func.c: In function 'Tune_Preset':
../Core/Src/SDR_func.c:68:12: warning: variable 'Hz' set but not used [-Wunused-but-set-variable]
   int kHz, Hz;
            ^~
../Core/Src/SDR_func.c: In function 'HAL_GPIO_EXTI_Callback':
../Core/Src/SDR_func.c:363:34: warning: passing argument 2 of 'SDR_float_to_DAC_audio' discards 'volatile' qualifier from pointer target type [-Wdiscarded-qualifiers]
   SDR_float_to_DAC_audio(fAudio, ValidAudioHalf, BSIZE);
                                  ^~~~~~~~~~~~~~
In file included from ../Core/Inc/main.h:38:0,
                 from ../Core/Src/SDR_func.c:25:
../Core/Inc/SDR_math.h:35:14: note: expected 'short int *' but argument is of type 'volatile short int *'
 extern void  SDR_float_to_DAC_audio(float *pSrc, short *pDst, uint16_t blockSize);
              ^~~~~~~~~~~~~~~~~~~~~~
../Core/Src/SDR_func.c:251:11: warning: unused variable 'p' [-Wunused-variable]
   short  *p;
           ^
arm-none-eabi-gcc "../Core/Src/stm32h7xx_it.c" -mcpu=cortex-m7 -std=gnu11 -g3 -DUSE_HAL_DRIVER -DARM_MATH_CM7 -DSTM32H743xx -DDEBUG -c -I../Drivers/CMSIS/Include -I../Core/Inc -I../Drivers/STM32H7xx_HAL_Driver/Inc/Legacy -I../Drivers/CMSIS/Device/ST/STM32H7xx/Include -I../Drivers/STM32H7xx_HAL_Driver/Inc -IC:/Users/albytest/STM32Cube/Repository/STM32Cube_FW_H7_V1.7.0/Drivers/CMSIS/DSP/Include -Ofast -ffunction-sections -fdata-sections -Wall -fstack-usage -MMD -MP -MF"Core/Src/stm32h7xx_it.d" -MT"Core/Src/stm32h7xx_it.o" --specs=nano.specs -mfpu=fpv5-d16 -mfloat-abi=hard -mthumb -o "Core/Src/stm32h7xx_it.o"
../Core/Src/SDR_func.c: In function 'ADC_Stream0_Handler':
../Core/Src/SDR_func.c:583:104: warning: 'tmp5I' may be used uninitialized in this function [-Wmaybe-uninitialized]
     outR=(inOR+6.f*inO6Rold+inO6Rold2+4.f*(inER+inE6Rold)); outI=(inOI+6.f*inO6Iold+inO6Iold2+4.f*(inEI+inE6Iold));
                                                                                                   ~~~~~^~~~~~~~~~
../Core/Src/SDR_func.c:583:48: warning: 'tmp5R' may be used uninitialized in this function [-Wmaybe-uninitialized]
     outR=(inOR+6.f*inO6Rold+inO6Rold2+4.f*(inER+inE6Rold)); outI=(inOI+6.f*inO6Iold+inO6Iold2+4.f*(inEI+inE6Iold));
                                           ~~~~~^~~~~~~~~~
../Core/Src/SDR_func.c:561:106: warning: 'tmp4I' may be used uninitialized in this function [-Wmaybe-uninitialized]
       outR=(inOR+6.f*inO5Rold+inO5Rold2+4.f*(inER+inE5Rold)); outI=(inOI+6.f*inO5Iold+inO5Iold2+4.f*(inEI+inE5Iold));
                                                                                                     ~~~~~^~~~~~~~~~
../Core/Src/SDR_func.c:561:50: warning: 'tmp4R' may be used uninitialized in this function [-Wmaybe-uninitialized]
       outR=(inOR+6.f*inO5Rold+inO5Rold2+4.f*(inER+inE5Rold)); outI=(inOI+6.f*inO5Iold+inO5Iold2+4.f*(inEI+inE5Iold));
                                             ~~~~~^~~~~~~~~~
../Core/Src/SDR_func.c:544:106: warning: 'tmp3I' may be used uninitialized in this function [-Wmaybe-uninitialized]
       outR=(inOR+6.f*inO4Rold+inO4Rold2+4.f*(inER+inE4Rold)); outI=(inOI+6.f*inO4Iold+inO4Iold2+4.f*(inEI+inE4Iold));
                                                                                                     ~~~~~^~~~~~~~~~
../Core/Src/SDR_func.c:544:50: warning: 'tmp3R' may be used uninitialized in this function [-Wmaybe-uninitialized]
       outR=(inOR+6.f*inO4Rold+inO4Rold2+4.f*(inER+inE4Rold)); outI=(inOI+6.f*inO4Iold+inO4Iold2+4.f*(inEI+inE4Iold));
                                             ~~~~~^~~~~~~~~~
../Core/Src/SDR_func.c:526:104: warning: 'tmp2I' may be used uninitialized in this function [-Wmaybe-uninitialized]
     outR=(inOR+6.f*inO3Rold+inO3Rold2+4.f*(inER+inE3Rold)); outI=(inOI+6.f*inO3Iold+inO3Iold2+4.f*(inEI+inE3Iold));
                                                                                                   ~~~~~^~~~~~~~~~
../Core/Src/SDR_func.c:526:48: warning: 'tmp2R' may be used uninitialized in this function [-Wmaybe-uninitialized]
     outR=(inOR+6.f*inO3Rold+inO3Rold2+4.f*(inER+inE3Rold)); outI=(inOI+6.f*inO3Iold+inO3Iold2+4.f*(inEI+inE3Iold));
                                           ~~~~~^~~~~~~~~~
../Core/Src/SDR_func.c:509:104: warning: 'tmp1I' may be used uninitialized in this function [-Wmaybe-uninitialized]
     outR=(inOR+6.f*inO2Rold+inO2Rold2+4.f*(inER+inE2Rold)); outI=(inOI+6.f*inO2Iold+inO2Iold2+4.f*(inEI+inE2Iold));
                                                                                                   ~~~~~^~~~~~~~~~
../Core/Src/SDR_func.c:509:48: warning: 'tmp1R' may be used uninitialized in this function [-Wmaybe-uninitialized]
     outR=(inOR+6.f*inO2Rold+inO2Rold2+4.f*(inER+inE2Rold)); outI=(inOI+6.f*inO2Iold+inO2Iold2+4.f*(inEI+inE2Iold));
                                           ~~~~~^~~~~~~~~~
../Core/Src/stm32h7xx_it.c: In function 'SVC_Handler':
../Core/Src/stm32h7xx_it.c:153:2: warning: implicit declaration of function 'EXTI1_IRQHandler'; did you mean 'EXTI15_10_IRQHandler'? [-Wimplicit-function-declaration]
  EXTI1_IRQHandler();
  ^~~~~~~~~~~~~~~~
  EXTI15_10_IRQHandler
arm-none-eabi-gcc -o "ArmRadioH7.elf" @"objects.list"  -l"arm_cortexM7lfsp_math" -mcpu=cortex-m7 -T"C:\Users\albytest\STM32CubeIDE\workspaceArmRadioH7\ArmRadioH7\STM32H743ZITX_FLASH-DTCM.ld" --specs=nosys.specs -Wl,-Map="ArmRadioH7.map" -Wl,--gc-sections -static -L"C:\Users\albytest\STM32Cube\Repository\STM32Cube_FW_H7_V1.7.0\Drivers\CMSIS/Lib/GCC" --specs=nano.specs -mfpu=fpv5-d16 -mfloat-abi=hard -mthumb -u _printf_float -Wl,--start-group -lc -lm -Wl,--end-group
Finished building target: ArmRadioH7.elf
 
arm-none-eabi-objdump -h -S  ArmRadioH7.elf  > "ArmRadioH7.list"
arm-none-eabi-objcopy  -O binary  ArmRadioH7.elf  "ArmRadioH7.bin"
arm-none-eabi-size   ArmRadioH7.elf 
   text	   data	    bss	    dec	    hex	filename
 122708	  62436	  55336	 240480	  3ab60	ArmRadioH7.elf
Finished building: default.size.stdout
 
Finished building: ArmRadioH7.list
 
Finished building: ArmRadioH7.bin
 

09:07:06 Build Finished. 0 errors, 14 warnings. (took 7s.961ms)

