18:31:42 **** Incremental Build of configuration Debug for project test2 ****
make -j4 all 
arm-none-eabi-gcc "../Core/Src/main.c" -mcpu=cortex-m7 -std=gnu11 -g3 -DUSE_HAL_DRIVER -DSTM32H743xx -DDEBUG -c -I../Drivers/CMSIS/Include -I../Core/Inc -I../Drivers/STM32H7xx_HAL_Driver/Inc/Legacy -I../Drivers/CMSIS/Device/ST/STM32H7xx/Include -I../Drivers/STM32H7xx_HAL_Driver/Inc -O0 -ffunction-sections -fdata-sections -Wall -fstack-usage -MMD -MP -MF"Core/Src/main.d" -MT"Core/Src/main.o" --specs=nano.specs -mfpu=fpv5-d16 -mfloat-abi=hard -mthumb -o "Core/Src/main.o"
arm-none-eabi-gcc -o "test2.elf" @"objects.list"   -mcpu=cortex-m7 -T"C:\Users\albytest\STM32CubeIDE\workspaceArmRadioH7\test2\STM32H743ZITX_FLASH.ld" --specs=nosys.specs -Wl,-Map="test2.map" -Wl,--gc-sections -static --specs=nano.specs -mfpu=fpv5-d16 -mfloat-abi=hard -mthumb -Wl,--start-group -lc -lm -Wl,--end-group
Finished building target: test2.elf
 
arm-none-eabi-objdump -h -S  test2.elf  > "test2.list"
arm-none-eabi-objcopy  -O binary  test2.elf  "test2.bin"
arm-none-eabi-size   test2.elf 
   text	   data	    bss	    dec	    hex	filename
  30804	     24	   3976	  34804	   87f4	test2.elf
Finished building: default.size.stdout
 
Finished building: test2.bin
 
Finished building: test2.list
 

18:31:46 Build Finished. 0 errors, 0 warnings. (took 4s.406ms)

